===============================
    Starting Anwin Version 3 Server
===============================
[CLEAN] Xoa thu muc out...
[BUILD] Compiling source... (javac = C:\Program Files\Common Files\Oracle\Java\javapath\javac.exe)
Note: Annotation processing is enabled because one or more processors were found
  on the class path. A future release of javac may disable annotation processing
  unless at least one processor is specified by name (-processor), or a search
  path is specified (--processor-path, --processor-module-path), or annotation
  processing is enabled explicitly (-proc:only, -proc:full).
  Use -Xlint:-options to suppress this message.
  Use -proc:none to disable annotation processing.
F:\NgocRong\Server\src\nro\entity\player\Player.java:159: warning: Not generating setSession(): A method with that name already exists
    private MySession session;
                      ^
F:\NgocRong\Server\src\nro\entity\player\Player.java:158: warning: Not generating getSession(): A method with that name already exists
    @Getter
    ^
F:\NgocRong\Server\src\nro\entity\map\the23rdmartialartcongress\The23rdMartialArtCongress.java:42: warning: Not generating setBoss(): A method with that name already exists
    private Boss boss;
                 ^
F:\NgocRong\Server\src\nro\entity\map\the23rdmartialartcongress\The23rdMartialArtCongress.java:48: warning: Not generating setTime(): A method with that name already exists
    private int time;
                ^
F:\NgocRong\Server\src\nro\entity\map\the23rdmartialartcongress\The23rdMartialArtCongress.java:52: warning: Not generating setTimeWait(): A method with that name already exists
    private int timeWait;
                ^
F:\NgocRong\Server\src\nro\entity\map\Zone.java:54: warning: Not generating getNonInteractiveNPCs(): A method with that name already exists
    @Getter
    ^
F:\NgocRong\Server\src\nro\entity\map\Zone.java:56: warning: Not generating getHumanoids(): A method with that name already exists
    @Getter
    ^
F:\NgocRong\Server\src\nro\entity\map\Zone.java:58: warning: Not generating getNotBosses(): A method with that name already exists
    @Getter
    ^
F:\NgocRong\Server\src\nro\entity\map\Zone.java:60: warning: Not generating getPlayers(): A method with that name already exists
    @Getter
    ^
F:\NgocRong\Server\src\nro\entity\map\Zone.java:62: warning: Not generating getBosses(): A method with that name already exists
    @Getter
    ^
Note: Some input files use or override a deprecated API.
Note: Recompile with -Xlint:deprecation for details.
Note: Some input files use unchecked or unsafe operations.
Note: Recompile with -Xlint:unchecked for details.
10 warnings
[OK] Build thanh cong!
[RES] Copy icons/images...
[RUN] Starting server...
[0;32m────────────────────────────────────────────────────────────[0m
[0;32m[1m▶ SERVER START[0m
[0;32m────────────────────────────────────────────────────────────[0m
[0;32m[15:24:16] [SERVER]       Khởi động ServerManagerUI[0m
[0;32m[15:24:17] [LOG]          Chạy thành công tệp properties!
[0m[0;32m[15:24:18] [LOG]          Có lỗi xảy ra khi thực thi câu lệnh: ALTER TABLE `task_badges_template` ADD COLUMN `loai` varchar(20) NOT NULL DEFAULT ''
[0m[0;32m[15:24:18] [LOG]          Có lỗi xảy ra khi thực thi câu lệnh: ALTER TABLE `task_badges_template` ADD COLUMN `tham_so` int(11) NOT NULL DEFAULT -1
[0m[0;35m[1m[15:24:18] [CONNECT]      Starting Server Engine...[0m
[0;32m[15:24:18] [SERVER_UI]    Đang gọi ServerManager.gI().run()[0m
[0;32m────────────────────────────────────────────────────────────[0m
[0;32m[1m▶ KHỞI TẠO SERVER[0m
[0;32m────────────────────────────────────────────────────────────[0m
[0;32m────────────────────────────────────────────────────────────[0m
[0;32m[1m▶ BACKUP[0m
[0;32m────────────────────────────────────────────────────────────[0m
[0;32m[15:24:19] [OK]           Successfully loaded part (1983)
[0m[0;32m[15:24:19] [OK]           Loaded bg item template (470) successfully
[0m[0;32m[15:24:19] [OK]           Successfully loaded map item template (2451)
[0m[0;32m[15:24:19] [OK]           Successfully loaded map item option template (322)
[0m[0;32m[15:24:19] [OK]           Loaded clan (30) successfully, clan next id : 1347455 successfully
[0m[0;32m[15:24:19] [OK]           Loaded new skills (3) successfully
[0m[0;32m[15:24:19] [OK]           Loaded head_avatar (533) successfully
[0m[0;32m[15:24:19] [OK]           Loaded flag_bag (220) successfully
[0m[0;32m[15:24:19] [OK]           Successfully loaded arr head 2 frames (57)
[0m[0;32m[15:24:19] [OK]           Loaded intrinsic (27) successfully
[0m[0;32m[15:24:19] [OK]           Loaded task_main_template (33) successfully
[0m[0;32m[15:24:19] [OK]           Loaded archievement_template (20) successfully
[0m[0;32m[15:24:19] [OK]           Loaded side_task_template (59) successfully
[0m[0;32m[15:24:19] [OK]           Loaded side_task_clan (59) successfully
[0m[0;35m[1m[15:24:20] [BACKUP]       Sao lưu source thành công | file=backupsrc/src_backup_20260829_152419.zip[0m
[0;35m[1m[15:24:20] [BACKUP]       Đang sao lưu database | db=awnv3 | file=backupsql/awnv3_backup_20260829_152420.sql[0m
[0;32m[15:24:20] [OK]           Loaded shop (57) successfully
[0m[0;32m[15:24:20] [OK]           Successfully loaded images by name (342)
[0m[0;32m[15:24:20] [OK]           Successfully loaded mount (74)
[0m[0;32m[15:24:20] [OK]           Successfully loaded event task (59)
[0m[0;32m[15:24:20] [OK]           Loaded task badges (21) successfully
[0m[0;32m[15:24:20] [OK]           Loaded badges template (17) successfully
[0m[0;32m[15:24:20] [OK]           Loaded mob template (127) successfully
[0m[0;32m[15:24:20] [OK]           Loaded npc_template (118) successfully
[0m[0;32m[15:24:20] [OK]           Successfully loaded map template (248)
[0m[0;32m[15:24:20] [LOG]          Loaded shop_ky_gui (5) successfully
[0m[0;32m[15:24:20] [OK]           Loaded notify (2) successfully
[0m[0;32m[15:24:20] [OK]           Successfully loaded radar template (21)
[0m[0;32m[15:24:20] [LOG]          Tổng thời gian load Database 1552(ms)
[0m[0;32m[1m[15:24:20] [BACKUP_DB]    Sao lưu database thành công | file=backupsql/awnv3_backup_20260829_152420.sql[0m
[0;32m[15:24:20] [SCHEDULE]     Đã đặt lịch reset clan hằng ngày lúc 00:00[0m
[0;34m[1m════════════════════════════════════════════════════════════[0m
[0;34m[1m▶ ANTI_DDOS | KHỞI TẠO BẢO VỆ[0m
[0;34m[1m════════════════════════════════════════════════════════════[0m
[0;34m[1m[15:24:20] [ANTI_DDOS]    Anti-DDOS đã được khởi tạo thành công | max=30/s | block=120s[0m
[0;35m[1m[15:24:21] [CONNECT]      Finish connect Server | db=awnv3[0m
[0;32m[15:24:21] [LOG]          LOAD GIFTCODE (0) SUCCESS
[0m[0;32m────────────────────────────────────────────────────────────[0m
[0;32m[1m▶ SERVER ONLINE[0m
[0;32m────────────────────────────────────────────────────────────[0m
[0;32m[15:24:21] [OK]           Server đang chạy tại port 14445
[0m[0;32m[1m[15:24:21] [SERVER]       Server đang chạy tại port 14445[0m
[0;32m[15:24:21] [GAME]         Đang khởi động game loop[0m
[0;32m[15:24:21] [BXH]          Đang bật tự động cập nhật bảng xếp hạng[0m
[0;32m[15:24:21] [AUTO_SAVE]    Đang bật tự động lưu database[0m
[0;32m[15:24:21] [BOT]          Đang khởi động bot hệ thống[0m
[0;32m[15:24:21] [BOT]          Đã bật shop bot thường[0m
[0;32m[15:24:21] [BOT]          Đã bật NewBot_new[0m
[0;32m────────────────────────────────────────────────────────────[0m
[0;32m[1m▶ INIT NGỌC RỒNG NAMEK[0m
[0;32m────────────────────────────────────────────────────────────[0m
[0;32m[1m[15:24:21] [NAMEK]        1 sao    | map=Vách núi Moori              (43) | khu=7   | x=1261  | y=432  [0m
[0;32m[1m[15:24:21] [NAMEK]        2 sao    | map=Nam Guru                    (33) | khu=12  | x=252   | y=240  [0m
[0;32m[1m[15:24:21] [NAMEK]        3 sao    | map=Đông Nam Guru               (34) | khu=2   | x=622   | y=432  [0m
[0;32m[1m[15:24:21] [NAMEK]        4 sao    | map=Thung lũng Maima            (11) | khu=17  | x=423   | y=432  [0m
[0;32m[1m[15:24:21] [NAMEK]        5 sao    | map=Vực maima                   (12) | khu=3   | x=1180  | y=408  [0m
[0;32m[1m[15:24:21] [NAMEK]        6 sao    | map=Đảo Guru                    (13) | khu=11  | x=418   | y=384  [0m
[0;32m[1m[15:24:21] [NAMEK]        7 sao    | map=Thị trấn Moori              (09) | khu=4   | x=412   | y=336  [0m
[0;32m[15:24:21] [THREAD]       Đã bật thread hệ thống chính[0m
[0;32m[15:24:21] [OK]           Đã áp 65 mẫu boss từ bảng boss_data
[0m[0;31m[1m[15:24:21] [ERROR]        boss_spawn: id -1257 (WHIS_TWO) không có lớp nào nhận, bỏ qua
[0m[0;32m[15:24:21] [OK]           Đã dựng 26 loại boss, tổng 30 bản, theo bảng boss_spawn
[0m[0;32m[15:24:21] [BOSS]         Đã bật boss manager thường[0m
>> Đang lưu dữ liệu và đóng kết nối...
>> Server shutting down... Bye!
===============================
    Server da dung
===============================
Press any key to continue . . . 