#
# There is insufficient memory for the Java Runtime Environment to continue.
# Native memory allocation (malloc) failed to allocate 32744 bytes for Chunk::new
# Possible reasons:
#   The system is out of physical RAM or swap space
#   The process is running with CompressedOops enabled, and the Java Heap may be blocking the growth of the native heap
# Possible solutions:
#   Reduce memory load on the system
#   Increase physical memory or swap space
#   Check if swap backing store is full
#   Decrease Java heap size (-Xmx/-Xms)
#   Decrease number of Java threads
#   Decrease Java thread stack sizes (-Xss)
#   Set larger code cache with -XX:ReservedCodeCacheSize=
#   JVM is running with Zero Based Compressed Oops mode in which the Java heap is
#     placed in the first 32GB address space. The Java Heap base address is the
#     maximum limit for the native heap growth. Please use -XX:HeapBaseMinAddress
#     to set the Java Heap base and to place the Java Heap above 32GB virtual address.
# This output file may be truncated or incomplete.
#
#  Out of Memory Error (arena.cpp:168), pid=16256, tid=7812
#
# JRE version: Java(TM) SE Runtime Environment (21.0.12.1+1) (build 21.0.12.1+1-LTS-4)
# Java VM: Java HotSpot(TM) 64-Bit Server VM (21.0.12.1+1-LTS-4, mixed mode, sharing, tiered, compressed oops, compressed class ptrs, g1 gc, windows-amd64)
# No core dump will be written. Minidumps are not enabled by default on client versions of Windows
#

---------------  S U M M A R Y ------------

Command Line: -Xms128m -Xmx3g -Xss256k -XX:CompressedClassSpaceSize=128m -XX:ReservedCodeCacheSize=128m -XX:CICompilerCount=2 -Duser.dir=F:\NgocRong\Server nro.server.ServerManager

Host: 11th Gen Intel(R) Core(TM) i5-11300H @ 3.10GHz, 8 cores, 15G,  Windows 11 , 64 bit Build 26100 (10.0.26100.9168)
Time: Fri Sep  4 14:50:08 2026 SE Asia Standard Time elapsed time: 131.939248 seconds (0d 0h 2m 11s)

---------------  T H R E A D  ---------------

Current thread (0x0000017fae4ff4e0):  JavaThread "C2 CompilerThread0" daemon [_thread_in_native, id=7812, stack(0x000000152cc00000,0x000000152cd00000) (1024K)]


Current CompileTask:
C2: 131939 7954  s    4       nro.service.boss.NhomBossService::nhomCua (61 bytes)

Stack: [0x000000152cc00000,0x000000152cd00000]
Native frames: (J=compiled Java code, j=interpreted, Vv=VM code, C=native code)
V  [jvm.dll+0x6d1079]
V  [jvm.dll+0x860376]
V  [jvm.dll+0x86286e]
V  [jvm.dll+0x862f43]
V  [jvm.dll+0x282bd6]
V  [jvm.dll+0xc67ad]
V  [jvm.dll+0xc6cf1]
V  [jvm.dll+0x65b43d]
V  [jvm.dll+0x65b5d9]
V  [jvm.dll+0x66129b]
V  [jvm.dll+0x662296]
V  [jvm.dll+0x6605bd]
V  [jvm.dll+0x24b3ab]
V  [jvm.dll+0x24ab0f]
V  [jvm.dll+0x1cae8e]
V  [jvm.dll+0x25a7e9]
V  [jvm.dll+0x258d75]
V  [jvm.dll+0x3f5161]
V  [jvm.dll+0x80ad8d]
V  [jvm.dll+0x6cf91d]
C  [ucrtbase.dll+0x2cd30]
C  [KERNEL32.DLL+0x2ccb7]
C  [ntdll.dll+0xaad6c]


---------------  P R O C E S S  ---------------

Threads class SMR info:
_java_thread_list=0x0000017fc34ad5d0, length=97, elements={
0x0000017fae4ee600, 0x0000017fae4f1160, 0x0000017fae4f31e0, 0x0000017fae4f51d0,
0x0000017fae4f8510, 0x0000017fae4fa850, 0x0000017fae4ff4e0, 0x0000017fae501730,
0x0000017fae793290, 0x0000017fae7ab010, 0x0000017fbc0520a0, 0x0000017fbc052930,
0x0000017fbc052fa0, 0x0000017fc317a0f0, 0x0000017fc34a1380, 0x0000017fc39aea80,
0x0000017fc3a64740, 0x0000017fc3c16c80, 0x0000017fc3c158d0, 0x0000017fc354b630,
0x0000017fc354c9e0, 0x0000017fc354bcc0, 0x0000017fc354c350, 0x0000017fc3549560,
0x0000017fc354a910, 0x0000017fc354afa0, 0x0000017fc354d070, 0x0000017fc3549bf0,
0x0000017fc354d700, 0x0000017fc354a280, 0x0000017fc354dd90, 0x0000017fc354fe60,
0x0000017fc354f140, 0x0000017fc354f7d0, 0x0000017fc3550b80, 0x0000017fc354e420,
0x0000017fc35504f0, 0x0000017fc354eab0, 0x0000017fc4eddd30, 0x0000017fc4edb5d0,
0x0000017fc4edd010, 0x0000017fc4edbc60, 0x0000017fc4ede3c0, 0x0000017fc4edd6a0,
0x0000017fc4edaf40, 0x0000017fc4edc2f0, 0x0000017fc4edf0e0, 0x0000017fc4edc980,
0x0000017fc4ee0490, 0x0000017fc4edf770, 0x0000017fc4ee11b0, 0x0000017fc4ee1840,
0x0000017fc4edfe00, 0x0000017fc4ee1ed0, 0x0000017fc4edea50, 0x0000017fc4ee0b20,
0x0000017fc4ee2560, 0x0000017fc4f10850, 0x0000017fc4f101c0, 0x0000017fc4f10ee0,
0x0000017fc4f0e780, 0x0000017fc4f11570, 0x0000017fc4f11c00, 0x0000017fc4f12290,
0x0000017fc4f0fb30, 0x0000017fc4f0ee10, 0x0000017fc4f12920, 0x0000017fc4f0f4a0,
0x0000017fc4f15710, 0x0000017fc4f15080, 0x0000017fc4f15da0, 0x0000017fc4f12fb0,
0x0000017fc4f13640, 0x0000017fc4f13cd0, 0x0000017fc37228b0, 0x0000017fc3720150,
0x0000017fc371f430, 0x0000017fc37207e0, 0x0000017fc3722220, 0x0000017fc3721500,
0x0000017fc3721b90, 0x0000017fc3722f40, 0x0000017fc371fac0, 0x0000017fc37235d0,
0x0000017fc3720e70, 0x0000017fc37242f0, 0x0000017fc3725010, 0x0000017fc3726a50,
0x0000017fc3724980, 0x0000017fc3725d30, 0x0000017fc37263c0, 0x0000017fc37256a0,
0x0000017fc3723c60, 0x0000017fc4f14360, 0x0000017fc4f149f0, 0x0000017fc3c165f0,
0x0000017fc5215100
}

Java Threads: ( => current thread )
  0x0000017fae4ee600 JavaThread "Reference Handler"          daemon [_thread_blocked, id=23724, stack(0x000000152bd80000,0x000000152bdc0000) (256K)]
  0x0000017fae4f1160 JavaThread "Finalizer"                  daemon [_thread_blocked, id=15212, stack(0x000000152bdc0000,0x000000152be00000) (256K)]
  0x0000017fae4f31e0 JavaThread "Signal Dispatcher"          daemon [_thread_blocked, id=18304, stack(0x000000152cb00000,0x000000152cb40000) (256K)]
  0x0000017fae4f51d0 JavaThread "Attach Listener"            daemon [_thread_blocked, id=3496, stack(0x000000152cb40000,0x000000152cb80000) (256K)]
  0x0000017fae4f8510 JavaThread "Service Thread"             daemon [_thread_blocked, id=17432, stack(0x000000152cb80000,0x000000152cbc0000) (256K)]
  0x0000017fae4fa850 JavaThread "Monitor Deflation Thread"   daemon [_thread_blocked, id=13628, stack(0x000000152cbc0000,0x000000152cc00000) (256K)]
=>0x0000017fae4ff4e0 JavaThread "C2 CompilerThread0"         daemon [_thread_in_native, id=7812, stack(0x000000152cc00000,0x000000152cd00000) (1024K)]
  0x0000017fae501730 JavaThread "C1 CompilerThread0"         daemon [_thread_blocked, id=16152, stack(0x000000152cd00000,0x000000152ce00000) (1024K)]
  0x0000017fae793290 JavaThread "Notification Thread"        daemon [_thread_blocked, id=26080, stack(0x000000152ce00000,0x000000152ce40000) (256K)]
  0x0000017fae7ab010 JavaThread "Common-Cleaner"             daemon [_thread_blocked, id=27192, stack(0x000000152ce40000,0x000000152ce80000) (256K)]
  0x0000017fbc0520a0 JavaThread "Java2D Disposer"            daemon [_thread_blocked, id=29544, stack(0x000000152ce80000,0x000000152cec0000) (256K)]
  0x0000017fbc052930 JavaThread "AWT-Shutdown"                      [_thread_blocked, id=24460, stack(0x000000152cec0000,0x000000152cf00000) (256K)]
  0x0000017fbc052fa0 JavaThread "AWT-Windows"                daemon [_thread_in_native, id=13032, stack(0x000000152cf00000,0x000000152cf40000) (256K)]
  0x0000017fc317a0f0 JavaThread "AWT-EventQueue-0"                  [_thread_blocked, id=3080, stack(0x000000152d360000,0x000000152d3a0000) (256K)]
  0x0000017fc34a1380 JavaThread "TimerQueue"                 daemon [_thread_blocked, id=25236, stack(0x000000152d3a0000,0x000000152d3e0000) (256K)]
  0x0000017fc39aea80 JavaThread "Abandoned connection cleanup thread" daemon [_thread_blocked, id=8144, stack(0x000000152dae0000,0x000000152db20000) (256K)]
  0x0000017fc3a64740 JavaThread "User Management housekeeper" daemon [_thread_blocked, id=15412, stack(0x000000152db20000,0x000000152db60000) (256K)]
  0x0000017fc3c16c80 JavaThread "D3D Screen Updater"         daemon [_thread_blocked, id=8936, stack(0x000000152dfa0000,0x000000152dfe0000) (256K)]
  0x0000017fc3c158d0 JavaThread "Update Black Ball War Map Hành tinh M-2 Zone 0"        [_thread_blocked, id=7052, stack(0x000000152e070000,0x000000152e0b0000) (256K)]
  0x0000017fc354b630 JavaThread "Update Black Ball War Map Hành tinh M-2 Zone 1"        [_thread_blocked, id=28744, stack(0x000000152e0b0000,0x000000152e0f0000) (256K)]
  0x0000017fc354c9e0 JavaThread "Update Black Ball War Map Hành tinh M-2 Zone 2"        [_thread_blocked, id=4900, stack(0x000000152e0f0000,0x000000152e130000) (256K)]
  0x0000017fc354bcc0 JavaThread "Update Black Ball War Map Hành tinh M-2 Zone 3"        [_thread_blocked, id=6424, stack(0x000000152e130000,0x000000152e170000) (256K)]
  0x0000017fc354c350 JavaThread "Update Black Ball War Map Hành tinh M-2 Zone 4"        [_thread_blocked, id=25104, stack(0x000000152e170000,0x000000152e1b0000) (256K)]
  0x0000017fc3549560 JavaThread "Update Black Ball War Map Hành tinh Polaris Zone 0"        [_thread_blocked, id=29124, stack(0x000000152e1b0000,0x000000152e1f0000) (256K)]
  0x0000017fc354a910 JavaThread "Update Black Ball War Map Hành tinh Polaris Zone 1"        [_thread_blocked, id=10328, stack(0x000000152e1f0000,0x000000152e230000) (256K)]
  0x0000017fc354afa0 JavaThread "Update Black Ball War Map Hành tinh Polaris Zone 2"        [_thread_blocked, id=7864, stack(0x000000152e230000,0x000000152e270000) (256K)]
  0x0000017fc354d070 JavaThread "Update Black Ball War Map Hành tinh Polaris Zone 3"        [_thread_blocked, id=22728, stack(0x000000152e270000,0x000000152e2b0000) (256K)]
  0x0000017fc3549bf0 JavaThread "Update Black Ball War Map Hành tinh Polaris Zone 4"        [_thread_blocked, id=7560, stack(0x000000152e2b0000,0x000000152e2f0000) (256K)]
  0x0000017fc354d700 JavaThread "Update Black Ball War Map Hành tinh Cretaceous Zone 0"        [_thread_blocked, id=27088, stack(0x000000152e2f0000,0x000000152e330000) (256K)]
  0x0000017fc354a280 JavaThread "Update Black Ball War Map Hành tinh Cretaceous Zone 1"        [_thread_blocked, id=7988, stack(0x000000152e330000,0x000000152e370000) (256K)]
  0x0000017fc354dd90 JavaThread "Update Black Ball War Map Hành tinh Cretaceous Zone 2"        [_thread_blocked, id=25160, stack(0x000000152e370000,0x000000152e3b0000) (256K)]
  0x0000017fc354fe60 JavaThread "Update Black Ball War Map Hành tinh Cretaceous Zone 3"        [_thread_blocked, id=15644, stack(0x000000152e3b0000,0x000000152e3f0000) (256K)]
  0x0000017fc354f140 JavaThread "Update Black Ball War Map Hành tinh Cretaceous Zone 4"        [_thread_blocked, id=10412, stack(0x000000152e3f0000,0x000000152e430000) (256K)]
  0x0000017fc354f7d0 JavaThread "Update Black Ball War Map Hành tinh Monmaasu Zone 0"        [_thread_blocked, id=22120, stack(0x000000152e430000,0x000000152e470000) (256K)]
  0x0000017fc3550b80 JavaThread "Update Black Ball War Map Hành tinh Monmaasu Zone 1"        [_thread_blocked, id=28236, stack(0x000000152e470000,0x000000152e4b0000) (256K)]
  0x0000017fc354e420 JavaThread "Update Black Ball War Map Hành tinh Monmaasu Zone 2"        [_thread_blocked, id=24432, stack(0x000000152e4b0000,0x000000152e4f0000) (256K)]
  0x0000017fc35504f0 JavaThread "Update Black Ball War Map Hành tinh Monmaasu Zone 3"        [_thread_blocked, id=9268, stack(0x000000152e4f0000,0x000000152e530000) (256K)]
  0x0000017fc354eab0 JavaThread "Update Black Ball War Map Hành tinh Monmaasu Zone 4"        [_thread_blocked, id=1500, stack(0x000000152e530000,0x000000152e570000) (256K)]
  0x0000017fc4eddd30 JavaThread "Update Black Ball War Map Hành tinh Rudeeze Zone 0"        [_thread_blocked, id=9924, stack(0x000000152e570000,0x000000152e5b0000) (256K)]
  0x0000017fc4edb5d0 JavaThread "Update Black Ball War Map Hành tinh Rudeeze Zone 1"        [_thread_blocked, id=16896, stack(0x000000152e5b0000,0x000000152e5f0000) (256K)]
  0x0000017fc4edd010 JavaThread "Update Black Ball War Map Hành tinh Rudeeze Zone 2"        [_thread_blocked, id=1764, stack(0x000000152e5f0000,0x000000152e630000) (256K)]
  0x0000017fc4edbc60 JavaThread "Update Black Ball War Map Hành tinh Rudeeze Zone 3"        [_thread_blocked, id=11740, stack(0x000000152e630000,0x000000152e670000) (256K)]
  0x0000017fc4ede3c0 JavaThread "Update Black Ball War Map Hành tinh Rudeeze Zone 4"        [_thread_blocked, id=2156, stack(0x000000152e670000,0x000000152e6b0000) (256K)]
  0x0000017fc4edd6a0 JavaThread "Update Black Ball War Map Hành tinh Gelbo Zone 0"        [_thread_blocked, id=27544, stack(0x000000152e6b0000,0x000000152e6f0000) (256K)]
  0x0000017fc4edaf40 JavaThread "Update Black Ball War Map Hành tinh Gelbo Zone 1"        [_thread_blocked, id=11968, stack(0x000000152e6f0000,0x000000152e730000) (256K)]
  0x0000017fc4edc2f0 JavaThread "Update Black Ball War Map Hành tinh Gelbo Zone 2"        [_thread_blocked, id=12832, stack(0x000000152e730000,0x000000152e770000) (256K)]
  0x0000017fc4edf0e0 JavaThread "Update Black Ball War Map Hành tinh Gelbo Zone 3"        [_thread_blocked, id=15416, stack(0x000000152e770000,0x000000152e7b0000) (256K)]
  0x0000017fc4edc980 JavaThread "Update Black Ball War Map Hành tinh Gelbo Zone 4"        [_thread_blocked, id=24052, stack(0x000000152e7b0000,0x000000152e7f0000) (256K)]
  0x0000017fc4ee0490 JavaThread "Update Black Ball War Map Hành tinh Tigere Zone 0"        [_thread_blocked, id=18692, stack(0x000000152e7f0000,0x000000152e830000) (256K)]
  0x0000017fc4edf770 JavaThread "Update Black Ball War Map Hành tinh Tigere Zone 1"        [_thread_blocked, id=14996, stack(0x000000152e830000,0x000000152e870000) (256K)]
  0x0000017fc4ee11b0 JavaThread "Update Black Ball War Map Hành tinh Tigere Zone 2"        [_thread_blocked, id=18980, stack(0x000000152e870000,0x000000152e8b0000) (256K)]
  0x0000017fc4ee1840 JavaThread "Update Black Ball War Map Hành tinh Tigere Zone 3"        [_thread_blocked, id=15004, stack(0x000000152e8b0000,0x000000152e8f0000) (256K)]
  0x0000017fc4edfe00 JavaThread "Update Black Ball War Map Hành tinh Tigere Zone 4"        [_thread_blocked, id=29456, stack(0x000000152e8f0000,0x000000152e930000) (256K)]
  0x0000017fc4ee1ed0 JavaThread "MajinBuu 14H - Id : 0"             [_thread_blocked, id=4528, stack(0x000000152e930000,0x000000152e970000) (256K)]
  0x0000017fc4edea50 JavaThread "MajinBuu 14H - Id : 1"             [_thread_blocked, id=18856, stack(0x000000152e970000,0x000000152e9b0000) (256K)]
  0x0000017fc4ee0b20 JavaThread "MajinBuu 14H - Id : 2"             [_thread_blocked, id=15888, stack(0x000000152e9b0000,0x000000152e9f0000) (256K)]
  0x0000017fc4ee2560 JavaThread "MajinBuu 14H - Id : 3"             [_thread_blocked, id=24844, stack(0x000000152e9f0000,0x000000152ea30000) (256K)]
  0x0000017fc4f10850 JavaThread "MajinBuu 14H - Id : 4"             [_thread_blocked, id=22488, stack(0x000000152ea30000,0x000000152ea70000) (256K)]
  0x0000017fc4f101c0 JavaThread "MajinBuu 14H - Id : 5"             [_thread_blocked, id=19108, stack(0x000000152ea70000,0x000000152eab0000) (256K)]
  0x0000017fc4f10ee0 JavaThread "MajinBuu 14H - Id : 6"             [_thread_blocked, id=23288, stack(0x000000152eab0000,0x000000152eaf0000) (256K)]
  0x0000017fc4f0e780 JavaThread "MajinBuu 14H - Id : 7"             [_thread_blocked, id=27032, stack(0x000000152eaf0000,0x000000152eb30000) (256K)]
  0x0000017fc4f11570 JavaThread "MajinBuu 14H - Id : 8"             [_thread_blocked, id=18332, stack(0x000000152eb30000,0x000000152eb70000) (256K)]
  0x0000017fc4f11c00 JavaThread "pool-2-thread-1"                   [_thread_blocked, id=15980, stack(0x000000152eb70000,0x000000152ebb0000) (256K)]
  0x0000017fc4f12290 JavaThread "DestroyJavaVM"                     [_thread_blocked, id=2436, stack(0x000000152bd40000,0x000000152bd80000) (256K)]
  0x0000017fc4f0fb30 JavaThread "Update maps"                       [_thread_blocked, id=20328, stack(0x000000152ebb0000,0x000000152ebf0000) (256K)]
  0x0000017fc4f0ee10 JavaThread "Tai Xiu"                    daemon [_thread_blocked, id=6416, stack(0x000000152ebf0000,0x000000152ec30000) (256K)]
  0x0000017fc4f12920 JavaThread "Network"                           [_thread_in_native, id=24440, stack(0x000000152ec30000,0x000000152ec70000) (256K)]
  0x0000017fc4f0f4a0 JavaThread "pool-3-thread-1"                   [_thread_blocked, id=25748, stack(0x000000152ec70000,0x000000152ecb0000) (256K)]
  0x0000017fc4f15710 JavaThread "pool-4-thread-1"                   [_thread_blocked, id=27864, stack(0x000000152ecb0000,0x000000152ecf0000) (256K)]
  0x0000017fc4f15080 JavaThread "pool-1-thread-1"                   [_thread_blocked, id=11272, stack(0x000000152ecf0000,0x000000152ed30000) (256K)]
  0x0000017fc4f15da0 JavaThread "New Thread Bot Player"             [_thread_blocked, id=17492, stack(0x000000152ed30000,0x000000152ed70000) (256K)]
  0x0000017fc4f12fb0 JavaThread "Thread Bot Player_New"             [_thread_blocked, id=26708, stack(0x000000152ed70000,0x000000152edb0000) (256K)]
  0x0000017fc4f13640 JavaThread "Update Super Rank"                 [_thread_blocked, id=10672, stack(0x000000152ee30000,0x000000152ee70000) (256K)]
  0x0000017fc4f13cd0 JavaThread "Update WMAT"                       [_thread_blocked, id=16952, stack(0x000000152ee70000,0x000000152eeb0000) (256K)]
  0x0000017fc37228b0 JavaThread "Update DHVT23"                     [_thread_blocked, id=15512, stack(0x000000152eeb0000,0x000000152eef0000) (256K)]
  0x0000017fc3720150 JavaThread "Update Võ Đài Sinh Tử"        [_thread_blocked, id=13840, stack(0x000000152eef0000,0x000000152ef30000) (256K)]
  0x0000017fc371f430 JavaThread "Update NRNM"                       [_thread_blocked, id=11636, stack(0x000000152edb0000,0x000000152edf0000) (256K)]
  0x0000017fc37207e0 JavaThread "Thread Auto bảo trì tự động"        [_thread_blocked, id=16684, stack(0x000000152edf0000,0x000000152ee30000) (256K)]
  0x0000017fc3722220 JavaThread "pool-5-thread-1"                   [_thread_blocked, id=9176, stack(0x000000152ef30000,0x000000152ef70000) (256K)]
  0x0000017fc3721500 JavaThread "Update boss"                       [_thread_blocked, id=6212, stack(0x000000152ef70000,0x000000152efb0000) (256K)]
  0x0000017fc3721b90 JavaThread "Update yardart boss"               [_thread_blocked, id=24484, stack(0x000000152efb0000,0x000000152eff0000) (256K)]
  0x0000017fc3722f40 JavaThread "Update final boss"                 [_thread_blocked, id=24652, stack(0x000000152eff0000,0x000000152f030000) (256K)]
  0x0000017fc371fac0 JavaThread "Update Skill-summoned boss"        [_thread_blocked, id=17792, stack(0x000000152f030000,0x000000152f070000) (256K)]
  0x0000017fc37235d0 JavaThread "Update broly boss"                 [_thread_blocked, id=25844, stack(0x000000152f070000,0x000000152f0b0000) (256K)]
  0x0000017fc3720e70 JavaThread "Update other boss"                 [_thread_blocked, id=14636, stack(0x000000152f0b0000,0x000000152f0f0000) (256K)]
  0x0000017fc37242f0 JavaThread "Update reb ribbon hq boss"         [_thread_blocked, id=16660, stack(0x000000152f0f0000,0x000000152f130000) (256K)]
  0x0000017fc3725010 JavaThread "Update treasure under sea boss"        [_thread_blocked, id=25524, stack(0x000000152f130000,0x000000152f170000) (256K)]
  0x0000017fc3726a50 JavaThread "Update snake way boss"             [_thread_blocked, id=28920, stack(0x000000152f170000,0x000000152f1b0000) (256K)]
  0x0000017fc3724980 JavaThread "Update gas destroy boss"           [_thread_blocked, id=26572, stack(0x000000152f1b0000,0x000000152f1f0000) (256K)]
  0x0000017fc3725d30 JavaThread "Update the gangs boss"             [_thread_blocked, id=23948, stack(0x000000152f1f0000,0x000000152f230000) (256K)]
  0x0000017fc37263c0 JavaThread "Update nomal boss"                 [_thread_blocked, id=20612, stack(0x000000152f230000,0x000000152f270000) (256K)]
  0x0000017fc37256a0 JavaThread "Thread-2"                          [_thread_blocked, id=9928, stack(0x000000152dc60000,0x000000152dca0000) (256K)]
  0x0000017fc3723c60 JavaThread "Collector - IP : 10.15.180.74"        [_thread_in_native, id=25132, stack(0x000000152c100000,0x000000152c140000) (256K)]
  0x0000017fc4f14360 JavaThread "Thread-3"                          [_thread_blocked, id=18612, stack(0x000000152c140000,0x000000152c180000) (256K)]
  0x0000017fc4f149f0 JavaThread "Sender - IP : 10.15.180.74"        [_thread_blocked, id=9912, stack(0x000000152c180000,0x000000152c1c0000) (256K)]
  0x0000017fc3c165f0 JavaThread "Update player dsa22"               [_thread_blocked, id=28796, stack(0x000000152c1c0000,0x000000152c200000) (256K)]
  0x0000017fc5215100 JavaThread "User Management connection adder" daemon [_thread_blocked, id=22308, stack(0x000000152c200000,0x000000152c240000) (256K)]
Total: 97

Other Threads:
  0x0000017fae4cc3e0 VMThread "VM Thread"                           [id=28212, stack(0x000000152ca00000,0x000000152cb00000) (1024K)]
  0x0000017fae4ba3e0 WatcherThread "VM Periodic Task Thread"        [id=26172, stack(0x000000152c900000,0x000000152ca00000) (1024K)]
  0x0000017f978517f0 WorkerThread "GC Thread#0"                     [id=15224, stack(0x000000152c400000,0x000000152c500000) (1024K)]
  0x0000017fc392cf70 WorkerThread "GC Thread#1"                     [id=6932, stack(0x000000152d3e0000,0x000000152d4e0000) (1024K)]
  0x0000017fc392d320 WorkerThread "GC Thread#2"                     [id=15912, stack(0x000000152d4e0000,0x000000152d5e0000) (1024K)]
  0x0000017fc392d6d0 WorkerThread "GC Thread#3"                     [id=26784, stack(0x000000152d5e0000,0x000000152d6e0000) (1024K)]
  0x0000017fc392da80 WorkerThread "GC Thread#4"                     [id=24772, stack(0x000000152d6e0000,0x000000152d7e0000) (1024K)]
  0x0000017fc392ed40 WorkerThread "GC Thread#5"                     [id=4304, stack(0x000000152d7e0000,0x000000152d8e0000) (1024K)]
  0x0000017fc392e230 WorkerThread "GC Thread#6"                     [id=26340, stack(0x000000152d8e0000,0x000000152d9e0000) (1024K)]
  0x0000017fc392e5e0 WorkerThread "GC Thread#7"                     [id=7556, stack(0x000000152d9e0000,0x000000152dae0000) (1024K)]
  0x0000017f9785f660 ConcurrentGCThread "G1 Main Marker"            [id=7564, stack(0x000000152c500000,0x000000152c600000) (1024K)]
  0x0000017f97861020 WorkerThread "G1 Conc#0"                       [id=2748, stack(0x000000152c600000,0x000000152c700000) (1024K)]
  0x0000017fc392e990 WorkerThread "G1 Conc#1"                       [id=15984, stack(0x000000152db60000,0x000000152dc60000) (1024K)]
  0x0000017fae385140 ConcurrentGCThread "G1 Refine#0"               [id=12380, stack(0x000000152c700000,0x000000152c800000) (1024K)]
  0x0000017fae385970 ConcurrentGCThread "G1 Service"                [id=14348, stack(0x000000152c800000,0x000000152c900000) (1024K)]
Total: 15

Threads with active compile tasks:
C2 CompilerThread0   131981 7954  s    4       nro.service.boss.NhomBossService::nhomCua (61 bytes)
Total: 1

VM state: not at safepoint (normal execution)

VM Mutex/Monitor currently owned by a thread: None

Heap address: 0x0000000740000000, size: 3072 MB, Compressed Oops mode: Zero based, Oop shift amount: 3

CDS archive(s) mapped at: [0x0000017faf000000-0x0000017fafc90000-0x0000017fafc90000), size 13172736, SharedBaseAddress: 0x0000017faf000000, ArchiveRelocationMode: 1.
Compressed class space mapped at: 0x0000017fb0000000-0x0000017fb8000000, reserved size: 134217728
Narrow klass base: 0x0000017faf000000, Narrow klass shift: 0, Narrow klass range: 0x100000000

GC Precious Log:
 CardTable entry size: 512
 Card Set container configuration: InlinePtr #cards 4 size 8 Array Of Cards #cards 16 size 48 Howl #buckets 8 coarsen threshold 3686 Howl Bitmap #cards 512 size 80 coarsen threshold 460 Card regions per heap region 1 cards per card region 4096
 CPUs: 8 total, 8 available
 Memory: 16179M
 Large Page Support: Disabled
 NUMA Support: Disabled
 Compressed Oops: Enabled (Zero based)
 Heap Region Size: 2M
 Heap Min Capacity: 128M
 Heap Initial Capacity: 128M
 Heap Max Capacity: 3G
 Pre-touch: Disabled
 Parallel Workers: 8
 Concurrent Workers: 2
 Concurrent Refinement Workers: 8
 Periodic GC: Disabled

Heap:
 garbage-first heap   total 151552K, used 110967K [0x0000000740000000, 0x0000000800000000)
  region size 2048K, 38 young (77824K), 3 survivors (6144K)
 Metaspace       used 31606K, committed 32192K, reserved 196608K
  class space    used 3218K, committed 3520K, reserved 131072K

Heap Regions: E=young(eden), S=young(survivor), O=old, HS=humongous(starts), HC=humongous(continues), CS=collection set, F=free, TAMS=top-at-mark-start, PB=parsable bottom
|   0|0x0000000740000000, 0x00000007401fff98, 0x0000000740200000| 99%| O|  |TAMS 0x0000000740000000| PB 0x0000000740000000| Untracked 
|   1|0x0000000740200000, 0x0000000740400000, 0x0000000740400000|100%| O|  |TAMS 0x0000000740200000| PB 0x0000000740200000| Untracked 
|   2|0x0000000740400000, 0x00000007405fff18, 0x0000000740600000| 99%| O|  |TAMS 0x0000000740400000| PB 0x0000000740400000| Untracked 
|   3|0x0000000740600000, 0x0000000740800000, 0x0000000740800000|100%| O|  |TAMS 0x0000000740600000| PB 0x0000000740600000| Untracked 
|   4|0x0000000740800000, 0x00000007409fff78, 0x0000000740a00000| 99%| O|  |TAMS 0x0000000740800000| PB 0x0000000740800000| Untracked 
|   5|0x0000000740a00000, 0x0000000740bffea0, 0x0000000740c00000| 99%| O|  |TAMS 0x0000000740a00000| PB 0x0000000740a00000| Untracked 
|   6|0x0000000740c00000, 0x0000000740dfffb0, 0x0000000740e00000| 99%| O|  |TAMS 0x0000000740c00000| PB 0x0000000740c00000| Untracked 
|   7|0x0000000740e00000, 0x0000000740f236d8, 0x0000000741000000| 56%| O|  |TAMS 0x0000000740e00000| PB 0x0000000740e00000| Untracked 
|   8|0x0000000741000000, 0x00000007411ffff8, 0x0000000741200000| 99%| O|  |TAMS 0x0000000741000000| PB 0x0000000741000000| Untracked 
|   9|0x0000000741200000, 0x00000007412facd0, 0x0000000741400000| 48%| O|  |TAMS 0x0000000741200000| PB 0x0000000741200000| Untracked 
|  10|0x0000000741400000, 0x00000007415d4808, 0x0000000741600000| 91%| O|  |TAMS 0x0000000741400000| PB 0x0000000741400000| Untracked 
|  11|0x0000000741600000, 0x0000000741800000, 0x0000000741800000|100%| O|  |TAMS 0x0000000741600000| PB 0x0000000741600000| Untracked 
|  12|0x0000000741800000, 0x0000000741a00000, 0x0000000741a00000|100%| O|  |TAMS 0x0000000741800000| PB 0x0000000741800000| Untracked 
|  13|0x0000000741a00000, 0x0000000741adc6a0, 0x0000000741c00000| 43%| O|  |TAMS 0x0000000741a00000| PB 0x0000000741a00000| Untracked 
|  14|0x0000000741c00000, 0x0000000741c00000, 0x0000000741e00000|  0%| F|  |TAMS 0x0000000741c00000| PB 0x0000000741c00000| Untracked 
|  15|0x0000000741e00000, 0x0000000741ef7018, 0x0000000742000000| 48%| O|  |TAMS 0x0000000741e00000| PB 0x0000000741e00000| Untracked 
|  16|0x0000000742000000, 0x0000000742000000, 0x0000000742200000|  0%| F|  |TAMS 0x0000000742000000| PB 0x0000000742000000| Untracked 
|  17|0x0000000742200000, 0x0000000742200000, 0x0000000742400000|  0%| F|  |TAMS 0x0000000742200000| PB 0x0000000742200000| Untracked 
|  18|0x0000000742400000, 0x00000007425fffc8, 0x0000000742600000| 99%| O|  |TAMS 0x0000000742400000| PB 0x0000000742400000| Untracked 
|  19|0x0000000742600000, 0x00000007427ffff0, 0x0000000742800000| 99%| O|  |TAMS 0x0000000742600000| PB 0x0000000742600000| Untracked 
|  20|0x0000000742800000, 0x0000000742800000, 0x0000000742a00000|  0%| F|  |TAMS 0x0000000742800000| PB 0x0000000742800000| Untracked 
|  21|0x0000000742a00000, 0x0000000742a00000, 0x0000000742c00000|  0%| F|  |TAMS 0x0000000742a00000| PB 0x0000000742a00000| Untracked 
|  22|0x0000000742c00000, 0x0000000742d04670, 0x0000000742e00000| 50%| S|CS|TAMS 0x0000000742c00000| PB 0x0000000742c00000| Complete 
|  23|0x0000000742e00000, 0x0000000743000000, 0x0000000743000000|100%| S|CS|TAMS 0x0000000742e00000| PB 0x0000000742e00000| Complete 
|  24|0x0000000743000000, 0x0000000743200000, 0x0000000743200000|100%| S|CS|TAMS 0x0000000743000000| PB 0x0000000743000000| Complete 
|  25|0x0000000743200000, 0x00000007433ff508, 0x0000000743400000| 99%| O|  |TAMS 0x0000000743200000| PB 0x0000000743200000| Untracked 
|  26|0x0000000743400000, 0x00000007435192d0, 0x0000000743600000| 54%| O|  |TAMS 0x0000000743400000| PB 0x0000000743400000| Untracked 
|  27|0x0000000743600000, 0x0000000743600000, 0x0000000743800000|  0%| F|  |TAMS 0x0000000743600000| PB 0x0000000743600000| Untracked 
|  28|0x0000000743800000, 0x0000000743800000, 0x0000000743a00000|  0%| F|  |TAMS 0x0000000743800000| PB 0x0000000743800000| Untracked 
|  29|0x0000000743a00000, 0x0000000743a00000, 0x0000000743c00000|  0%| F|  |TAMS 0x0000000743a00000| PB 0x0000000743a00000| Untracked 
|  30|0x0000000743c00000, 0x0000000743c00000, 0x0000000743e00000|  0%| F|  |TAMS 0x0000000743c00000| PB 0x0000000743c00000| Untracked 
|  31|0x0000000743e00000, 0x0000000743e00000, 0x0000000744000000|  0%| F|  |TAMS 0x0000000743e00000| PB 0x0000000743e00000| Untracked 
|  32|0x0000000744000000, 0x000000074407af80, 0x0000000744200000| 24%| O|  |TAMS 0x0000000744000000| PB 0x0000000744000000| Untracked 
|  33|0x0000000744200000, 0x0000000744200000, 0x0000000744400000|  0%| F|  |TAMS 0x0000000744200000| PB 0x0000000744200000| Untracked 
|  34|0x0000000744400000, 0x0000000744400000, 0x0000000744600000|  0%| F|  |TAMS 0x0000000744400000| PB 0x0000000744400000| Untracked 
|  35|0x0000000744600000, 0x0000000744600000, 0x0000000744800000|  0%| F|  |TAMS 0x0000000744600000| PB 0x0000000744600000| Untracked 
|  36|0x0000000744800000, 0x0000000744800000, 0x0000000744a00000|  0%| F|  |TAMS 0x0000000744800000| PB 0x0000000744800000| Untracked 
|  37|0x0000000744a00000, 0x0000000744b370b0, 0x0000000744c00000| 60%| E|  |TAMS 0x0000000744a00000| PB 0x0000000744a00000| Complete 
|  38|0x0000000744c00000, 0x0000000744e00000, 0x0000000744e00000|100%| E|CS|TAMS 0x0000000744c00000| PB 0x0000000744c00000| Complete 
|  39|0x0000000744e00000, 0x0000000745000000, 0x0000000745000000|100%| E|CS|TAMS 0x0000000744e00000| PB 0x0000000744e00000| Complete 
|  40|0x0000000745000000, 0x0000000745200000, 0x0000000745200000|100%| E|CS|TAMS 0x0000000745000000| PB 0x0000000745000000| Complete 
|  41|0x0000000745200000, 0x0000000745400000, 0x0000000745400000|100%| E|CS|TAMS 0x0000000745200000| PB 0x0000000745200000| Complete 
|  42|0x0000000745400000, 0x0000000745600000, 0x0000000745600000|100%| E|CS|TAMS 0x0000000745400000| PB 0x0000000745400000| Complete 
|  43|0x0000000745600000, 0x0000000745800000, 0x0000000745800000|100%| E|CS|TAMS 0x0000000745600000| PB 0x0000000745600000| Complete 
|  44|0x0000000745800000, 0x0000000745a00000, 0x0000000745a00000|100%| E|CS|TAMS 0x0000000745800000| PB 0x0000000745800000| Complete 
|  45|0x0000000745a00000, 0x0000000745c00000, 0x0000000745c00000|100%| E|CS|TAMS 0x0000000745a00000| PB 0x0000000745a00000| Complete 
|  46|0x0000000745c00000, 0x0000000745e00000, 0x0000000745e00000|100%| E|CS|TAMS 0x0000000745c00000| PB 0x0000000745c00000| Complete 
|  47|0x0000000745e00000, 0x0000000746000000, 0x0000000746000000|100%| E|CS|TAMS 0x0000000745e00000| PB 0x0000000745e00000| Complete 
|  48|0x0000000746000000, 0x0000000746200000, 0x0000000746200000|100%| E|CS|TAMS 0x0000000746000000| PB 0x0000000746000000| Complete 
|  49|0x0000000746200000, 0x0000000746400000, 0x0000000746400000|100%| E|CS|TAMS 0x0000000746200000| PB 0x0000000746200000| Complete 
|  50|0x0000000746400000, 0x0000000746600000, 0x0000000746600000|100%| E|CS|TAMS 0x0000000746400000| PB 0x0000000746400000| Complete 
|  51|0x0000000746600000, 0x0000000746800000, 0x0000000746800000|100%| E|CS|TAMS 0x0000000746600000| PB 0x0000000746600000| Complete 
|  52|0x0000000746800000, 0x0000000746a00000, 0x0000000746a00000|100%| E|CS|TAMS 0x0000000746800000| PB 0x0000000746800000| Complete 
|  53|0x0000000746a00000, 0x0000000746c00000, 0x0000000746c00000|100%| E|CS|TAMS 0x0000000746a00000| PB 0x0000000746a00000| Complete 
|  54|0x0000000746c00000, 0x0000000746e00000, 0x0000000746e00000|100%| E|  |TAMS 0x0000000746c00000| PB 0x0000000746c00000| Complete 
|  55|0x0000000746e00000, 0x0000000747000000, 0x0000000747000000|100%| E|CS|TAMS 0x0000000746e00000| PB 0x0000000746e00000| Complete 
|  56|0x0000000747000000, 0x0000000747200000, 0x0000000747200000|100%| E|CS|TAMS 0x0000000747000000| PB 0x0000000747000000| Complete 
|  57|0x0000000747200000, 0x0000000747400000, 0x0000000747400000|100%| E|CS|TAMS 0x0000000747200000| PB 0x0000000747200000| Complete 
|  58|0x0000000747400000, 0x0000000747600000, 0x0000000747600000|100%| E|CS|TAMS 0x0000000747400000| PB 0x0000000747400000| Complete 
|  59|0x0000000747600000, 0x0000000747800000, 0x0000000747800000|100%| E|CS|TAMS 0x0000000747600000| PB 0x0000000747600000| Complete 
|  60|0x0000000747800000, 0x0000000747a00000, 0x0000000747a00000|100%| E|CS|TAMS 0x0000000747800000| PB 0x0000000747800000| Complete 
|  61|0x0000000747a00000, 0x0000000747c00000, 0x0000000747c00000|100%| E|CS|TAMS 0x0000000747a00000| PB 0x0000000747a00000| Complete 
|  62|0x0000000747c00000, 0x0000000747e00000, 0x0000000747e00000|100%| E|CS|TAMS 0x0000000747c00000| PB 0x0000000747c00000| Complete 
|  63|0x0000000747e00000, 0x0000000748000000, 0x0000000748000000|100%| E|CS|TAMS 0x0000000747e00000| PB 0x0000000747e00000| Complete 
|  64|0x0000000748000000, 0x0000000748200000, 0x0000000748200000|100%| E|CS|TAMS 0x0000000748000000| PB 0x0000000748000000| Complete 
|  65|0x0000000748200000, 0x0000000748400000, 0x0000000748400000|100%| E|CS|TAMS 0x0000000748200000| PB 0x0000000748200000| Complete 
|  66|0x0000000748400000, 0x0000000748600000, 0x0000000748600000|100%| E|CS|TAMS 0x0000000748400000| PB 0x0000000748400000| Complete 
|  67|0x0000000748600000, 0x0000000748800000, 0x0000000748800000|100%| E|CS|TAMS 0x0000000748600000| PB 0x0000000748600000| Complete 
|  68|0x0000000748800000, 0x0000000748a00000, 0x0000000748a00000|100%| E|CS|TAMS 0x0000000748800000| PB 0x0000000748800000| Complete 
|  69|0x0000000748a00000, 0x0000000748c00000, 0x0000000748c00000|100%| E|CS|TAMS 0x0000000748a00000| PB 0x0000000748a00000| Complete 
|  70|0x0000000748c00000, 0x0000000748e00000, 0x0000000748e00000|100%| E|CS|TAMS 0x0000000748c00000| PB 0x0000000748c00000| Complete 
|  71|0x0000000748e00000, 0x0000000749000000, 0x0000000749000000|100%| E|CS|TAMS 0x0000000748e00000| PB 0x0000000748e00000| Complete 
|  93|0x000000074ba00000, 0x000000074bc00000, 0x000000074bc00000|100%| O|  |TAMS 0x000000074ba00000| PB 0x000000074ba00000| Untracked 
|  94|0x000000074bc00000, 0x000000074be00000, 0x000000074be00000|100%| O|  |TAMS 0x000000074bc00000| PB 0x000000074bc00000| Untracked 

Card table byte_map: [0x0000017fa84d0000,0x0000017fa8ad0000] _byte_map_base: 0x0000017fa4ad0000

Marking Bits: (CMBitMap*) 0x0000017f97851f00
 Bits: [0x0000017fa8ad0000, 0x0000017fabad0000)

Polling page: 0x0000017f95730000

Metaspace:

Usage:
  Non-class:     27.72 MB used.
      Class:      3.14 MB used.
       Both:     30.87 MB used.

Virtual space:
  Non-class space:       64.00 MB reserved,      28.00 MB ( 44%) committed,  1 nodes.
      Class space:      128.00 MB reserved,       3.44 MB (  3%) committed,  1 nodes.
             Both:      192.00 MB reserved,      31.44 MB ( 16%) committed. 

Chunk freelists:
   Non-Class:  3.47 MB
       Class:  12.41 MB
        Both:  15.88 MB

MaxMetaspaceSize: unlimited
CompressedClassSpaceSize: 128.00 MB
Initial GC threshold: 21.00 MB
Current GC threshold: 45.94 MB
CDS: on
 - commit_granule_bytes: 65536.
 - commit_granule_words: 8192.
 - virtual_space_node_default_size: 8388608.
 - enlarge_chunks_in_place: 1.
 - use_allocation_guard: 0.


Internal statistics:

num_allocs_failed_limit: 3.
num_arena_births: 738.
num_arena_deaths: 0.
num_vsnodes_births: 2.
num_vsnodes_deaths: 0.
num_space_committed: 501.
num_space_uncommitted: 0.
num_chunks_returned_to_freelist: 3.
num_chunks_taken_from_freelist: 1574.
num_chunk_merges: 3.
num_chunk_splits: 920.
num_chunks_enlarged: 438.
num_inconsistent_stats: 0.

CodeCache: size=131072Kb used=25527Kb max_used=25538Kb free=105544Kb
 bounds [0x0000017f9fcb0000, 0x0000017fa15b0000, 0x0000017fa7cb0000]
 total_blobs=8459 nmethods=7548 adapters=815
 compilation: enabled
              stopped_count=0, restarted_count=0
 full_count=0

Compilation events (20 events):
Event: 129.861 Thread 0x0000017fae4ff4e0 nmethod 7942 0x0000017fa159a490 code [0x0000017fa159a620, 0x0000017fa159a910]
Event: 130.686 Thread 0x0000017fae501730 7945       3       java.lang.String::checkOffset (11 bytes)
Event: 130.686 Thread 0x0000017fae501730 nmethod 7945 0x0000017fa1599d90 code [0x0000017fa1599f40, 0x0000017fa159a158]
Event: 131.229 Thread 0x0000017fae4ff4e0 7946       4       nro.entity.player.Player::UpdateEffectKillWhis (133 bytes)
Event: 131.236 Thread 0x0000017fae4ff4e0 nmethod 7946 0x0000017fa1593210 code [0x0000017fa1593400, 0x0000017fa1593800]
Event: 131.331 Thread 0x0000017fae4ff4e0 7947       4       javax.swing.JComponent::firePropertyChange (8 bytes)
Event: 131.333 Thread 0x0000017fae501730 7949       1       javax.swing.JRootPane::isValidateRoot (2 bytes)
Event: 131.333 Thread 0x0000017fae501730 nmethod 7949 0x0000017fa158f390 code [0x0000017fa158f520, 0x0000017fa158f5e8]
Event: 131.333 Thread 0x0000017fae501730 7951       3       javax.swing.JTable$2::getMidPointAt (35 bytes)
Event: 131.334 Thread 0x0000017fae501730 nmethod 7951 0x0000017fa15a0c90 code [0x0000017fa15a0ea0, 0x0000017fa15a1528]
Event: 131.334 Thread 0x0000017fae4ff4e0 nmethod 7947 0x0000017fa15a0710 code [0x0000017fa15a08c0, 0x0000017fa15a0ad0]
Event: 131.334 Thread 0x0000017fae4ff4e0 7950       4       com.formdev.flatlaf.util.UIScale::scale (25 bytes)
Event: 131.335 Thread 0x0000017fae4ff4e0 nmethod 7950 0x0000017fa159f890 code [0x0000017fa159fa40, 0x0000017fa159fb28]
Event: 131.335 Thread 0x0000017fae4ff4e0 7948       4       java.awt.EventQueue::eventToCacheIndex (80 bytes)
Event: 131.336 Thread 0x0000017fae4ff4e0 nmethod 7948 0x0000017fa1592d10 code [0x0000017fa1592ea0, 0x0000017fa1592fb0]
Event: 131.688 Thread 0x0000017fae501730 7952       1       java.time.Duration::getSeconds (5 bytes)
Event: 131.689 Thread 0x0000017fae501730 nmethod 7952 0x0000017fa15a0410 code [0x0000017fa15a05a0, 0x0000017fa15a0668]
Event: 131.689 Thread 0x0000017fae501730 7953       3       java.lang.String::valueOf (39 bytes)
Event: 131.689 Thread 0x0000017fae501730 nmethod 7953 0x0000017fa1597e10 code [0x0000017fa1598000, 0x0000017fa1598710]
Event: 131.928 Thread 0x0000017fae4ff4e0 7954  s    4       nro.service.boss.NhomBossService::nhomCua (61 bytes)

GC Heap History (20 events):
Event: 7.696 GC heap before
{Heap before GC invocations=19 (full 0):
 garbage-first heap   total 325632K, used 167485K [0x0000000740000000, 0x0000000800000000)
  region size 2048K, 78 young (159744K), 5 survivors (10240K)
 Metaspace       used 27699K, committed 28224K, reserved 196608K
  class space    used 2852K, committed 3072K, reserved 131072K
}
Event: 7.734 GC heap after
{Heap after GC invocations=20 (full 1):
 garbage-first heap   total 151552K, used 38245K [0x0000000740000000, 0x0000000800000000)
  region size 2048K, 0 young (0K), 0 survivors (0K)
 Metaspace       used 27699K, committed 28224K, reserved 196608K
  class space    used 2852K, committed 3072K, reserved 131072K
}
Event: 13.746 GC heap before
{Heap before GC invocations=20 (full 1):
 garbage-first heap   total 151552K, used 126309K [0x0000000740000000, 0x0000000800000000)
  region size 2048K, 44 young (90112K), 0 survivors (0K)
 Metaspace       used 29782K, committed 30336K, reserved 196608K
  class space    used 3082K, committed 3328K, reserved 131072K
}
Event: 13.748 GC heap after
{Heap after GC invocations=21 (full 1):
 garbage-first heap   total 151552K, used 43066K [0x0000000740000000, 0x0000000800000000)
  region size 2048K, 3 young (6144K), 3 survivors (6144K)
 Metaspace       used 29782K, committed 30336K, reserved 196608K
  class space    used 3082K, committed 3328K, reserved 131072K
}
Event: 31.687 GC heap before
{Heap before GC invocations=21 (full 1):
 garbage-first heap   total 151552K, used 127034K [0x0000000740000000, 0x0000000800000000)
  region size 2048K, 44 young (90112K), 3 survivors (6144K)
 Metaspace       used 29913K, committed 30464K, reserved 196608K
  class space    used 3082K, committed 3328K, reserved 131072K
}
Event: 31.688 GC heap after
{Heap after GC invocations=22 (full 1):
 garbage-first heap   total 151552K, used 42706K [0x0000000740000000, 0x0000000800000000)
  region size 2048K, 3 young (6144K), 3 survivors (6144K)
 Metaspace       used 29913K, committed 30464K, reserved 196608K
  class space    used 3082K, committed 3328K, reserved 131072K
}
Event: 41.781 GC heap before
{Heap before GC invocations=22 (full 1):
 garbage-first heap   total 151552K, used 124626K [0x0000000740000000, 0x0000000800000000)
  region size 2048K, 44 young (90112K), 3 survivors (6144K)
 Metaspace       used 29954K, committed 30464K, reserved 196608K
  class space    used 3082K, committed 3328K, reserved 131072K
}
Event: 41.784 GC heap after
{Heap after GC invocations=23 (full 1):
 garbage-first heap   total 151552K, used 42876K [0x0000000740000000, 0x0000000800000000)
  region size 2048K, 3 young (6144K), 3 survivors (6144K)
 Metaspace       used 29954K, committed 30464K, reserved 196608K
  class space    used 3082K, committed 3328K, reserved 131072K
}
Event: 60.026 GC heap before
{Heap before GC invocations=23 (full 1):
 garbage-first heap   total 151552K, used 126844K [0x0000000740000000, 0x0000000800000000)
  region size 2048K, 44 young (90112K), 3 survivors (6144K)
 Metaspace       used 30012K, committed 30528K, reserved 196608K
  class space    used 3084K, committed 3328K, reserved 131072K
}
Event: 60.029 GC heap after
{Heap after GC invocations=24 (full 1):
 garbage-first heap   total 151552K, used 43081K [0x0000000740000000, 0x0000000800000000)
  region size 2048K, 3 young (6144K), 3 survivors (6144K)
 Metaspace       used 30012K, committed 30528K, reserved 196608K
  class space    used 3084K, committed 3328K, reserved 131072K
}
Event: 68.311 GC heap before
{Heap before GC invocations=24 (full 1):
 garbage-first heap   total 151552K, used 125001K [0x0000000740000000, 0x0000000800000000)
  region size 2048K, 44 young (90112K), 3 survivors (6144K)
 Metaspace       used 31184K, committed 31744K, reserved 196608K
  class space    used 3199K, committed 3456K, reserved 131072K
}
Event: 68.313 GC heap after
{Heap after GC invocations=25 (full 1):
 garbage-first heap   total 151552K, used 43292K [0x0000000740000000, 0x0000000800000000)
  region size 2048K, 3 young (6144K), 3 survivors (6144K)
 Metaspace       used 31184K, committed 31744K, reserved 196608K
  class space    used 3199K, committed 3456K, reserved 131072K
}
Event: 83.257 GC heap before
{Heap before GC invocations=25 (full 1):
 garbage-first heap   total 151552K, used 127260K [0x0000000740000000, 0x0000000800000000)
  region size 2048K, 44 young (90112K), 3 survivors (6144K)
 Metaspace       used 31431K, committed 32064K, reserved 196608K
  class space    used 3217K, committed 3520K, reserved 131072K
}
Event: 83.259 GC heap after
{Heap after GC invocations=26 (full 1):
 garbage-first heap   total 151552K, used 43569K [0x0000000740000000, 0x0000000800000000)
  region size 2048K, 3 young (6144K), 3 survivors (6144K)
 Metaspace       used 31431K, committed 32064K, reserved 196608K
  class space    used 3217K, committed 3520K, reserved 131072K
}
Event: 98.381 GC heap before
{Heap before GC invocations=26 (full 1):
 garbage-first heap   total 151552K, used 127537K [0x0000000740000000, 0x0000000800000000)
  region size 2048K, 44 young (90112K), 3 survivors (6144K)
 Metaspace       used 31489K, committed 32128K, reserved 196608K
  class space    used 3217K, committed 3520K, reserved 131072K
}
Event: 98.383 GC heap after
{Heap after GC invocations=27 (full 1):
 garbage-first heap   total 151552K, used 43821K [0x0000000740000000, 0x0000000800000000)
  region size 2048K, 3 young (6144K), 3 survivors (6144K)
 Metaspace       used 31489K, committed 32128K, reserved 196608K
  class space    used 3217K, committed 3520K, reserved 131072K
}
Event: 108.530 GC heap before
{Heap before GC invocations=27 (full 1):
 garbage-first heap   total 151552K, used 125741K [0x0000000740000000, 0x0000000800000000)
  region size 2048K, 44 young (90112K), 3 survivors (6144K)
 Metaspace       used 31511K, committed 32128K, reserved 196608K
  class space    used 3217K, committed 3520K, reserved 131072K
}
Event: 108.532 GC heap after
{Heap after GC invocations=28 (full 1):
 garbage-first heap   total 151552K, used 43501K [0x0000000740000000, 0x0000000800000000)
  region size 2048K, 3 young (6144K), 3 survivors (6144K)
 Metaspace       used 31511K, committed 32128K, reserved 196608K
  class space    used 3217K, committed 3520K, reserved 131072K
}
Event: 124.789 GC heap before
{Heap before GC invocations=28 (full 1):
 garbage-first heap   total 151552K, used 127469K [0x0000000740000000, 0x0000000800000000)
  region size 2048K, 44 young (90112K), 3 survivors (6144K)
 Metaspace       used 31592K, committed 32192K, reserved 196608K
  class space    used 3218K, committed 3520K, reserved 131072K
}
Event: 124.791 GC heap after
{Heap after GC invocations=29 (full 1):
 garbage-first heap   total 151552K, used 43383K [0x0000000740000000, 0x0000000800000000)
  region size 2048K, 3 young (6144K), 3 survivors (6144K)
 Metaspace       used 31592K, committed 32192K, reserved 196608K
  class space    used 3218K, committed 3520K, reserved 131072K
}

Dll operation events (12 events):
Event: 0.008 Loaded shared library C:\Program Files\Java\jdk-21.0.12.1\bin\java.dll
Event: 0.041 Loaded shared library C:\Program Files\Java\jdk-21.0.12.1\bin\jsvml.dll
Event: 0.069 Loaded shared library C:\Program Files\Java\jdk-21.0.12.1\bin\jimage.dll
Event: 0.098 Loaded shared library C:\Program Files\Java\jdk-21.0.12.1\bin\zip.dll
Event: 0.209 Loaded shared library C:\Program Files\Java\jdk-21.0.12.1\bin\net.dll
Event: 0.211 Loaded shared library C:\Program Files\Java\jdk-21.0.12.1\bin\nio.dll
Event: 0.239 Loaded shared library C:\Program Files\Java\jdk-21.0.12.1\bin\awt.dll
Event: 0.920 Loaded shared library C:\Program Files\Java\jdk-21.0.12.1\bin\freetype.dll
Event: 0.921 Loaded shared library C:\Program Files\Java\jdk-21.0.12.1\bin\fontmanager.dll
Event: 1.761 Loaded shared library C:\Program Files\Java\jdk-21.0.12.1\bin\extnet.dll
Event: 1.925 Loaded shared library C:\Program Files\Java\jdk-21.0.12.1\bin\verify.dll
Event: 7.619 Loaded shared library C:\Program Files\Java\jdk-21.0.12.1\bin\sunmscapi.dll

Deoptimization events (20 events):
Event: 90.317 Thread 0x0000017fc4f0fb30 Uncommon trap: trap_request=0xffffffd6 fr.pc=0x0000017fa1468960 relative=0x0000000000000480
Event: 90.317 Thread 0x0000017fc4f0fb30 Uncommon trap: reason=array_check action=maybe_recompile pc=0x0000017fa1468960 method=com.zaxxer.hikari.util.FastList.add(Ljava/lang/Object;)Z @ 28 c2
Event: 90.317 Thread 0x0000017fc4f0fb30 DEOPT PACKING pc=0x0000017fa1468960 sp=0x000000152ebee830
Event: 90.317 Thread 0x0000017fc4f0fb30 DEOPT UNPACKING pc=0x0000017f9fd07da2 sp=0x000000152ebee7d8 mode 2
Event: 90.317 Thread 0x0000017fc4f0fb30 Uncommon trap: trap_request=0xffffffd6 fr.pc=0x0000017fa1468960 relative=0x0000000000000480
Event: 90.317 Thread 0x0000017fc4f0fb30 Uncommon trap: reason=array_check action=maybe_recompile pc=0x0000017fa1468960 method=com.zaxxer.hikari.util.FastList.add(Ljava/lang/Object;)Z @ 28 c2
Event: 90.317 Thread 0x0000017fc4f0fb30 DEOPT PACKING pc=0x0000017fa1468960 sp=0x000000152ebee7a0
Event: 90.317 Thread 0x0000017fc4f0fb30 DEOPT UNPACKING pc=0x0000017f9fd07da2 sp=0x000000152ebee748 mode 2
Event: 101.171 Thread 0x0000017fc317a0f0 DEOPT PACKING pc=0x0000017fa10be309 sp=0x000000152d39e540
Event: 101.171 Thread 0x0000017fc317a0f0 DEOPT UNPACKING pc=0x0000017f9fd088e2 sp=0x000000152d39d9c0 mode 0
Event: 102.487 Thread 0x0000017fc4f149f0 DEOPT PACKING pc=0x0000017fa12c8aa4 sp=0x000000152c1bf1a0
Event: 102.487 Thread 0x0000017fc4f149f0 DEOPT UNPACKING pc=0x0000017f9fd088e2 sp=0x000000152c1be740 mode 0
Event: 111.651 Thread 0x0000017fc317a0f0 Uncommon trap: trap_request=0xffffff45 fr.pc=0x0000017fa0026d48 relative=0x0000000000000408
Event: 111.651 Thread 0x0000017fc317a0f0 Uncommon trap: reason=unstable_if action=reinterpret pc=0x0000017fa0026d48 method=java.lang.String.startsWith(Ljava/lang/String;I)Z @ 56 c2
Event: 111.651 Thread 0x0000017fc317a0f0 DEOPT PACKING pc=0x0000017fa0026d48 sp=0x000000152d39ece0
Event: 111.651 Thread 0x0000017fc317a0f0 DEOPT UNPACKING pc=0x0000017f9fd07da2 sp=0x000000152d39ec68 mode 2
Event: 129.710 Thread 0x0000017fc371fac0 Uncommon trap: trap_request=0xffffff45 fr.pc=0x0000017fa130b2dc relative=0x000000000000023c
Event: 129.710 Thread 0x0000017fc371fac0 Uncommon trap: reason=unstable_if action=reinterpret pc=0x0000017fa130b2dc method=nro.entity.player.Player.UpdateEffectKillWhis()V @ 13 c2
Event: 129.710 Thread 0x0000017fc371fac0 DEOPT PACKING pc=0x0000017fa130b2dc sp=0x000000152f06f320
Event: 129.710 Thread 0x0000017fc371fac0 DEOPT UNPACKING pc=0x0000017f9fd07da2 sp=0x000000152f06f2a8 mode 2

Classes loaded (20 events):
Event: 61.039 Loading class sun/nio/ch/SocketInputStream
Event: 61.039 Loading class sun/nio/ch/SocketInputStream done
Event: 61.045 Loading class java/util/concurrent/LinkedBlockingDeque$Node
Event: 61.045 Loading class java/util/concurrent/LinkedBlockingDeque$Node done
Event: 62.007 Loading class java/lang/reflect/WildcardType
Event: 62.007 Loading class java/lang/reflect/WildcardType done
Event: 62.007 Loading class java/lang/reflect/GenericArrayType
Event: 62.007 Loading class java/lang/reflect/GenericArrayType done
Event: 62.007 Loading class java/lang/reflect/ParameterizedType
Event: 62.007 Loading class java/lang/reflect/ParameterizedType done
Event: 62.009 Loading class java/lang/CloneNotSupportedException
Event: 62.009 Loading class java/lang/CloneNotSupportedException done
Event: 62.024 Loading class java/util/concurrent/atomic/AtomicIntegerArray
Event: 62.025 Loading class java/util/concurrent/atomic/AtomicIntegerArray done
Event: 62.027 Loading class java/util/UUID
Event: 62.027 Loading class java/util/UUID done
Event: 62.032 Loading class java/util/concurrent/atomic/AtomicLongArray
Event: 62.032 Loading class java/util/concurrent/atomic/AtomicLongArray done
Event: 62.056 Loading class java/lang/StackTraceElement$HashedModules
Event: 62.056 Loading class java/lang/StackTraceElement$HashedModules done

Classes unloaded (0 events):
No events

Classes redefined (0 events):
No events

Internal exceptions (20 events):
Event: 62.748 Thread 0x0000017fc3722f40 Implicit null exception at 0x0000017fa0f29851 to 0x0000017fa0f29973
Event: 62.748 Thread 0x0000017fc3722f40 Exception <a 'java/lang/NullPointerException'{0x000000074748ffc0}> (0x000000074748ffc0) 
thrown [s\open\src\hotspot\share\runtime\sharedRuntime.cpp, line 625]
Event: 62.748 Thread 0x0000017fc3722f40 Implicit null exception at 0x0000017fa0f29851 to 0x0000017fa0f29973
Event: 62.748 Thread 0x0000017fc3722f40 Exception <a 'java/lang/NullPointerException'{0x0000000747490330}> (0x0000000747490330) 
thrown [s\open\src\hotspot\share\runtime\sharedRuntime.cpp, line 625]
Event: 62.748 Thread 0x0000017fc3722f40 Implicit null exception at 0x0000017fa0f29851 to 0x0000017fa0f29973
Event: 62.748 Thread 0x0000017fc3722f40 Exception <a 'java/lang/NullPointerException'{0x0000000747490790}> (0x0000000747490790) 
thrown [s\open\src\hotspot\share\runtime\sharedRuntime.cpp, line 625]
Event: 62.748 Thread 0x0000017fc3722f40 Implicit null exception at 0x0000017fa0f29851 to 0x0000017fa0f29973
Event: 62.748 Thread 0x0000017fc3722f40 Exception <a 'java/lang/NullPointerException'{0x0000000747490b00}> (0x0000000747490b00) 
thrown [s\open\src\hotspot\share\runtime\sharedRuntime.cpp, line 625]
Event: 62.748 Thread 0x0000017fc3722f40 Implicit null exception at 0x0000017fa0f29851 to 0x0000017fa0f29973
Event: 62.748 Thread 0x0000017fc3722f40 Exception <a 'java/lang/NullPointerException'{0x0000000747490f60}> (0x0000000747490f60) 
thrown [s\open\src\hotspot\share\runtime\sharedRuntime.cpp, line 625]
Event: 62.748 Thread 0x0000017fc3722f40 Implicit null exception at 0x0000017fa0f29851 to 0x0000017fa0f29973
Event: 62.748 Thread 0x0000017fc3722f40 Exception <a 'java/lang/NullPointerException'{0x00000007474912d0}> (0x00000007474912d0) 
thrown [s\open\src\hotspot\share\runtime\sharedRuntime.cpp, line 625]
Event: 62.748 Thread 0x0000017fc3722f40 Implicit null exception at 0x0000017fa0f29851 to 0x0000017fa0f29973
Event: 62.748 Thread 0x0000017fc3722f40 Exception <a 'java/lang/NullPointerException'{0x0000000747491730}> (0x0000000747491730) 
thrown [s\open\src\hotspot\share\runtime\sharedRuntime.cpp, line 625]
Event: 62.748 Thread 0x0000017fc3722f40 Implicit null exception at 0x0000017fa0f29851 to 0x0000017fa0f29973
Event: 62.748 Thread 0x0000017fc3722f40 Exception <a 'java/lang/NullPointerException'{0x0000000747491aa0}> (0x0000000747491aa0) 
thrown [s\open\src\hotspot\share\runtime\sharedRuntime.cpp, line 625]
Event: 63.057 Thread 0x0000017fc4f0fb30 Implicit null exception at 0x0000017fa08e9979 to 0x0000017fa08eaedc
Event: 70.468 Thread 0x0000017fc4f14360 Exception <a 'java/lang/NoSuchMethodError'{0x0000000747a0e048}: 'java.lang.Object java.lang.invoke.Invokers$Holder.linkToTargetMethod(java.lang.Object, int, int, int, java.lang.Object)'> (0x0000000747a0e048) 
thrown [s\open\src\hotspot\share\interpreter\linkResolver.cpp, line 773]
Event: 70.473 Thread 0x0000017fc4f14360 Implicit null exception at 0x0000017fa094f2ba to 0x0000017fa094f2f6
Event: 79.398 Thread 0x0000017fc4f14360 Exception <a 'java/lang/NoSuchMethodError'{0x0000000744c238c8}: 'java.lang.Object java.lang.invoke.DirectMethodHandle$Holder.invokeSpecial(java.lang.Object, java.lang.Object, java.lang.Object, int, java.lang.Object)'> (0x0000000744c238c8) 
thrown [s\open\src\hotspot\share\interpreter\linkResolver.cpp, line 773]

ZGC Phase Switch (0 events):
No events

VM Operations (20 events):
Event: 119.626 Executing VM operation: Cleanup
Event: 119.642 Executing VM operation: Cleanup done
Event: 120.404 Executing VM operation: HandshakeAllThreads (HandshakeForDeflation)
Event: 120.404 Executing VM operation: HandshakeAllThreads (HandshakeForDeflation) done
Event: 120.404 Executing VM operation: RendezvousGCThreads
Event: 120.404 Executing VM operation: RendezvousGCThreads done
Event: 121.417 Executing VM operation: Cleanup
Event: 121.418 Executing VM operation: Cleanup done
Event: 123.443 Executing VM operation: Cleanup
Event: 123.443 Executing VM operation: Cleanup done
Event: 124.447 Executing VM operation: Cleanup
Event: 124.447 Executing VM operation: Cleanup done
Event: 124.789 Executing VM operation: G1CollectForAllocation (G1 Evacuation Pause)
Event: 124.791 Executing VM operation: G1CollectForAllocation (G1 Evacuation Pause) done
Event: 125.799 Executing VM operation: Cleanup
Event: 125.799 Executing VM operation: Cleanup done
Event: 129.847 Executing VM operation: Cleanup
Event: 129.847 Executing VM operation: Cleanup done
Event: 130.854 Executing VM operation: Cleanup
Event: 130.854 Executing VM operation: Cleanup done

Events (20 events):
Event: 12.994 Thread 0x0000017fc3c15f60 Thread exited: 0x0000017fc3c15f60
Event: 48.919 Thread 0x0000017fc3723c60 Thread added: 0x0000017fc3723c60
Event: 48.921 Thread 0x0000017fc3723c60 Thread exited: 0x0000017fc3723c60
Event: 53.713 Thread 0x0000017fc3723c60 Thread added: 0x0000017fc3723c60
Event: 58.740 Thread 0x0000017fc3723c60 Thread exited: 0x0000017fc3723c60
Event: 61.044 Thread 0x0000017fc3723c60 Thread added: 0x0000017fc3723c60
Event: 61.044 Thread 0x0000017fc4f14360 Thread added: 0x0000017fc4f14360
Event: 61.045 Thread 0x0000017fc4f149f0 Thread added: 0x0000017fc4f149f0
Event: 62.162 Thread 0x0000017fc3c165f0 Thread added: 0x0000017fc3c165f0
Event: 72.143 Thread 0x0000017fc5217860 Thread added: 0x0000017fc5217860
Event: 78.162 Thread 0x0000017fc5217860 Thread exited: 0x0000017fc5217860
Event: 84.918 Thread 0x0000017fc52171d0 Thread added: 0x0000017fc52171d0
Event: 90.946 Thread 0x0000017fc52171d0 Thread exited: 0x0000017fc52171d0
Event: 93.365 Thread 0x0000017fc5215790 Thread added: 0x0000017fc5215790
Event: 93.368 Thread 0x0000017fc5215790 Thread exited: 0x0000017fc5215790
Event: 98.403 Thread 0x0000017fc5217860 Thread added: 0x0000017fc5217860
Event: 103.498 Thread 0x0000017fc5217860 Thread exited: 0x0000017fc5217860
Event: 115.233 Thread 0x0000017fc5217860 Thread added: 0x0000017fc5217860
Event: 124.648 Thread 0x0000017fc5217860 Thread exited: 0x0000017fc5217860
Event: 126.949 Thread 0x0000017fc5215100 Thread added: 0x0000017fc5215100


Dynamic libraries:
0x00007ff7a4200000 - 0x00007ff7a4210000 	C:\Program Files\Java\jdk-21.0.12.1\bin\java.exe
0x00007ffd9bec0000 - 0x00007ffd9c126000 	C:\WINDOWS\SYSTEM32\ntdll.dll
0x00007ffd9a3c0000 - 0x00007ffd9a489000 	C:\WINDOWS\System32\KERNEL32.DLL
0x00007ffd990d0000 - 0x00007ffd994cf000 	C:\WINDOWS\System32\KERNELBASE.dll
0x00007ffd99a00000 - 0x00007ffd99b4c000 	C:\WINDOWS\System32\ucrtbase.dll
0x00007ffd956d0000 - 0x00007ffd956ee000 	C:\Program Files\Java\jdk-21.0.12.1\bin\VCRUNTIME140.dll
0x00007ffd956b0000 - 0x00007ffd956c9000 	C:\Program Files\Java\jdk-21.0.12.1\bin\jli.dll
0x00007ffd9bd80000 - 0x00007ffd9be3c000 	C:\WINDOWS\System32\ADVAPI32.dll
0x00007ffd99db0000 - 0x00007ffd99e59000 	C:\WINDOWS\System32\msvcrt.dll
0x00007ffd9a630000 - 0x00007ffd9a6da000 	C:\WINDOWS\System32\sechost.dll
0x00007ffd9bc60000 - 0x00007ffd9bd78000 	C:\WINDOWS\System32\RPCRT4.dll
0x00007ffd9ba90000 - 0x00007ffd9bc56000 	C:\WINDOWS\System32\USER32.dll
0x00007ffd7e3e0000 - 0x00007ffd7e671000 	C:\WINDOWS\WinSxS\amd64_microsoft.windows.common-controls_6595b64144ccf1df_6.0.26100.8972_none_3e0da176e32f9d4b\COMCTL32.dll
0x00007ffd997f0000 - 0x00007ffd99817000 	C:\WINDOWS\System32\win32u.dll
0x00007ffd9be50000 - 0x00007ffd9be7b000 	C:\WINDOWS\System32\GDI32.dll
0x00007ffd998d0000 - 0x00007ffd999f9000 	C:\WINDOWS\System32\gdi32full.dll
0x00007ffd99820000 - 0x00007ffd998c3000 	C:\WINDOWS\System32\msvcp_win.dll
0x00007ffd8a6b0000 - 0x00007ffd8a6bb000 	C:\WINDOWS\SYSTEM32\VERSION.dll
0x00007ffd99bf0000 - 0x00007ffd99c22000 	C:\WINDOWS\System32\IMM32.DLL
0x00007ffd95750000 - 0x00007ffd9575c000 	C:\Program Files\Java\jdk-21.0.12.1\bin\vcruntime140_1.dll
0x00007ffd93a30000 - 0x00007ffd93abd000 	C:\Program Files\Java\jdk-21.0.12.1\bin\msvcp140.dll
0x00007ffd17d20000 - 0x00007ffd18a48000 	C:\Program Files\Java\jdk-21.0.12.1\bin\server\jvm.dll
0x00007ffd99cc0000 - 0x00007ffd99d42000 	C:\WINDOWS\System32\WS2_32.dll
0x00007ffd98f30000 - 0x00007ffd98f8e000 	C:\WINDOWS\SYSTEM32\POWRPROF.dll
0x00007ffd87690000 - 0x00007ffd876c6000 	C:\WINDOWS\SYSTEM32\WINMM.dll
0x00007ffd98f10000 - 0x00007ffd98f25000 	C:\WINDOWS\SYSTEM32\UMPDC.dll
0x00007ffd97dc0000 - 0x00007ffd97ddb000 	C:\WINDOWS\SYSTEM32\kernel.appcore.dll
0x00007ffd956a0000 - 0x00007ffd956aa000 	C:\Program Files\Java\jdk-21.0.12.1\bin\jimage.dll
0x00007ffd93ed0000 - 0x00007ffd94112000 	C:\WINDOWS\SYSTEM32\DBGHELP.DLL
0x00007ffd9a030000 - 0x00007ffd9a3b5000 	C:\WINDOWS\System32\combase.dll
0x00007ffd9a540000 - 0x00007ffd9a619000 	C:\WINDOWS\System32\OLEAUT32.dll
0x00007ffd850a0000 - 0x00007ffd850db000 	C:\WINDOWS\SYSTEM32\dbgcore.DLL
0x00007ffd99670000 - 0x00007ffd9971c000 	C:\WINDOWS\System32\bcryptPrimitives.dll
0x00007ffd939d0000 - 0x00007ffd939f1000 	C:\Program Files\Java\jdk-21.0.12.1\bin\java.dll
0x00007ffd9ac70000 - 0x00007ffd9b3f8000 	C:\WINDOWS\System32\SHELL32.dll
0x00007ffd96ba0000 - 0x00007ffd9743b000 	C:\WINDOWS\SYSTEM32\windows.storage.dll
0x00007ffd9a6e0000 - 0x00007ffd9a7d9000 	C:\WINDOWS\System32\SHCORE.dll
0x00007ffd99fb0000 - 0x00007ffd9a016000 	C:\WINDOWS\System32\shlwapi.dll
0x00007ffd98ff0000 - 0x00007ffd99019000 	C:\WINDOWS\SYSTEM32\profapi.dll
0x00007ffd875b0000 - 0x00007ffd87687000 	C:\Program Files\Java\jdk-21.0.12.1\bin\jsvml.dll
0x00007ffd939b0000 - 0x00007ffd939c8000 	C:\Program Files\Java\jdk-21.0.12.1\bin\zip.dll
0x00007ffd93990000 - 0x00007ffd939a1000 	C:\Program Files\Java\jdk-21.0.12.1\bin\net.dll
0x00007ffd8cc40000 - 0x00007ffd8cd68000 	C:\WINDOWS\SYSTEM32\WINHTTP.dll
0x00007ffd98370000 - 0x00007ffd983dc000 	C:\WINDOWS\system32\mswsock.dll
0x00007ffd93970000 - 0x00007ffd93986000 	C:\Program Files\Java\jdk-21.0.12.1\bin\nio.dll
0x00007ffd25fd0000 - 0x00007ffd26164000 	C:\Program Files\Java\jdk-21.0.12.1\bin\awt.dll
0x00007ffd96130000 - 0x00007ffd961cf000 	C:\WINDOWS\SYSTEM32\apphelp.dll
0x00007ffd964a0000 - 0x00007ffd964cf000 	C:\WINDOWS\system32\DWMAPI.DLL
0x00007ffd96210000 - 0x00007ffd962b8000 	C:\WINDOWS\system32\uxtheme.dll
0x00007ffd5e720000 - 0x00007ffd5e82c000 	C:\WINDOWS\system32\opengl32.dll
0x00007ffd5e6a0000 - 0x00007ffd5e6cd000 	C:\WINDOWS\SYSTEM32\GLU32.dll
0x00007ffd962f0000 - 0x00007ffd96335000 	C:\WINDOWS\SYSTEM32\dxcore.dll
0x00007ffd9b7d0000 - 0x00007ffd9b92d000 	C:\WINDOWS\System32\MSCTF.dll
0x00007ffd9b400000 - 0x00007ffd9b599000 	C:\WINDOWS\System32\ole32.dll
0x00007ffd86880000 - 0x00007ffd86a32000 	C:\WINDOWS\system32\d3d9.dll
0x00007ffd98bb0000 - 0x00007ffd98c02000 	C:\WINDOWS\SYSTEM32\cfgmgr32.dll
0x00007ffd936b0000 - 0x00007ffd9370f000 	C:\WINDOWS\SYSTEM32\directxdatabasehelper.dll
0x00007ffd89100000 - 0x00007ffd89205000 	C:\WINDOWS\System32\DriverStore\FileRepository\nvacegpu.inf_amd64_3198b9d45ddbfb6b\nvldumdx.dll
0x00007ffd987b0000 - 0x00007ffd987c3000 	C:\WINDOWS\SYSTEM32\msasn1.dll
0x00007ffd8a670000 - 0x00007ffd8a6ab000 	C:\WINDOWS\SYSTEM32\cryptnet.dll
0x00007ffd994e0000 - 0x00007ffd9965e000 	C:\WINDOWS\System32\CRYPT32.dll
0x00007ffd98680000 - 0x00007ffd9868c000 	C:\WINDOWS\SYSTEM32\cryptbase.dll
0x00007ffd99b60000 - 0x00007ffd99be3000 	C:\WINDOWS\System32\WINTRUST.DLL
0x00007ffd9b7a0000 - 0x00007ffd9b7c0000 	C:\WINDOWS\System32\imagehlp.dll
0x00007ffd98660000 - 0x00007ffd9867b000 	C:\WINDOWS\SYSTEM32\CRYPTSP.dll
0x00007ffd97d20000 - 0x00007ffd97d59000 	C:\WINDOWS\system32\rsaenh.dll
0x00007ffd98fc0000 - 0x00007ffd98fea000 	C:\WINDOWS\SYSTEM32\bcrypt.dll
0x00007ffc9c580000 - 0x00007ffc9e1ca000 	C:\WINDOWS\System32\DriverStore\FileRepository\nvacegpu.inf_amd64_3198b9d45ddbfb6b\nvd3dumx.dll
0x00007ffd983f0000 - 0x00007ffd98415000 	C:\WINDOWS\SYSTEM32\gpapi.dll
0x00007ffd60290000 - 0x00007ffd603f5000 	C:\WINDOWS\System32\DriverStore\FileRepository\iigd_dch.inf_amd64_9dbc143909c9c41e\igdumdim64.dll
0x00007ffd043a0000 - 0x00007ffd0802b000 	C:\WINDOWS\System32\DriverStore\FileRepository\iigd_dch.inf_amd64_9dbc143909c9c41e\igd9dxva64.dll
0x00007ffd9a7e0000 - 0x00007ffd9ac67000 	C:\WINDOWS\System32\SETUPAPI.dll
0x00007ffd8ffd0000 - 0x00007ffd90306000 	C:\WINDOWS\System32\DriverStore\FileRepository\iigd_dch.inf_amd64_9dbc143909c9c41e\igdgmm64.dll
0x00007ffd24cf0000 - 0x00007ffd24d17000 	C:\WINDOWS\System32\DriverStore\FileRepository\iigd_dch.inf_amd64_9dbc143909c9c41e\igdinfo64.dll
0x00007ffd8d190000 - 0x00007ffd8ff1f000 	C:\WINDOWS\System32\DriverStore\FileRepository\iigd_dch.inf_amd64_9dbc143909c9c41e\igc64.dll
0x00007ffd87520000 - 0x00007ffd875ab000 	C:\Program Files\Java\jdk-21.0.12.1\bin\freetype.dll
0x00007ffd70aa0000 - 0x00007ffd70b9a000 	C:\Program Files\Java\jdk-21.0.12.1\bin\fontmanager.dll
0x00007ffd97920000 - 0x00007ffd97a78000 	C:\WINDOWS\SYSTEM32\DNSAPI.dll
0x00007ffd98150000 - 0x00007ffd9815d000 	C:\WINDOWS\SYSTEM32\DSPARSE.dll
0x00007ffd97840000 - 0x00007ffd97873000 	C:\WINDOWS\SYSTEM32\IPHLPAPI.DLL
0x00007ffd9a020000 - 0x00007ffd9a02a000 	C:\WINDOWS\System32\NSI.dll
0x00007ffd8ff20000 - 0x00007ffd8ff2b000 	C:\Windows\System32\rasadhlp.dll
0x00007ffd922c0000 - 0x00007ffd92346000 	C:\WINDOWS\System32\fwpuclnt.dll
0x00007ffd93960000 - 0x00007ffd93969000 	C:\Program Files\Java\jdk-21.0.12.1\bin\extnet.dll
0x00007ffd92670000 - 0x00007ffd92680000 	C:\Program Files\Java\jdk-21.0.12.1\bin\verify.dll
0x00007ffd99ee0000 - 0x00007ffd99f8e000 	C:\WINDOWS\System32\clbcatq.dll
0x00007ffd94910000 - 0x00007ffd94b3d000 	C:\WINDOWS\SYSTEM32\WindowsCodecs.dll
0x00007ffd570e0000 - 0x00007ffd5713c000 	C:\WINDOWS\system32\dataexchange.dll
0x00007ffd8bc10000 - 0x00007ffd8be60000 	C:\WINDOWS\system32\twinapi.appcore.dll
0x00007ffd704b0000 - 0x00007ffd705f6000 	C:\WINDOWS\SYSTEM32\textinputframework.dll
0x00007ffd92660000 - 0x00007ffd9266e000 	C:\Program Files\Java\jdk-21.0.12.1\bin\sunmscapi.dll
0x00007ffd98820000 - 0x00007ffd98850000 	C:\WINDOWS\SYSTEM32\ncrypt.dll
0x00007ffd987d0000 - 0x00007ffd9880f000 	C:\WINDOWS\SYSTEM32\NTASN1.dll
0x00007ffd16210000 - 0x00007ffd16218000 	C:\WINDOWS\system32\wshunix.dll
0x00007ffd98420000 - 0x00007ffd98452000 	C:\WINDOWS\SYSTEM32\USERENV.dll

dbghelp: loaded successfully - version: 4.0.5 - missing functions: none
symbol engine: initialized successfully - sym options: 0x614 - pdb path: .;C:\Program Files\Java\jdk-21.0.12.1\bin;C:\WINDOWS\SYSTEM32;C:\WINDOWS\WinSxS\amd64_microsoft.windows.common-controls_6595b64144ccf1df_6.0.26100.8972_none_3e0da176e32f9d4b;C:\Program Files\Java\jdk-21.0.12.1\bin\server;C:\WINDOWS\System32\DriverStore\FileRepository\nvacegpu.inf_amd64_3198b9d45ddbfb6b;C:\WINDOWS\System32\DriverStore\FileRepository\iigd_dch.inf_amd64_9dbc143909c9c41e

VM Arguments:
jvm_args: -Xms128m -Xmx3g -Xss256k -XX:CompressedClassSpaceSize=128m -XX:ReservedCodeCacheSize=128m -XX:CICompilerCount=2 -Duser.dir=F:\NgocRong\Server 
java_command: nro.server.ServerManager
java_class_path (initial): out;lib\flatlaf-3.4.1.jar;lib\flatlaf-intellij-themes-3.6.1.jar;lib\NgocRongOnline.jar;lib\okhttp-3.0.0.jar;lib\pcap4j-core-1.7.4.jar
Launcher Type: SUN_STANDARD

[Global flags]
     intx CICompilerCount                          = 2                                         {product} {command line}
   size_t CompressedClassSpaceSize                 = 134217728                                 {product} {command line}
     uint ConcGCThreads                            = 2                                         {product} {ergonomic}
     uint G1ConcRefinementThreads                  = 8                                         {product} {ergonomic}
   size_t G1HeapRegionSize                         = 2097152                                   {product} {ergonomic}
    uintx GCDrainStackTargetSize                   = 64                                        {product} {ergonomic}
   size_t InitialHeapSize                          = 134217728                                 {product} {command line}
   size_t MarkStackSize                            = 4194304                                   {product} {ergonomic}
   size_t MaxHeapSize                              = 3221225472                                {product} {command line}
   size_t MaxNewSize                               = 1931476992                                {product} {ergonomic}
   size_t MinHeapDeltaBytes                        = 2097152                                   {product} {ergonomic}
   size_t MinHeapSize                              = 134217728                                 {product} {command line}
    uintx NonNMethodCodeHeapSize                   = 4096                                   {pd product} {ergonomic}
    uintx NonProfiledCodeHeapSize                  = 0                                      {pd product} {ergonomic}
    uintx ProfiledCodeHeapSize                     = 0                                      {pd product} {ergonomic}
    uintx ReservedCodeCacheSize                    = 134217728                              {pd product} {command line}
   size_t SoftMaxHeapSize                          = 3221225472                             {manageable} {ergonomic}
     intx ThreadStackSize                          = 256                                    {pd product} {command line}
     bool UseCompressedOops                        = true                           {product lp64_product} {ergonomic}
     bool UseG1GC                                  = true                                      {product} {ergonomic}
     bool UseLargePagesIndividualAllocation        = false                                  {pd product} {ergonomic}

Logging:
Log output configuration:
 #0: stdout all=warning uptime,level,tags foldmultilines=false
 #1: stderr all=off uptime,level,tags foldmultilines=false

Environment Variables:
JAVA_HOME=C:\Program Files\Java\jdk-21
PATH=____          _____ _               _          _     
 |  _ \  ___   |_   _| |__   ___     \ \   _ __ | |__  
 | | | |\ _ \    | | | '_ \ \ _ \   \ _ \ | '_ \| '_ \ 
 | |_| | (_) |   | | | | | |  __\  \ ___ \| | | | | | |
 |____\ \___\    |_| |_| |_|\___| \_\   \_\_| |_|_| |_|
                                                       
\c\Users\admin\bin;C:\Program Files\Git\mingw64\bin;C:\Program Files\Git\usr\local\bin;C:\Program Files\Git\usr\bin;C:\Program Files\Git\usr\bin;C:\Program Files\Git\mingw64\bin;C:\Program Files\Git\usr\bin;C:\Users\admin\bin;C:\Program Files\Common Files\Oracle\Java\javapath;C:\Program Files (x86)\Common Files\Oracle\Java\java8path;C:\Program Files (x86)\Common Files\Oracle\Java\javapath;C:\Windows\system32;C:\Windows;C:\Windows\System32\Wbem;C:\Windows\System32\WindowsPowerShell\v1.0;C:\Windows\System32\OpenSSH;C:\Program Files\dotnet;C:\Program Files\Microsoft SQL Server\150\Tools\Binn;C:\Program Files\Microsoft SQL Server\Client SDK\ODBC\170\Tools\Binn;C:\Program Files (x86)\Microsoft SQL Server\160\DTS\Binn;C:\Program Files (x86)\Microsoft SQL Server\160\Tools\Binn;C:\Program Files\Microsoft SQL Server\160\Tools\Binn;C:\Program Files\Microsoft SQL Server\160\DTS\Binn;C:\Program Files\Git\cmd;C:\Program Files\nodejs;C:\Program Files (x86)\NVIDIA Corporation\PhysX\Common;C:\Users\admin\Downloads\oc;C:\Program Files\Docker\Docker\resources\bin;C:\Program Files\Cloudflare\Cloudflare WARP;C:\Users\admin\AppData\Local\Programs\cursor\resources\app\bin;C:\apache-maven-3.9.11\bin;C:\Program Files\cursor\resources\app\bin ;C:\Program Files\Java\jdk-21\bin;C:\Program Files (x86)\Windows Kits\10\Windows Performance Toolkit;C:\WINDOWS\system32;C:\WINDOWS;C:\WINDOWS\System32\Wbem;C:\WINDOWS\System32\WindowsPowerShell\v1.0;C:\WINDOWS\System32\OpenSSH;C:\Windows\system32\config\systemprofile\AppData\Local\Microsoft\WindowsApps;C:\Windows\system32\config\systemprofile\.dotnet\tools;C:\Users\admin\AppData\Local\Programs\Microsoft VS Code\bin;C:\Users\admin\AppData\Roaming\npm;C:\Program Files\nodejs;C:\Users\admin\AppData\Local\Python\bin;C:\Users\admin\AppData\Local\Programs\Lens\resources\cli\bin;C:\Users\admin\AppData\Local\Unity\bin;C:\Users\admin\AppData\Local\Microsoft\WindowsApps;C:\Program Files\Git\usr\bin\vendor_perl;C:\Program Files\Git\usr\bin\core_perl
USERNAME=admin
SHELL=C:\Program Files\Git\bin\bash.exe
TERM=xterm-256color
OS=Windows_NT
PROCESSOR_IDENTIFIER=Intel64 Family 6 Model 140 Stepping 1, GenuineIntel
TMP=C:\Users\admin\AppData\Local\Temp
TEMP=C:\Users\admin\AppData\Local\Temp




Periodic native trim disabled

---------------  S Y S T E M  ---------------

OS:
 Windows 11 , 64 bit Build 26100 (10.0.26100.9168)
OS uptime: 0 days 6:40 hours

CPU: total 8 (initial active 8) (4 cores per cpu, 2 threads per core) family 6 model 140 stepping 1 microcode 0x86, cx8, cmov, fxsr, ht, mmx, 3dnowpref, sse, sse2, sse3, ssse3, sse4.1, sse4.2, popcnt, lzcnt, tsc, tscinvbit, avx, avx2, aes, erms, clmul, bmi1, bmi2, adx, avx512f, avx512dq, avx512cd, avx512bw, avx512vl, sha, fma, vzeroupper, avx512_vpopcntdq, avx512_vpclmulqdq, avx512_vaes, avx512_vnni, clflush, clflushopt, clwb, avx512_vbmi2, avx512_vbmi, rdtscp, rdpid, fsrm, gfni, avx512_bitalg, f16c, pku, cet_ibt, cet_ss, avx512_ifma
Processor Information for all 8 processors :
  Max Mhz: 3110, Current Mhz: 3110, Mhz Limit: 3110

Memory: 4k page, system-wide physical 16179M (1880M free)
TotalPageFile size 27839M (AvailPageFile size 8M)
current process WorkingSet (physical memory assigned to process): 311M, peak: 480M
current process commit charge ("private bytes"): 376M, peak: 566M

vm_info: Java HotSpot(TM) 64-Bit Server VM (21.0.12.1+1-LTS-4) for windows-amd64 JRE (21.0.12.1+1-LTS-4), built on 2026-07-15T18:25:55Z by "mach5run" with MS VC++ 17.13 (VS2022)

END.
