#
# There is insufficient memory for the Java Runtime Environment to continue.
# Native memory allocation (mmap) failed to map 90177536 bytes for G1 virtual space
# Possible reasons:
#   The system is out of physical RAM or swap space
#   The process is running with CompressedOops enabled, and the Java Heap may be blocking the growth of the native heap
# Possible solutions:
#   Reduce memory load on the system
#   Increase physical memory or swap space
#   Check if swap backing store is full
#   Decrease Java heap size (-Xmx/-Xms)
#   Decrease number of Java threads
#   Decrease Java thread stack sizes (-Xss)
#   Set larger code cache with -XX:ReservedCodeCacheSize=
#   JVM is running with Zero Based Compressed Oops mode in which the Java heap is
#     placed in the first 32GB address space. The Java Heap base address is the
#     maximum limit for the native heap growth. Please use -XX:HeapBaseMinAddress
#     to set the Java Heap base and to place the Java Heap above 32GB virtual address.
# This output file may be truncated or incomplete.
#
#  Out of Memory Error (os_windows.cpp:3621), pid=1880, tid=10272
#
# JRE version: Java(TM) SE Runtime Environment (21.0.12.1+1) (build 21.0.12.1+1-LTS-4)
# Java VM: Java HotSpot(TM) 64-Bit Server VM (21.0.12.1+1-LTS-4, mixed mode, sharing, tiered, compressed oops, compressed class ptrs, g1 gc, windows-amd64)
# No core dump will be written. Minidumps are not enabled by default on client versions of Windows
#

---------------  S U M M A R Y ------------

Command Line: -Dapplication.home=C:\Program Files\Java\jdk-21.0.12.1 --add-modules=ALL-DEFAULT -Xms8m -Djdk.module.main=jdk.compiler jdk.compiler/com.sun.tools.javac.Main -encoding UTF-8 -cp lib\flatlaf-3.4.1.jar;lib\flatlaf-intellij-themes-3.6.1.jar;lib\NgocRongOnline.jar;lib\okhttp-3.0.0.jar;lib\pcap4j-core-1.7.4.jar -d out @sources.txt

Host: 11th Gen Intel(R) Core(TM) i5-11300H @ 3.10GHz, 8 cores, 15G,  Windows 10 , 64 bit Build 19041 (10.0.19041.5915)
Time: Fri Aug 28 07:24:15 2026 SE Asia Standard Time elapsed time: 3.858619 seconds (0d 0h 0m 3s)

---------------  T H R E A D  ---------------

Current thread (0x000001bc15c270d0):  VMThread "VM Thread"          [id=10272, stack(0x000000667f400000,0x000000667f500000) (1024K)]

Stack: [0x000000667f400000,0x000000667f500000]
Native frames: (J=compiled Java code, j=interpreted, Vv=VM code, C=native code)
V  [jvm.dll+0x6d1079]
V  [jvm.dll+0x860376]
V  [jvm.dll+0x86286e]
V  [jvm.dll+0x862f43]
V  [jvm.dll+0x282bd6]
V  [jvm.dll+0x6cd925]
V  [jvm.dll+0x6c241a]
V  [jvm.dll+0x35c038]
V  [jvm.dll+0x363d06]
V  [jvm.dll+0x3b4e1e]
V  [jvm.dll+0x3b50c8]
V  [jvm.dll+0x32faec]
V  [jvm.dll+0x32fb7a]
V  [jvm.dll+0x374052]
V  [jvm.dll+0x3727dd]
V  [jvm.dll+0x32f231]
V  [jvm.dll+0x371e3a]
V  [jvm.dll+0x868c3f]
V  [jvm.dll+0x869fcc]
V  [jvm.dll+0x86a501]
V  [jvm.dll+0x86a7a3]
V  [jvm.dll+0x80ad8d]
V  [jvm.dll+0x6cf91d]
C  [ucrtbase.dll+0x21bb2]
C  [KERNEL32.DLL+0x17374]
C  [ntdll.dll+0x4cc91]

VM_Operation (0x000000667edfd5d0): G1CollectForAllocation, mode: safepoint, requested by thread 0x000001bc15b62f90


---------------  P R O C E S S  ---------------

Threads class SMR info:
_java_thread_list=0x000001bc7d283450, length=12, elements={
0x000001bc15b62f90, 0x000001bc36bfd2c0, 0x000001bc36bfe1e0, 0x000001bc36bfffb0,
0x000001bc36c02a20, 0x000001bc36c03480, 0x000001bc36c03ee0, 0x000001bc36c05c80,
0x000001bc36c08730, 0x000001bc7c105d70, 0x000001bc7c204a00, 0x000001bc7c29ca10
}

Java Threads: ( => current thread )
  0x000001bc15b62f90 JavaThread "main"                              [_thread_blocked, id=4680, stack(0x000000667ed00000,0x000000667ee00000) (1024K)]
  0x000001bc36bfd2c0 JavaThread "Reference Handler"          daemon [_thread_blocked, id=10248, stack(0x000000667f500000,0x000000667f600000) (1024K)]
  0x000001bc36bfe1e0 JavaThread "Finalizer"                  daemon [_thread_blocked, id=14540, stack(0x000000667f600000,0x000000667f700000) (1024K)]
  0x000001bc36bfffb0 JavaThread "Signal Dispatcher"          daemon [_thread_blocked, id=4604, stack(0x000000667f700000,0x000000667f800000) (1024K)]
  0x000001bc36c02a20 JavaThread "Attach Listener"            daemon [_thread_blocked, id=19124, stack(0x000000667f800000,0x000000667f900000) (1024K)]
  0x000001bc36c03480 JavaThread "Service Thread"             daemon [_thread_blocked, id=7152, stack(0x000000667f900000,0x000000667fa00000) (1024K)]
  0x000001bc36c03ee0 JavaThread "Monitor Deflation Thread"   daemon [_thread_blocked, id=2812, stack(0x000000667fa00000,0x000000667fb00000) (1024K)]
  0x000001bc36c05c80 JavaThread "C2 CompilerThread0"         daemon [_thread_in_native, id=19900, stack(0x000000667fb00000,0x000000667fc00000) (1024K)]
  0x000001bc36c08730 JavaThread "C1 CompilerThread0"         daemon [_thread_blocked, id=14628, stack(0x000000667fc00000,0x000000667fd00000) (1024K)]
  0x000001bc7c105d70 JavaThread "Notification Thread"        daemon [_thread_blocked, id=18104, stack(0x000000667fd00000,0x000000667fe00000) (1024K)]
  0x000001bc7c204a00 JavaThread "Common-Cleaner"             daemon [_thread_blocked, id=21384, stack(0x000000667fe00000,0x000000667ff00000) (1024K)]
  0x000001bc7c29ca10 JavaThread "C2 CompilerThread1"         daemon [_thread_blocked, id=22304, stack(0x0000006600200000,0x0000006600300000) (1024K)]
Total: 12

Other Threads:
=>0x000001bc15c270d0 VMThread "VM Thread"                           [id=10272, stack(0x000000667f400000,0x000000667f500000) (1024K)]
  0x000001bc36beca10 WatcherThread "VM Periodic Task Thread"        [id=15200, stack(0x000000667f300000,0x000000667f400000) (1024K)]
  0x000001bc15bc6310 WorkerThread "GC Thread#0"                     [id=7264, stack(0x000000667ee00000,0x000000667ef00000) (1024K)]
  0x000001bc7c297570 WorkerThread "GC Thread#1"                     [id=19016, stack(0x000000667ff00000,0x0000006680000000) (1024K)]
  0x000001bc7c29ecc0 WorkerThread "GC Thread#2"                     [id=15596, stack(0x0000006600000000,0x0000006600100000) (1024K)]
  0x000001bc7c29f070 WorkerThread "GC Thread#3"                     [id=11364, stack(0x0000006600100000,0x0000006600200000) (1024K)]
  0x000001bc7c6205f0 WorkerThread "GC Thread#4"                     [id=13856, stack(0x0000006600300000,0x0000006600400000) (1024K)]
  0x000001bc7c6209a0 WorkerThread "GC Thread#5"                     [id=17484, stack(0x0000006600400000,0x0000006600500000) (1024K)]
  0x000001bc7c8d9050 WorkerThread "GC Thread#6"                     [id=1804, stack(0x0000006600500000,0x0000006600600000) (1024K)]
  0x000001bc7cb044e0 WorkerThread "GC Thread#7"                     [id=11144, stack(0x0000006600600000,0x0000006600700000) (1024K)]
  0x000001bc15bd7180 ConcurrentGCThread "G1 Main Marker"            [id=14816, stack(0x000000667ef00000,0x000000667f000000) (1024K)]
  0x000001bc15bd7c90 WorkerThread "G1 Conc#0"                       [id=18596, stack(0x000000667f000000,0x000000667f100000) (1024K)]
  0x000001bc7cc9dac0 WorkerThread "G1 Conc#1"                       [id=19960, stack(0x0000006600800000,0x0000006600900000) (1024K)]
  0x000001bc15c00e40 ConcurrentGCThread "G1 Refine#0"               [id=11300, stack(0x000000667f100000,0x000000667f200000) (1024K)]
  0x000001bc15c019c0 ConcurrentGCThread "G1 Service"                [id=10372, stack(0x000000667f200000,0x000000667f300000) (1024K)]
Total: 15

Threads with active compile tasks:
C2 CompilerThread0     3890 1852   !   4       com.sun.tools.javac.parser.JavacParser::methodDeclaratorRest (298 bytes)
C2 CompilerThread1     3890 1863       4       com.sun.tools.javac.parser.JavacParser::blockStatement (1401 bytes)
Total: 2

VM state: at safepoint (normal execution)

VM Mutex/Monitor currently owned by a thread:  ([mutex/lock_event])
[0x00007ffcefa5af50] Threads_lock - owner thread: 0x000001bc15c270d0
[0x00007ffcefa5b050] Heap_lock - owner thread: 0x000001bc15b62f90

Heap address: 0x0000000703200000, size: 4046 MB, Compressed Oops mode: Zero based, Oop shift amount: 3

CDS archive(s) mapped at: [0x000001bc37000000-0x000001bc37c90000-0x000001bc37c90000), size 13172736, SharedBaseAddress: 0x000001bc37000000, ArchiveRelocationMode: 1.
Compressed class space mapped at: 0x000001bc38000000-0x000001bc78000000, reserved size: 1073741824
Narrow klass base: 0x000001bc37000000, Narrow klass shift: 0, Narrow klass range: 0x100000000

GC Precious Log:
 CardTable entry size: 512
 Card Set container configuration: InlinePtr #cards 4 size 8 Array Of Cards #cards 16 size 48 Howl #buckets 8 coarsen threshold 3686 Howl Bitmap #cards 512 size 80 coarsen threshold 460 Card regions per heap region 1 cards per card region 4096
 CPUs: 8 total, 8 available
 Memory: 16179M
 Large Page Support: Disabled
 NUMA Support: Disabled
 Compressed Oops: Enabled (Zero based)
 Heap Region Size: 2M
 Heap Min Capacity: 8M
 Heap Initial Capacity: 8M
 Heap Max Capacity: 4046M
 Pre-touch: Disabled
 Parallel Workers: 8
 Concurrent Workers: 2
 Concurrent Refinement Workers: 8
 Periodic GC: Disabled

Heap:
 garbage-first heap   total 90112K, used 61193K [0x0000000703200000, 0x0000000800000000)
  region size 2048K, 2 young (4096K), 2 survivors (4096K)
 Metaspace       used 8781K, committed 8960K, reserved 1114112K
  class space    used 917K, committed 1024K, reserved 1048576K

Heap Regions: E=young(eden), S=young(survivor), O=old, HS=humongous(starts), HC=humongous(continues), CS=collection set, F=free, TAMS=top-at-mark-start, PB=parsable bottom
|   0|0x0000000703200000, 0x0000000703400000, 0x0000000703400000|100%| O|  |TAMS 0x0000000703400000| PB 0x0000000703200000| Untracked 
|   1|0x0000000703400000, 0x0000000703600000, 0x0000000703600000|100%| O|  |TAMS 0x0000000703600000| PB 0x0000000703400000| Untracked 
|   2|0x0000000703600000, 0x0000000703800000, 0x0000000703800000|100%| O|  |TAMS 0x0000000703800000| PB 0x0000000703600000| Untracked 
|   3|0x0000000703800000, 0x0000000703a00000, 0x0000000703a00000|100%| O|  |TAMS 0x0000000703a00000| PB 0x0000000703800000| Untracked 
|   4|0x0000000703a00000, 0x0000000703c00000, 0x0000000703c00000|100%| O|  |TAMS 0x0000000703c00000| PB 0x0000000703a00000| Untracked 
|   5|0x0000000703c00000, 0x0000000703e00000, 0x0000000703e00000|100%| O|  |TAMS 0x0000000703e00000| PB 0x0000000703c00000| Untracked 
|   6|0x0000000703e00000, 0x0000000704000000, 0x0000000704000000|100%| O|  |TAMS 0x0000000704000000| PB 0x0000000703e00000| Untracked 
|   7|0x0000000704000000, 0x0000000704200000, 0x0000000704200000|100%| O|  |TAMS 0x0000000704200000| PB 0x0000000704000000| Untracked 
|   8|0x0000000704200000, 0x0000000704400000, 0x0000000704400000|100%| O|  |TAMS 0x0000000704400000| PB 0x0000000704200000| Untracked 
|   9|0x0000000704400000, 0x0000000704600000, 0x0000000704600000|100%| O|  |TAMS 0x0000000704600000| PB 0x0000000704400000| Untracked 
|  10|0x0000000704600000, 0x0000000704800000, 0x0000000704800000|100%| O|  |TAMS 0x0000000704800000| PB 0x0000000704600000| Untracked 
|  11|0x0000000704800000, 0x0000000704a00000, 0x0000000704a00000|100%| O|  |TAMS 0x0000000704a00000| PB 0x0000000704800000| Untracked 
|  12|0x0000000704a00000, 0x0000000704c00000, 0x0000000704c00000|100%| O|  |TAMS 0x0000000704a00000| PB 0x0000000704a00000| Untracked 
|  13|0x0000000704c00000, 0x0000000704e00000, 0x0000000704e00000|100%| O|  |TAMS 0x0000000704e00000| PB 0x0000000704c00000| Untracked 
|  14|0x0000000704e00000, 0x0000000705000000, 0x0000000705000000|100%| O|  |TAMS 0x0000000705000000| PB 0x0000000704e00000| Untracked 
|  15|0x0000000705000000, 0x0000000705200000, 0x0000000705200000|100%| O|  |TAMS 0x0000000705200000| PB 0x0000000705000000| Untracked 
|  16|0x0000000705200000, 0x0000000705400000, 0x0000000705400000|100%| O|  |TAMS 0x0000000705400000| PB 0x0000000705200000| Untracked 
|  17|0x0000000705400000, 0x0000000705600000, 0x0000000705600000|100%| O|  |TAMS 0x0000000705600000| PB 0x0000000705400000| Untracked 
|  18|0x0000000705600000, 0x0000000705800000, 0x0000000705800000|100%| O|  |TAMS 0x0000000705800000| PB 0x0000000705600000| Untracked 
|  19|0x0000000705800000, 0x0000000705a00000, 0x0000000705a00000|100%| O|  |TAMS 0x0000000705a00000| PB 0x0000000705800000| Untracked 
|  20|0x0000000705a00000, 0x0000000705c00000, 0x0000000705c00000|100%| O|  |TAMS 0x0000000705c00000| PB 0x0000000705a00000| Untracked 
|  21|0x0000000705c00000, 0x0000000705e00000, 0x0000000705e00000|100%| O|  |TAMS 0x0000000705e00000| PB 0x0000000705c00000| Untracked 
|  22|0x0000000705e00000, 0x0000000706000000, 0x0000000706000000|100%| O|  |TAMS 0x0000000706000000| PB 0x0000000705e00000| Untracked 
|  23|0x0000000706000000, 0x0000000706200000, 0x0000000706200000|100%| O|  |TAMS 0x0000000706200000| PB 0x0000000706000000| Untracked 
|  24|0x0000000706200000, 0x0000000706400000, 0x0000000706400000|100%| O|  |TAMS 0x0000000706400000| PB 0x0000000706200000| Untracked 
|  25|0x0000000706400000, 0x0000000706600000, 0x0000000706600000|100%| O|  |TAMS 0x00000007065b5f30| PB 0x0000000706400000| Untracked 
|  26|0x0000000706600000, 0x0000000706800000, 0x0000000706800000|100%| O|  |TAMS 0x0000000706600000| PB 0x0000000706600000| Untracked 
|  27|0x0000000706800000, 0x00000007069c2708, 0x0000000706a00000| 87%| O|  |TAMS 0x0000000706800000| PB 0x0000000706800000| Untracked 
|  28|0x0000000706a00000, 0x0000000706a00000, 0x0000000706c00000|  0%| F|  |TAMS 0x0000000706a00000| PB 0x0000000706a00000| Untracked 
|  29|0x0000000706c00000, 0x0000000706c00000, 0x0000000706e00000|  0%| F|  |TAMS 0x0000000706c00000| PB 0x0000000706c00000| Untracked 
|  30|0x0000000706e00000, 0x0000000706e00000, 0x0000000707000000|  0%| F|  |TAMS 0x0000000706e00000| PB 0x0000000706e00000| Untracked 
|  31|0x0000000707000000, 0x0000000707000000, 0x0000000707200000|  0%| F|  |TAMS 0x0000000707000000| PB 0x0000000707000000| Untracked 
|  32|0x0000000707200000, 0x0000000707400000, 0x0000000707400000|100%| S|CS|TAMS 0x0000000707200000| PB 0x0000000707200000| Complete 
|  33|0x0000000707400000, 0x0000000707600000, 0x0000000707600000|100%| S|CS|TAMS 0x0000000707400000| PB 0x0000000707400000| Complete 
|  34|0x0000000707600000, 0x0000000707600000, 0x0000000707800000|  0%| F|  |TAMS 0x0000000707600000| PB 0x0000000707600000| Untracked 
|  35|0x0000000707800000, 0x0000000707800000, 0x0000000707a00000|  0%| F|  |TAMS 0x0000000707800000| PB 0x0000000707800000| Untracked 
|  36|0x0000000707a00000, 0x0000000707a00000, 0x0000000707c00000|  0%| F|  |TAMS 0x0000000707a00000| PB 0x0000000707a00000| Untracked 
|  37|0x0000000707c00000, 0x0000000707c00000, 0x0000000707e00000|  0%| F|  |TAMS 0x0000000707c00000| PB 0x0000000707c00000| Untracked 
|  38|0x0000000707e00000, 0x0000000707e00000, 0x0000000708000000|  0%| F|  |TAMS 0x0000000707e00000| PB 0x0000000707e00000| Untracked 
|  39|0x0000000708000000, 0x0000000708000000, 0x0000000708200000|  0%| F|  |TAMS 0x0000000708000000| PB 0x0000000708000000| Untracked 
|  40|0x0000000708200000, 0x0000000708200000, 0x0000000708400000|  0%| F|  |TAMS 0x0000000708200000| PB 0x0000000708200000| Untracked 
|  41|0x0000000708400000, 0x0000000708400000, 0x0000000708600000|  0%| F|  |TAMS 0x0000000708400000| PB 0x0000000708400000| Untracked 
|  42|0x0000000708600000, 0x0000000708600000, 0x0000000708800000|  0%| F|  |TAMS 0x0000000708600000| PB 0x0000000708600000| Untracked 
|2022|0x00000007ffe00000, 0x00000007ffe00000, 0x0000000800000000|  0%| F|  |TAMS 0x00000007ffe00000| PB 0x00000007ffe00000| Untracked 

Card table byte_map: [0x000001bc2fa70000,0x000001bc30260000] _byte_map_base: 0x000001bc2c257000

Marking Bits: (CMBitMap*) 0x000001bc15bc6a20
 Bits: [0x000001bc30260000, 0x000001bc34198000)

Polling page: 0x000001bc15c30000

Metaspace:

Usage:
  Non-class:      7.68 MB used.
      Class:    917.12 KB used.
       Both:      8.58 MB used.

Virtual space:
  Non-class space:       64.00 MB reserved,       7.75 MB ( 12%) committed,  1 nodes.
      Class space:        1.00 GB reserved,       1.00 MB ( <1%) committed,  1 nodes.
             Both:        1.06 GB reserved,       8.75 MB ( <1%) committed. 

Chunk freelists:
   Non-Class:  6.00 MB
       Class:  14.95 MB
        Both:  20.95 MB

MaxMetaspaceSize: unlimited
CompressedClassSpaceSize: 1.00 GB
Initial GC threshold: 21.00 MB
Current GC threshold: 21.00 MB
CDS: on
 - commit_granule_bytes: 65536.
 - commit_granule_words: 8192.
 - virtual_space_node_default_size: 8388608.
 - enlarge_chunks_in_place: 1.
 - use_allocation_guard: 0.


Internal statistics:

num_allocs_failed_limit: 0.
num_arena_births: 50.
num_arena_deaths: 0.
num_vsnodes_births: 2.
num_vsnodes_deaths: 0.
num_space_committed: 140.
num_space_uncommitted: 0.
num_chunks_returned_to_freelist: 0.
num_chunks_taken_from_freelist: 318.
num_chunk_merges: 0.
num_chunk_splits: 244.
num_chunks_enlarged: 204.
num_inconsistent_stats: 0.

CodeHeap 'non-profiled nmethods': size=120000Kb used=1274Kb max_used=1516Kb free=118725Kb
 bounds [0x000001bc272c0000, 0x000001bc27530000, 0x000001bc2e7f0000]
CodeHeap 'profiled nmethods': size=120000Kb used=3206Kb max_used=5065Kb free=116793Kb
 bounds [0x000001bc1f7f0000, 0x000001bc1fcf0000, 0x000001bc26d20000]
CodeHeap 'non-nmethods': size=5760Kb used=1460Kb max_used=1516Kb free=4299Kb
 bounds [0x000001bc26d20000, 0x000001bc26f90000, 0x000001bc272c0000]
 total_blobs=1909 nmethods=1468 adapters=346
 compilation: enabled
              stopped_count=0, restarted_count=0
 full_count=0

Compilation events (20 events):
Event: 3.788 Thread 0x000001bc36c08730 1855       3       java.util.stream.ReduceOps$3ReducingSink::<init> (20 bytes)
Event: 3.789 Thread 0x000001bc36c08730 nmethod 1855 0x000001bc1f94e690 code [0x000001bc1f94e840, 0x000001bc1f94eb30]
Event: 3.789 Thread 0x000001bc36c08730 1860       3       java.util.stream.ReduceOps$3::makeSink (20 bytes)
Event: 3.789 Thread 0x000001bc36c08730 nmethod 1860 0x000001bc1f984990 code [0x000001bc1f984b60, 0x000001bc1f984f28]
Event: 3.789 Thread 0x000001bc36c08730 1856       3       java.util.stream.ReduceOps$Box::<init> (5 bytes)
Event: 3.789 Thread 0x000001bc36c08730 nmethod 1856 0x000001bc1f823410 code [0x000001bc1f8235c0, 0x000001bc1f823728]
Event: 3.789 Thread 0x000001bc36c08730 1857       3       com.sun.tools.javac.util.ListBuffer::iterator (9 bytes)
Event: 3.789 Thread 0x000001bc36c08730 nmethod 1857 0x000001bc1fb18990 code [0x000001bc1fb18b40, 0x000001bc1fb18e38]
Event: 3.789 Thread 0x000001bc36c08730 1858       3       com.sun.tools.javac.util.ListBuffer$1::<init> (21 bytes)
Event: 3.789 Thread 0x000001bc36c08730 nmethod 1858 0x000001bc1f85b490 code [0x000001bc1f85b640, 0x000001bc1f85b880]
Event: 3.789 Thread 0x000001bc36c08730 1859       3       java.util.stream.ReduceOps$3ReducingSink::begin (14 bytes)
Event: 3.789 Thread 0x000001bc36c08730 nmethod 1859 0x000001bc1f915990 code [0x000001bc1f915b40, 0x000001bc1f915d80]
Event: 3.801 Thread 0x000001bc7c29ca10 nmethod 1854 0x000001bc27379b10 code [0x000001bc27379da0, 0x000001bc2737ab60]
Event: 3.801 Thread 0x000001bc7c29ca10 1862       4       com.sun.tools.javac.tree.TreeInfo::isExpressionStatement (136 bytes)
Event: 3.802 Thread 0x000001bc7c29ca10 nmethod 1862 0x000001bc273c9590 code [0x000001bc273c9720, 0x000001bc273c9808]
Event: 3.802 Thread 0x000001bc7c29ca10 1861       4       com.sun.tools.javac.parser.JavacParser::localVariableDeclarations (50 bytes)
Event: 3.828 Thread 0x000001bc36c08730 1865       3       com.sun.tools.javac.tree.JCTree$JCFunctionalExpression::<init> (12 bytes)
Event: 3.829 Thread 0x000001bc36c08730 nmethod 1865 0x000001bc1fa99b10 code [0x000001bc1fa99ce0, 0x000001bc1fa99fd8]
Event: 3.835 Thread 0x000001bc7c29ca10 nmethod 1861 0x000001bc27336110 code [0x000001bc27336460, 0x000001bc27337b48]
Event: 3.835 Thread 0x000001bc7c29ca10 1863       4       com.sun.tools.javac.parser.JavacParser::blockStatement (1401 bytes)

GC Heap History (20 events):
Event: 2.062 GC heap after
{Heap after GC invocations=15 (full 0):
 garbage-first heap   total 49152K, used 12296K [0x0000000703200000, 0x0000000800000000)
  region size 2048K, 1 young (2048K), 1 survivors (2048K)
 Metaspace       used 8540K, committed 8768K, reserved 1114112K
  class space    used 913K, committed 1024K, reserved 1048576K
}
Event: 2.385 GC heap before
{Heap before GC invocations=15 (full 0):
 garbage-first heap   total 49152K, used 32776K [0x0000000703200000, 0x0000000800000000)
  region size 2048K, 11 young (22528K), 1 survivors (2048K)
 Metaspace       used 8592K, committed 8768K, reserved 1114112K
  class space    used 913K, committed 1024K, reserved 1048576K
}
Event: 2.395 GC heap after
{Heap after GC invocations=16 (full 0):
 garbage-first heap   total 49152K, used 17259K [0x0000000703200000, 0x0000000800000000)
  region size 2048K, 2 young (4096K), 2 survivors (4096K)
 Metaspace       used 8592K, committed 8768K, reserved 1114112K
  class space    used 913K, committed 1024K, reserved 1048576K
}
Event: 2.619 GC heap before
{Heap before GC invocations=16 (full 0):
 garbage-first heap   total 49152K, used 29547K [0x0000000703200000, 0x0000000800000000)
  region size 2048K, 9 young (18432K), 2 survivors (4096K)
 Metaspace       used 8672K, committed 8896K, reserved 1114112K
  class space    used 915K, committed 1024K, reserved 1048576K
}
Event: 2.629 GC heap after
{Heap after GC invocations=17 (full 0):
 garbage-first heap   total 49152K, used 21891K [0x0000000703200000, 0x0000000800000000)
  region size 2048K, 2 young (4096K), 2 survivors (4096K)
 Metaspace       used 8672K, committed 8896K, reserved 1114112K
  class space    used 915K, committed 1024K, reserved 1048576K
}
Event: 2.752 GC heap before
{Heap before GC invocations=17 (full 0):
 garbage-first heap   total 49152K, used 36227K [0x0000000703200000, 0x0000000800000000)
  region size 2048K, 9 young (18432K), 2 survivors (4096K)
 Metaspace       used 8678K, committed 8896K, reserved 1114112K
  class space    used 915K, committed 1024K, reserved 1048576K
}
Event: 2.761 GC heap after
{Heap after GC invocations=18 (full 0):
 garbage-first heap   total 49152K, used 25221K [0x0000000703200000, 0x0000000800000000)
  region size 2048K, 2 young (4096K), 2 survivors (4096K)
 Metaspace       used 8678K, committed 8896K, reserved 1114112K
  class space    used 915K, committed 1024K, reserved 1048576K
}
Event: 2.844 GC heap before
{Heap before GC invocations=18 (full 0):
 garbage-first heap   total 49152K, used 37509K [0x0000000703200000, 0x0000000800000000)
  region size 2048K, 8 young (16384K), 2 survivors (4096K)
 Metaspace       used 8690K, committed 8896K, reserved 1114112K
  class space    used 915K, committed 1024K, reserved 1048576K
}
Event: 2.852 GC heap after
{Heap after GC invocations=19 (full 0):
 garbage-first heap   total 73728K, used 28531K [0x0000000703200000, 0x0000000800000000)
  region size 2048K, 1 young (2048K), 1 survivors (2048K)
 Metaspace       used 8690K, committed 8896K, reserved 1114112K
  class space    used 915K, committed 1024K, reserved 1048576K
}
Event: 3.135 GC heap before
{Heap before GC invocations=20 (full 0):
 garbage-first heap   total 73728K, used 51059K [0x0000000703200000, 0x0000000800000000)
  region size 2048K, 13 young (26624K), 1 survivors (2048K)
 Metaspace       used 8713K, committed 8896K, reserved 1114112K
  class space    used 916K, committed 1024K, reserved 1048576K
}
Event: 3.147 GC heap after
{Heap after GC invocations=21 (full 0):
 garbage-first heap   total 73728K, used 35283K [0x0000000703200000, 0x0000000800000000)
  region size 2048K, 2 young (4096K), 2 survivors (4096K)
 Metaspace       used 8713K, committed 8896K, reserved 1114112K
  class space    used 916K, committed 1024K, reserved 1048576K
}
Event: 3.277 GC heap before
{Heap before GC invocations=21 (full 0):
 garbage-first heap   total 73728K, used 55763K [0x0000000703200000, 0x0000000800000000)
  region size 2048K, 12 young (24576K), 2 survivors (4096K)
 Metaspace       used 8758K, committed 8960K, reserved 1114112K
  class space    used 916K, committed 1024K, reserved 1048576K
}
Event: 3.292 GC heap after
{Heap after GC invocations=22 (full 0):
 garbage-first heap   total 73728K, used 40960K [0x0000000703200000, 0x0000000800000000)
  region size 2048K, 2 young (4096K), 2 survivors (4096K)
 Metaspace       used 8758K, committed 8960K, reserved 1114112K
  class space    used 916K, committed 1024K, reserved 1048576K
}
Event: 3.415 GC heap before
{Heap before GC invocations=22 (full 0):
 garbage-first heap   total 73728K, used 57344K [0x0000000703200000, 0x0000000800000000)
  region size 2048K, 11 young (22528K), 2 survivors (4096K)
 Metaspace       used 8774K, committed 8960K, reserved 1114112K
  class space    used 917K, committed 1024K, reserved 1048576K
}
Event: 3.426 GC heap after
{Heap after GC invocations=23 (full 0):
 garbage-first heap   total 73728K, used 45852K [0x0000000703200000, 0x0000000800000000)
  region size 2048K, 2 young (4096K), 2 survivors (4096K)
 Metaspace       used 8774K, committed 8960K, reserved 1114112K
  class space    used 917K, committed 1024K, reserved 1048576K
}
Event: 3.564 GC heap before
{Heap before GC invocations=24 (full 0):
 garbage-first heap   total 90112K, used 58140K [0x0000000703200000, 0x0000000800000000)
  region size 2048K, 9 young (18432K), 2 survivors (4096K)
 Metaspace       used 8778K, committed 8960K, reserved 1114112K
  class space    used 917K, committed 1024K, reserved 1048576K
}
Event: 3.574 GC heap after
{Heap after GC invocations=25 (full 0):
 garbage-first heap   total 90112K, used 50128K [0x0000000703200000, 0x0000000800000000)
  region size 2048K, 2 young (4096K), 2 survivors (4096K)
 Metaspace       used 8778K, committed 8960K, reserved 1114112K
  class space    used 917K, committed 1024K, reserved 1048576K
}
Event: 3.718 GC heap before
{Heap before GC invocations=25 (full 0):
 garbage-first heap   total 90112K, used 70608K [0x0000000703200000, 0x0000000800000000)
  region size 2048K, 13 young (26624K), 2 survivors (4096K)
 Metaspace       used 8778K, committed 8960K, reserved 1114112K
  class space    used 917K, committed 1024K, reserved 1048576K
}
Event: 3.730 GC heap after
{Heap after GC invocations=26 (full 0):
 garbage-first heap   total 90112K, used 54999K [0x0000000703200000, 0x0000000800000000)
  region size 2048K, 2 young (4096K), 2 survivors (4096K)
 Metaspace       used 8778K, committed 8960K, reserved 1114112K
  class space    used 917K, committed 1024K, reserved 1048576K
}
Event: 3.844 GC heap before
{Heap before GC invocations=26 (full 0):
 garbage-first heap   total 90112K, used 73431K [0x0000000703200000, 0x0000000800000000)
  region size 2048K, 12 young (24576K), 2 survivors (4096K)
 Metaspace       used 8781K, committed 8960K, reserved 1114112K
  class space    used 917K, committed 1024K, reserved 1048576K
}

Dll operation events (6 events):
Event: 0.012 Loaded shared library C:\Program Files\Java\jdk-21.0.12.1\bin\java.dll
Event: 0.061 Loaded shared library C:\Program Files\Java\jdk-21.0.12.1\bin\jsvml.dll
Event: 0.108 Loaded shared library C:\Program Files\Java\jdk-21.0.12.1\bin\jimage.dll
Event: 0.253 Loaded shared library C:\Program Files\Java\jdk-21.0.12.1\bin\net.dll
Event: 0.256 Loaded shared library C:\Program Files\Java\jdk-21.0.12.1\bin\nio.dll
Event: 0.398 Loaded shared library C:\Program Files\Java\jdk-21.0.12.1\bin\zip.dll

Deoptimization events (20 events):
Event: 3.584 Thread 0x000001bc15b62f90 DEOPT PACKING pc=0x000001bc1faf8937 sp=0x000000667edfe840
Event: 3.584 Thread 0x000001bc15b62f90 DEOPT UNPACKING pc=0x000001bc26d788e2 sp=0x000000667edfdcd0 mode 0
Event: 3.590 Thread 0x000001bc15b62f90 DEOPT PACKING pc=0x000001bc1faf8937 sp=0x000000667edfe840
Event: 3.590 Thread 0x000001bc15b62f90 DEOPT UNPACKING pc=0x000001bc26d788e2 sp=0x000000667edfdcd0 mode 0
Event: 3.594 Thread 0x000001bc15b62f90 DEOPT PACKING pc=0x000001bc1faf8937 sp=0x000000667edfe840
Event: 3.594 Thread 0x000001bc15b62f90 DEOPT UNPACKING pc=0x000001bc26d788e2 sp=0x000000667edfdcd0 mode 0
Event: 3.597 Thread 0x000001bc15b62f90 DEOPT PACKING pc=0x000001bc1faf8937 sp=0x000000667edfe840
Event: 3.597 Thread 0x000001bc15b62f90 DEOPT UNPACKING pc=0x000001bc26d788e2 sp=0x000000667edfdcd0 mode 0
Event: 3.735 Thread 0x000001bc15b62f90 Uncommon trap: trap_request=0xffffff45 fr.pc=0x000001bc27411500 relative=0x0000000000001120
Event: 3.735 Thread 0x000001bc15b62f90 Uncommon trap: reason=unstable_if action=reinterpret pc=0x000001bc27411500 method=com.sun.tools.javac.parser.JavacParser.blockStatement()Lcom/sun/tools/javac/util/List; @ 22 c2
Event: 3.735 Thread 0x000001bc15b62f90 DEOPT PACKING pc=0x000001bc27411500 sp=0x000000667edfe190
Event: 3.735 Thread 0x000001bc15b62f90 DEOPT UNPACKING pc=0x000001bc26d77da2 sp=0x000000667edfe148 mode 2
Event: 3.735 Thread 0x000001bc15b62f90 Uncommon trap: trap_request=0xffffff45 fr.pc=0x000001bc2733be78 relative=0x00000000000028f8
Event: 3.735 Thread 0x000001bc15b62f90 Uncommon trap: reason=unstable_if action=reinterpret pc=0x000001bc2733be78 method=com.sun.tools.javac.parser.JavacParser.parseSimpleStatement()Lcom/sun/tools/javac/tree/JCTree$JCStatement; @ 22 c2
Event: 3.735 Thread 0x000001bc15b62f90 DEOPT PACKING pc=0x000001bc2733be78 sp=0x000000667edfe0c0
Event: 3.735 Thread 0x000001bc15b62f90 DEOPT UNPACKING pc=0x000001bc26d77da2 sp=0x000000667edfe0b0 mode 2
Event: 3.747 Thread 0x000001bc15b62f90 Uncommon trap: trap_request=0xffffff45 fr.pc=0x000001bc274067e4 relative=0x00000000000000c4
Event: 3.747 Thread 0x000001bc15b62f90 Uncommon trap: reason=unstable_if action=reinterpret pc=0x000001bc274067e4 method=com.sun.tools.javac.parser.UnicodeReader.isOneOf(CCCCCC)Z @ 39 c2
Event: 3.747 Thread 0x000001bc15b62f90 DEOPT PACKING pc=0x000001bc274067e4 sp=0x000000667edfda90
Event: 3.747 Thread 0x000001bc15b62f90 DEOPT UNPACKING pc=0x000001bc26d77da2 sp=0x000000667edfd9e8 mode 2

Classes loaded (20 events):
Event: 1.163 Loading class java/lang/StringIndexOutOfBoundsException
Event: 1.163 Loading class java/lang/StringIndexOutOfBoundsException done
Event: 1.186 Loading class jdk/internal/math/FloatingDecimal
Event: 1.187 Loading class jdk/internal/math/FloatingDecimal done
Event: 1.188 Loading class jdk/internal/math/FloatingDecimal$ExceptionalBinaryToASCIIBuffer
Event: 1.188 Loading class jdk/internal/math/FloatingDecimal$BinaryToASCIIConverter
Event: 1.188 Loading class jdk/internal/math/FloatingDecimal$BinaryToASCIIConverter done
Event: 1.188 Loading class jdk/internal/math/FloatingDecimal$ExceptionalBinaryToASCIIBuffer done
Event: 1.188 Loading class jdk/internal/math/FloatingDecimal$BinaryToASCIIBuffer
Event: 1.189 Loading class jdk/internal/math/FloatingDecimal$BinaryToASCIIBuffer done
Event: 1.190 Loading class jdk/internal/math/FloatingDecimal$1
Event: 1.190 Loading class jdk/internal/math/FloatingDecimal$1 done
Event: 1.190 Loading class jdk/internal/math/FloatingDecimal$PreparedASCIIToBinaryBuffer
Event: 1.190 Loading class jdk/internal/math/FloatingDecimal$ASCIIToBinaryConverter
Event: 1.190 Loading class jdk/internal/math/FloatingDecimal$ASCIIToBinaryConverter done
Event: 1.190 Loading class jdk/internal/math/FloatingDecimal$PreparedASCIIToBinaryBuffer done
Event: 1.190 Loading class jdk/internal/math/FloatingDecimal$ASCIIToBinaryBuffer
Event: 1.190 Loading class jdk/internal/math/FloatingDecimal$ASCIIToBinaryBuffer done
Event: 1.197 Loading class java/util/BitSet
Event: 1.197 Loading class java/util/BitSet done

Classes unloaded (0 events):
No events

Classes redefined (0 events):
No events

Internal exceptions (10 events):
Event: 0.229 Thread 0x000001bc15b62f90 Exception <a 'java/lang/NoSuchMethodError'{0x00000007039ecba0}: 'void java.lang.invoke.DirectMethodHandle$Holder.invokeSpecial(java.lang.Object, java.lang.Object, java.lang.Object)'> (0x00000007039ecba0) 
thrown [s\open\src\hotspot\share\interpreter\linkResolver.cpp, line 773]
Event: 0.364 Thread 0x000001bc15b62f90 Exception <a 'java/lang/NoSuchMethodError'{0x0000000703959140}: 'java.lang.Object java.lang.invoke.DirectMethodHandle$Holder.invokeVirtual(java.lang.Object, java.lang.Object, java.lang.Object)'> (0x0000000703959140) 
thrown [s\open\src\hotspot\share\interpreter\linkResolver.cpp, line 773]
Event: 0.368 Thread 0x000001bc15b62f90 Exception <a 'java/lang/NoSuchMethodError'{0x0000000703965198}: 'int java.lang.invoke.DirectMethodHandle$Holder.invokeInterface(java.lang.Object, java.lang.Object)'> (0x0000000703965198) 
thrown [s\open\src\hotspot\share\interpreter\linkResolver.cpp, line 773]
Event: 0.421 Thread 0x000001bc15b62f90 Exception <a 'java/lang/NoSuchMethodError'{0x0000000703823f80}: 'int java.lang.invoke.DirectMethodHandle$Holder.invokeVirtual(java.lang.Object, java.lang.Object, java.lang.Object)'> (0x0000000703823f80) 
thrown [s\open\src\hotspot\share\interpreter\linkResolver.cpp, line 773]
Event: 0.422 Thread 0x000001bc15b62f90 Exception <a 'java/lang/NoSuchMethodError'{0x0000000703829fd8}: 'void java.lang.invoke.DirectMethodHandle$Holder.invokeInterface(java.lang.Object, java.lang.Object, java.lang.Object)'> (0x0000000703829fd8) 
thrown [s\open\src\hotspot\share\interpreter\linkResolver.cpp, line 773]
Event: 0.568 Thread 0x000001bc15b62f90 Exception <a 'java/lang/NoSuchMethodError'{0x00000007039399c0}: 'int java.lang.invoke.DirectMethodHandle$Holder.invokeStaticInit(java.lang.Object, java.lang.Object)'> (0x00000007039399c0) 
thrown [s\open\src\hotspot\share\interpreter\linkResolver.cpp, line 773]
Event: 0.693 Thread 0x000001bc15b62f90 Exception <a 'java/lang/NoSuchMethodError'{0x00000007039ee528}: 'int java.lang.invoke.DirectMethodHandle$Holder.invokeVirtual(java.lang.Object, java.lang.Object)'> (0x00000007039ee528) 
thrown [s\open\src\hotspot\share\interpreter\linkResolver.cpp, line 773]
Event: 0.704 Thread 0x000001bc15b62f90 Exception <a 'java/lang/NoSuchMethodError'{0x0000000703810580}: 'java.lang.Object java.lang.invoke.DirectMethodHandle$Holder.newInvokeSpecial(java.lang.Object, java.lang.Object, java.lang.Object, java.lang.Object, java.lang.Object)'> (0x0000000703810580) 
thrown [s\open\src\hotspot\share\interpreter\linkResolver.cpp, line 773]
Event: 0.708 Thread 0x000001bc15b62f90 Exception <a 'java/lang/NoSuchMethodError'{0x000000070381db30}: 'java.lang.Object java.lang.invoke.DirectMethodHandle$Holder.newInvokeSpecial(java.lang.Object, java.lang.Object, java.lang.Object, java.lang.Object, java.lang.Object, java.lang.Object)'> (0x000000070381db30) 
thrown [s\open\src\hotspot\share\interpreter\linkResolver.cpp, line 773]
Event: 0.735 Thread 0x000001bc15b62f90 Exception <a 'sun/nio/fs/WindowsException'{0x0000000703867608}> (0x0000000703867608) 
thrown [s\open\src\hotspot\share\prims\jni.cpp, line 520]

ZGC Phase Switch (0 events):
No events

VM Operations (20 events):
Event: 2.852 Executing VM operation: G1CollectForAllocation (G1 Evacuation Pause) done
Event: 2.872 Executing VM operation: G1PauseRemark
Event: 2.875 Executing VM operation: G1PauseRemark done
Event: 2.883 Executing VM operation: G1PauseCleanup
Event: 2.886 Executing VM operation: G1PauseCleanup done
Event: 3.135 Executing VM operation: G1CollectForAllocation (G1 Evacuation Pause)
Event: 3.147 Executing VM operation: G1CollectForAllocation (G1 Evacuation Pause) done
Event: 3.277 Executing VM operation: G1CollectForAllocation (G1 Evacuation Pause)
Event: 3.292 Executing VM operation: G1CollectForAllocation (G1 Evacuation Pause) done
Event: 3.415 Executing VM operation: G1CollectForAllocation (G1 Evacuation Pause)
Event: 3.426 Executing VM operation: G1CollectForAllocation (G1 Evacuation Pause) done
Event: 3.462 Executing VM operation: G1PauseRemark
Event: 3.479 Executing VM operation: G1PauseRemark done
Event: 3.490 Executing VM operation: G1PauseCleanup
Event: 3.490 Executing VM operation: G1PauseCleanup done
Event: 3.564 Executing VM operation: G1CollectForAllocation (G1 Evacuation Pause)
Event: 3.574 Executing VM operation: G1CollectForAllocation (G1 Evacuation Pause) done
Event: 3.718 Executing VM operation: G1CollectForAllocation (G1 Evacuation Pause)
Event: 3.730 Executing VM operation: G1CollectForAllocation (G1 Evacuation Pause) done
Event: 3.844 Executing VM operation: G1CollectForAllocation (G1 Evacuation Pause)

Events (20 events):
Event: 3.477 Thread 0x000001bc15c270d0 flushing nmethod 0x000001bc1fadac90
Event: 3.477 Thread 0x000001bc15c270d0 flushing nmethod 0x000001bc1fadb410
Event: 3.477 Thread 0x000001bc15c270d0 flushing nmethod 0x000001bc1fae2f10
Event: 3.477 Thread 0x000001bc15c270d0 flushing nmethod 0x000001bc1fae3b10
Event: 3.477 Thread 0x000001bc15c270d0 flushing nmethod 0x000001bc1fae3e90
Event: 3.477 Thread 0x000001bc15c270d0 flushing nmethod 0x000001bc1fae5f10
Event: 3.477 Thread 0x000001bc15c270d0 flushing nmethod 0x000001bc1faeae90
Event: 3.477 Thread 0x000001bc15c270d0 flushing nmethod 0x000001bc1faee490
Event: 3.477 Thread 0x000001bc15c270d0 flushing nmethod 0x000001bc1faf2010
Event: 3.477 Thread 0x000001bc15c270d0 flushing nmethod 0x000001bc1fb0c690
Event: 3.477 Thread 0x000001bc15c270d0 flushing nmethod 0x000001bc1fb0f190
Event: 3.477 Thread 0x000001bc15c270d0 flushing nmethod 0x000001bc1fb18990
Event: 3.477 Thread 0x000001bc15c270d0 flushing nmethod 0x000001bc1fb3a090
Event: 3.477 Thread 0x000001bc15c270d0 flushing nmethod 0x000001bc1fb80d10
Event: 3.477 Thread 0x000001bc15c270d0 flushing nmethod 0x000001bc1fbee310
Event: 3.477 Thread 0x000001bc15c270d0 flushing nmethod 0x000001bc1fc02210
Event: 3.477 Thread 0x000001bc15c270d0 flushing nmethod 0x000001bc1fc09310
Event: 3.477 Thread 0x000001bc15c270d0 flushing nmethod 0x000001bc1fc0b990
Event: 3.477 Thread 0x000001bc15c270d0 flushing nmethod 0x000001bc1fc0c610
Event: 3.477 Thread 0x000001bc15c270d0 flushing nmethod 0x000001bc1fc13810


Dynamic libraries:
0x00007ff6ecc80000 - 0x00007ff6ecc88000 	C:\Program Files\Java\jdk-21.0.12.1\bin\javac.exe
0x00007ffd66d50000 - 0x00007ffd66f48000 	C:\Windows\SYSTEM32\ntdll.dll
0x00007ffd650e0000 - 0x00007ffd651a2000 	C:\Windows\System32\KERNEL32.DLL
0x00007ffd647c0000 - 0x00007ffd64ab6000 	C:\Windows\System32\KERNELBASE.dll
0x00007ffd64470000 - 0x00007ffd64570000 	C:\Windows\System32\ucrtbase.dll
0x00007ffd3b0b0000 - 0x00007ffd3b0c9000 	C:\Program Files\Java\jdk-21.0.12.1\bin\jli.dll
0x00007ffd3a630000 - 0x00007ffd3a64e000 	C:\Program Files\Java\jdk-21.0.12.1\bin\VCRUNTIME140.dll
0x00007ffd65610000 - 0x00007ffd656c1000 	C:\Windows\System32\ADVAPI32.dll
0x00007ffd667a0000 - 0x00007ffd6683e000 	C:\Windows\System32\msvcrt.dll
0x00007ffd64f50000 - 0x00007ffd64fef000 	C:\Windows\System32\sechost.dll
0x00007ffd65930000 - 0x00007ffd65a50000 	C:\Windows\System32\RPCRT4.dll
0x00007ffd64620000 - 0x00007ffd64647000 	C:\Windows\System32\bcrypt.dll
0x00007ffd65440000 - 0x00007ffd655e1000 	C:\Windows\System32\USER32.dll
0x00007ffd645f0000 - 0x00007ffd64612000 	C:\Windows\System32\win32u.dll
0x00007ffd58820000 - 0x00007ffd58abb000 	C:\Windows\WinSxS\amd64_microsoft.windows.common-controls_6595b64144ccf1df_6.0.19041.6456_none_60b8a6cb71f64256\COMCTL32.dll
0x00007ffd65b00000 - 0x00007ffd65b2b000 	C:\Windows\System32\GDI32.dll
0x00007ffd64650000 - 0x00007ffd64769000 	C:\Windows\System32\gdi32full.dll
0x00007ffd64c20000 - 0x00007ffd64cbd000 	C:\Windows\System32\msvcp_win.dll
0x00007ffd57610000 - 0x00007ffd5761a000 	C:\Windows\SYSTEM32\VERSION.dll
0x00007ffd65ad0000 - 0x00007ffd65aff000 	C:\Windows\System32\IMM32.DLL
0x00007ffd555f0000 - 0x00007ffd555fc000 	C:\Program Files\Java\jdk-21.0.12.1\bin\vcruntime140_1.dll
0x00007ffd14e50000 - 0x00007ffd14edd000 	C:\Program Files\Java\jdk-21.0.12.1\bin\msvcp140.dll
0x00007ffceee10000 - 0x00007ffcefb38000 	C:\Program Files\Java\jdk-21.0.12.1\bin\server\jvm.dll
0x00007ffd64ee0000 - 0x00007ffd64f4b000 	C:\Windows\System32\WS2_32.dll
0x00007ffd63920000 - 0x00007ffd6396b000 	C:\Windows\SYSTEM32\POWRPROF.dll
0x00007ffd57460000 - 0x00007ffd57487000 	C:\Windows\SYSTEM32\WINMM.dll
0x00007ffd637e0000 - 0x00007ffd637f2000 	C:\Windows\SYSTEM32\UMPDC.dll
0x00007ffd62be0000 - 0x00007ffd62bf2000 	C:\Windows\SYSTEM32\kernel.appcore.dll
0x00007ffd47450000 - 0x00007ffd4745a000 	C:\Program Files\Java\jdk-21.0.12.1\bin\jimage.dll
0x00007ffd628d0000 - 0x00007ffd62ad1000 	C:\Windows\SYSTEM32\DBGHELP.DLL
0x00007ffd57350000 - 0x00007ffd57384000 	C:\Windows\SYSTEM32\dbgcore.DLL
0x00007ffd643e0000 - 0x00007ffd64462000 	C:\Windows\System32\bcryptPrimitives.dll
0x00007ffd14f40000 - 0x00007ffd14f61000 	C:\Program Files\Java\jdk-21.0.12.1\bin\java.dll
0x00007ffd65f60000 - 0x00007ffd666d0000 	C:\Windows\System32\SHELL32.dll
0x00007ffd62060000 - 0x00007ffd62805000 	C:\Windows\SYSTEM32\windows.storage.dll
0x00007ffd65c00000 - 0x00007ffd65f54000 	C:\Windows\System32\combase.dll
0x00007ffd63e10000 - 0x00007ffd63e3b000 	C:\Windows\SYSTEM32\Wldp.dll
0x00007ffd65b30000 - 0x00007ffd65bfd000 	C:\Windows\System32\OLEAUT32.dll
0x00007ffd666f0000 - 0x00007ffd6679d000 	C:\Windows\System32\SHCORE.dll
0x00007ffd64e80000 - 0x00007ffd64edb000 	C:\Windows\System32\shlwapi.dll
0x00007ffd64310000 - 0x00007ffd64334000 	C:\Windows\SYSTEM32\profapi.dll
0x00007ffd144a0000 - 0x00007ffd14577000 	C:\Program Files\Java\jdk-21.0.12.1\bin\jsvml.dll
0x00007ffd3a610000 - 0x00007ffd3a621000 	C:\Program Files\Java\jdk-21.0.12.1\bin\net.dll
0x00007ffd5e8f0000 - 0x00007ffd5e9fa000 	C:\Windows\SYSTEM32\WINHTTP.dll
0x00007ffd63b70000 - 0x00007ffd63bda000 	C:\Windows\system32\mswsock.dll
0x00007ffd14e30000 - 0x00007ffd14e46000 	C:\Program Files\Java\jdk-21.0.12.1\bin\nio.dll
0x00007ffd14e10000 - 0x00007ffd14e28000 	C:\Program Files\Java\jdk-21.0.12.1\bin\zip.dll

dbghelp: loaded successfully - version: 4.0.5 - missing functions: none
symbol engine: initialized successfully - sym options: 0x614 - pdb path: .;C:\Program Files\Java\jdk-21.0.12.1\bin;C:\Windows\SYSTEM32;C:\Windows\WinSxS\amd64_microsoft.windows.common-controls_6595b64144ccf1df_6.0.19041.6456_none_60b8a6cb71f64256;C:\Program Files\Java\jdk-21.0.12.1\bin\server

VM Arguments:
jvm_args: -Dapplication.home=C:\Program Files\Java\jdk-21.0.12.1 --add-modules=ALL-DEFAULT -Xms8m -Djdk.module.main=jdk.compiler 
java_command: jdk.compiler/com.sun.tools.javac.Main -encoding UTF-8 -cp lib\flatlaf-3.4.1.jar;lib\flatlaf-intellij-themes-3.6.1.jar;lib\NgocRongOnline.jar;lib\okhttp-3.0.0.jar;lib\pcap4j-core-1.7.4.jar -d out @sources.txt
java_class_path (initial): <not set>
Launcher Type: SUN_STANDARD

[Global flags]
     intx CICompilerCount                          = 4                                         {product} {ergonomic}
     uint ConcGCThreads                            = 2                                         {product} {ergonomic}
     uint G1ConcRefinementThreads                  = 8                                         {product} {ergonomic}
   size_t G1HeapRegionSize                         = 2097152                                   {product} {ergonomic}
    uintx GCDrainStackTargetSize                   = 64                                        {product} {ergonomic}
   size_t InitialHeapSize                          = 8388608                                   {product} {command line}
   size_t MarkStackSize                            = 4194304                                   {product} {ergonomic}
   size_t MaxHeapSize                              = 4242538496                                {product} {ergonomic}
   size_t MaxNewSize                               = 2543845376                                {product} {ergonomic}
   size_t MinHeapDeltaBytes                        = 2097152                                   {product} {ergonomic}
   size_t MinHeapSize                              = 8388608                                   {product} {command line}
    uintx NonNMethodCodeHeapSize                   = 5839372                                {pd product} {ergonomic}
    uintx NonProfiledCodeHeapSize                  = 122909434                              {pd product} {ergonomic}
    uintx ProfiledCodeHeapSize                     = 122909434                              {pd product} {ergonomic}
    uintx ReservedCodeCacheSize                    = 251658240                              {pd product} {ergonomic}
     bool SegmentedCodeCache                       = true                                      {product} {ergonomic}
   size_t SoftMaxHeapSize                          = 4242538496                             {manageable} {ergonomic}
     bool UseCompressedOops                        = true                           {product lp64_product} {ergonomic}
     bool UseG1GC                                  = true                                      {product} {ergonomic}
     bool UseLargePagesIndividualAllocation        = false                                  {pd product} {ergonomic}

Logging:
Log output configuration:
 #0: stdout all=warning uptime,level,tags foldmultilines=false
 #1: stderr all=off uptime,level,tags foldmultilines=false

Environment Variables:
JAVA_HOME=C:\Program Files\Java\jdk-21
PATH=C:\Program Files\Common Files\Oracle\Java\javapath;C:\Program Files (x86)\Common Files\Oracle\Java\java8path;C:\Program Files (x86)\Common Files\Oracle\Java\javapath;C:\Windows\system32;C:\Windows;C:\Windows\System32\Wbem;C:\Windows\System32\WindowsPowerShell\v1.0\;C:\Windows\System32\OpenSSH\;C:\Program Files\dotnet\;C:\Program Files\Microsoft SQL Server\150\Tools\Binn\;C:\Program Files\Microsoft SQL Server\Client SDK\ODBC\170\Tools\Binn\;C:\Program Files (x86)\Microsoft SQL Server\160\DTS\Binn\;C:\Program Files (x86)\Microsoft SQL Server\160\Tools\Binn\;C:\Program Files\Microsoft SQL Server\160\Tools\Binn\;C:\Program Files\Microsoft SQL Server\160\DTS\Binn\;C:\Program Files\Git\cmd;C:\Program Files\nodejs\;C:\Program Files (x86)\NVIDIA Corporation\PhysX\Common;C:\Users\admin\Downloads\oc;C:\Program Files\Docker\Docker\resources\bin;C:\Program Files\Cloudflare\Cloudflare WARP\;c:\Users\admin\AppData\Local\Programs\cursor\resources\app\bin;C:\apache-maven-3.9.11\bin;C:\Program Files\cursor\resources\app\bin ;C:\Program Files\Java\jdk-21\bin;C:\Windows\system32\config\systemprofile\AppData\Local\Microsoft\WindowsApps;C:\Windows\system32\config\systemprofile\.dotnet\tools;C:\Users\admin\AppData\Local\Programs\Microsoft VS Code\bin;C:\Users\admin\AppData\Roaming\npm;C:\Program Files\nodejs\;C:\Users\admin\AppData\Local\Python\bin;C:\Users\admin\AppData\Local\Programs\Lens\resources\cli\bin;C:\Users\admin\AppData\Local\Unity\bin
USERNAME=admin
OS=Windows_NT
PROCESSOR_IDENTIFIER=Intel64 Family 6 Model 140 Stepping 1, GenuineIntel
TMP=C:\Users\admin\AppData\Local\Temp
TEMP=C:\Users\admin\AppData\Local\Temp




Periodic native trim disabled

---------------  S Y S T E M  ---------------

OS:
 Windows 10 , 64 bit Build 19041 (10.0.19041.5915)
OS uptime: 0 days 12:07 hours

CPU: total 8 (initial active 8) (4 cores per cpu, 2 threads per core) family 6 model 140 stepping 1 microcode 0x86, cx8, cmov, fxsr, ht, mmx, 3dnowpref, sse, sse2, sse3, ssse3, sse4.1, sse4.2, popcnt, lzcnt, tsc, tscinvbit, avx, avx2, aes, erms, clmul, bmi1, bmi2, adx, avx512f, avx512dq, avx512cd, avx512bw, avx512vl, sha, fma, vzeroupper, avx512_vpopcntdq, avx512_vpclmulqdq, avx512_vaes, avx512_vnni, clflush, clflushopt, clwb, avx512_vbmi2, avx512_vbmi, rdtscp, rdpid, fsrm, gfni, avx512_bitalg, f16c, pku, cet_ibt, cet_ss, avx512_ifma
Processor Information for all 8 processors :
  Max Mhz: 3110, Current Mhz: 3110, Mhz Limit: 3110

Memory: 4k page, system-wide physical 16179M (2203M free)
TotalPageFile size 20105M (AvailPageFile size 23M)
current process WorkingSet (physical memory assigned to process): 183M, peak: 183M
current process commit charge ("private bytes"): 215M, peak: 300M

vm_info: Java HotSpot(TM) 64-Bit Server VM (21.0.12.1+1-LTS-4) for windows-amd64 JRE (21.0.12.1+1-LTS-4), built on 2026-07-15T18:25:55Z by "mach5run" with MS VC++ 17.13 (VS2022)

END.
