#
# There is insufficient memory for the Java Runtime Environment to continue.
# Native memory allocation (mmap) failed to map 90177536 bytes for G1 virtual space
# Possible reasons:
#   The system is out of physical RAM or swap space
#   The process is running with CompressedOops enabled, and the Java Heap may be blocking the growth of the native heap
# Possible solutions:
#   Reduce memory load on the system
#   Increase physical memory or swap space
#   Check if swap backing store is full
#   Decrease Java heap size (-Xmx/-Xms)
#   Decrease number of Java threads
#   Decrease Java thread stack sizes (-Xss)
#   Set larger code cache with -XX:ReservedCodeCacheSize=
#   JVM is running with Zero Based Compressed Oops mode in which the Java heap is
#     placed in the first 32GB address space. The Java Heap base address is the
#     maximum limit for the native heap growth. Please use -XX:HeapBaseMinAddress
#     to set the Java Heap base and to place the Java Heap above 32GB virtual address.
# This output file may be truncated or incomplete.
#
#  Out of Memory Error (os_windows.cpp:3621), pid=6948, tid=7512
#
# JRE version: Java(TM) SE Runtime Environment (21.0.12.1+1) (build 21.0.12.1+1-LTS-4)
# Java VM: Java HotSpot(TM) 64-Bit Server VM (21.0.12.1+1-LTS-4, mixed mode, sharing, tiered, compressed oops, compressed class ptrs, g1 gc, windows-amd64)
# No core dump will be written. Minidumps are not enabled by default on client versions of Windows
#

---------------  S U M M A R Y ------------

Command Line: -Dapplication.home=C:\Program Files\Java\jdk-21.0.12.1 --add-modules=ALL-DEFAULT -Xms8m -Djdk.module.main=jdk.compiler jdk.compiler/com.sun.tools.javac.Main -encoding UTF-8 -cp lib\flatlaf-3.4.1.jar;lib\flatlaf-intellij-themes-3.6.1.jar;lib\NgocRongOnline.jar;lib\okhttp-3.0.0.jar;lib\pcap4j-core-1.7.4.jar -d out @sources.txt

Host: 11th Gen Intel(R) Core(TM) i5-11300H @ 3.10GHz, 8 cores, 15G,  Windows 10 , 64 bit Build 19041 (10.0.19041.5915)
Time: Fri Aug 28 07:24:29 2026 SE Asia Standard Time elapsed time: 4.699629 seconds (0d 0h 0m 4s)

---------------  T H R E A D  ---------------

Current thread (0x000001b05e824380):  VMThread "VM Thread"          [id=7512, stack(0x00000093f8400000,0x00000093f8500000) (1024K)]

Stack: [0x00000093f8400000,0x00000093f8500000]
Native frames: (J=compiled Java code, j=interpreted, Vv=VM code, C=native code)
V  [jvm.dll+0x6d1079]
V  [jvm.dll+0x860376]
V  [jvm.dll+0x86286e]
V  [jvm.dll+0x862f43]
V  [jvm.dll+0x282bd6]
V  [jvm.dll+0x6cd925]
V  [jvm.dll+0x6c241a]
V  [jvm.dll+0x35c038]
V  [jvm.dll+0x363d06]
V  [jvm.dll+0x3b4e1e]
V  [jvm.dll+0x3b50c8]
V  [jvm.dll+0x32faec]
V  [jvm.dll+0x32fb7a]
V  [jvm.dll+0x374052]
V  [jvm.dll+0x3727dd]
V  [jvm.dll+0x32f231]
V  [jvm.dll+0x371e3a]
V  [jvm.dll+0x868c3f]
V  [jvm.dll+0x869fcc]
V  [jvm.dll+0x86a501]
V  [jvm.dll+0x86a7a3]
V  [jvm.dll+0x80ad8d]
V  [jvm.dll+0x6cf91d]
C  [ucrtbase.dll+0x21bb2]
C  [KERNEL32.DLL+0x17374]
C  [ntdll.dll+0x4cc91]

VM_Operation (0x00000093f7dfdf40): G1CollectForAllocation, mode: safepoint, requested by thread 0x000001b05c420170


---------------  P R O C E S S  ---------------

Threads class SMR info:
_java_thread_list=0x000001b07de963d0, length=13, elements={
0x000001b05c420170, 0x000001b07d82e360, 0x000001b07d82f520, 0x000001b07d8324d0,
0x000001b07d835150, 0x000001b07d836b00, 0x000001b07d838400, 0x000001b07d83f000,
0x000001b07d843a50, 0x000001b07db63020, 0x000001b07dc09c30, 0x000001b07d841f10,
0x000001b07d8425e0
}

Java Threads: ( => current thread )
  0x000001b05c420170 JavaThread "main"                              [_thread_blocked, id=17448, stack(0x00000093f7d00000,0x00000093f7e00000) (1024K)]
  0x000001b07d82e360 JavaThread "Reference Handler"          daemon [_thread_blocked, id=6312, stack(0x00000093f8500000,0x00000093f8600000) (1024K)]
  0x000001b07d82f520 JavaThread "Finalizer"                  daemon [_thread_blocked, id=18256, stack(0x00000093f8600000,0x00000093f8700000) (1024K)]
  0x000001b07d8324d0 JavaThread "Signal Dispatcher"          daemon [_thread_blocked, id=13212, stack(0x00000093f8700000,0x00000093f8800000) (1024K)]
  0x000001b07d835150 JavaThread "Attach Listener"            daemon [_thread_blocked, id=20868, stack(0x00000093f8800000,0x00000093f8900000) (1024K)]
  0x000001b07d836b00 JavaThread "Service Thread"             daemon [_thread_blocked, id=20000, stack(0x00000093f8900000,0x00000093f8a00000) (1024K)]
  0x000001b07d838400 JavaThread "Monitor Deflation Thread"   daemon [_thread_blocked, id=22080, stack(0x00000093f8a00000,0x00000093f8b00000) (1024K)]
  0x000001b07d83f000 JavaThread "C2 CompilerThread0"         daemon [_thread_blocked, id=16764, stack(0x00000093f8b00000,0x00000093f8c00000) (1024K)]
  0x000001b07d843a50 JavaThread "C1 CompilerThread0"         daemon [_thread_blocked, id=22460, stack(0x00000093f8c00000,0x00000093f8d00000) (1024K)]
  0x000001b07db63020 JavaThread "Notification Thread"        daemon [_thread_blocked, id=15104, stack(0x00000093f8d00000,0x00000093f8e00000) (1024K)]
  0x000001b07dc09c30 JavaThread "Common-Cleaner"             daemon [_thread_blocked, id=21000, stack(0x00000093f8e00000,0x00000093f8f00000) (1024K)]
  0x000001b07d841f10 JavaThread "C2 CompilerThread1"         daemon [_thread_blocked, id=16604, stack(0x00000093f9200000,0x00000093f9300000) (1024K)]
  0x000001b07d8425e0 JavaThread "C2 CompilerThread2"         daemon [_thread_blocked, id=7800, stack(0x00000093f9300000,0x00000093f9400000) (1024K)]
Total: 13

Other Threads:
=>0x000001b05e824380 VMThread "VM Thread"                           [id=7512, stack(0x00000093f8400000,0x00000093f8500000) (1024K)]
  0x000001b07d81c800 WatcherThread "VM Periodic Task Thread"        [id=12964, stack(0x00000093f8300000,0x00000093f8400000) (1024K)]
  0x000001b05e7c74a0 WorkerThread "GC Thread#0"                     [id=15792, stack(0x00000093f7e00000,0x00000093f7f00000) (1024K)]
  0x000001b07dc9c350 WorkerThread "GC Thread#1"                     [id=14648, stack(0x00000093f8f00000,0x00000093f9000000) (1024K)]
  0x000001b07dc9df00 WorkerThread "GC Thread#2"                     [id=4416, stack(0x00000093f9000000,0x00000093f9100000) (1024K)]
  0x000001b07dcb27c0 WorkerThread "GC Thread#3"                     [id=22244, stack(0x00000093f9100000,0x00000093f9200000) (1024K)]
  0x000001b07df993b0 WorkerThread "GC Thread#4"                     [id=19212, stack(0x00000093f9400000,0x00000093f9500000) (1024K)]
  0x000001b07df99760 WorkerThread "GC Thread#5"                     [id=12092, stack(0x00000093f9500000,0x00000093f9600000) (1024K)]
  0x000001b07e195740 WorkerThread "GC Thread#6"                     [id=9060, stack(0x00000093f9600000,0x00000093f9700000) (1024K)]
  0x000001b07e9be8f0 WorkerThread "GC Thread#7"                     [id=10116, stack(0x00000093f9700000,0x00000093f9800000) (1024K)]
  0x000001b05e7d8310 ConcurrentGCThread "G1 Main Marker"            [id=17260, stack(0x00000093f7f00000,0x00000093f8000000) (1024K)]
  0x000001b05e7d95c0 WorkerThread "G1 Conc#0"                       [id=4828, stack(0x00000093f8000000,0x00000093f8100000) (1024K)]
  0x000001b07e88f9d0 WorkerThread "G1 Conc#1"                       [id=9156, stack(0x00000093f9800000,0x00000093f9900000) (1024K)]
  0x000001b05e8020c0 ConcurrentGCThread "G1 Refine#0"               [id=1820, stack(0x00000093f8100000,0x00000093f8200000) (1024K)]
  0x000001b05e803450 ConcurrentGCThread "G1 Service"                [id=2840, stack(0x00000093f8200000,0x00000093f8300000) (1024K)]
Total: 15

Threads with active compile tasks:
C2 CompilerThread1     4726 3386       4       com.sun.tools.javac.comp.Resolve::findImmediateMemberType (86 bytes)
Total: 1

VM state: at safepoint (normal execution)

VM Mutex/Monitor currently owned by a thread:  ([mutex/lock_event])
[0x00007ffcefa5af50] Threads_lock - owner thread: 0x000001b05e824380
[0x00007ffcefa5b050] Heap_lock - owner thread: 0x000001b05c420170

Heap address: 0x0000000703200000, size: 4046 MB, Compressed Oops mode: Zero based, Oop shift amount: 3

CDS archive(s) mapped at: [0x000001b000000000-0x000001b000c90000-0x000001b000c90000), size 13172736, SharedBaseAddress: 0x000001b000000000, ArchiveRelocationMode: 1.
Compressed class space mapped at: 0x000001b001000000-0x000001b041000000, reserved size: 1073741824
Narrow klass base: 0x000001b000000000, Narrow klass shift: 0, Narrow klass range: 0x100000000

GC Precious Log:
 CardTable entry size: 512
 Card Set container configuration: InlinePtr #cards 4 size 8 Array Of Cards #cards 16 size 48 Howl #buckets 8 coarsen threshold 3686 Howl Bitmap #cards 512 size 80 coarsen threshold 460 Card regions per heap region 1 cards per card region 4096
 CPUs: 8 total, 8 available
 Memory: 16179M
 Large Page Support: Disabled
 NUMA Support: Disabled
 Compressed Oops: Enabled (Zero based)
 Heap Region Size: 2M
 Heap Min Capacity: 8M
 Heap Initial Capacity: 8M
 Heap Max Capacity: 4046M
 Pre-touch: Disabled
 Parallel Workers: 8
 Concurrent Workers: 2
 Concurrent Refinement Workers: 8
 Periodic GC: Disabled

Heap:
 garbage-first heap   total 147456K, used 97620K [0x0000000703200000, 0x0000000800000000)
  region size 2048K, 3 young (6144K), 3 survivors (6144K)
 Metaspace       used 10697K, committed 10944K, reserved 1114112K
  class space    used 1089K, committed 1216K, reserved 1048576K

Heap Regions: E=young(eden), S=young(survivor), O=old, HS=humongous(starts), HC=humongous(continues), CS=collection set, F=free, TAMS=top-at-mark-start, PB=parsable bottom
|   0|0x0000000703200000, 0x0000000703400000, 0x0000000703400000|100%| O|  |TAMS 0x0000000703400000| PB 0x0000000703200000| Untracked 
|   1|0x0000000703400000, 0x0000000703600000, 0x0000000703600000|100%| O|  |TAMS 0x0000000703600000| PB 0x0000000703400000| Untracked 
|   2|0x0000000703600000, 0x0000000703800000, 0x0000000703800000|100%| O|  |TAMS 0x0000000703800000| PB 0x0000000703600000| Untracked 
|   3|0x0000000703800000, 0x0000000703a00000, 0x0000000703a00000|100%| O|  |TAMS 0x0000000703a00000| PB 0x0000000703800000| Untracked 
|   4|0x0000000703a00000, 0x0000000703c00000, 0x0000000703c00000|100%| O|  |TAMS 0x0000000703c00000| PB 0x0000000703a00000| Untracked 
|   5|0x0000000703c00000, 0x0000000703e00000, 0x0000000703e00000|100%| O|  |TAMS 0x0000000703e00000| PB 0x0000000703c00000| Untracked 
|   6|0x0000000703e00000, 0x0000000704000000, 0x0000000704000000|100%| O|  |TAMS 0x0000000704000000| PB 0x0000000703e00000| Untracked 
|   7|0x0000000704000000, 0x0000000704200000, 0x0000000704200000|100%| O|  |TAMS 0x0000000704200000| PB 0x0000000704000000| Untracked 
|   8|0x0000000704200000, 0x0000000704400000, 0x0000000704400000|100%| O|  |TAMS 0x0000000704400000| PB 0x0000000704200000| Untracked 
|   9|0x0000000704400000, 0x0000000704600000, 0x0000000704600000|100%| O|  |TAMS 0x0000000704600000| PB 0x0000000704400000| Untracked 
|  10|0x0000000704600000, 0x0000000704800000, 0x0000000704800000|100%| O|  |TAMS 0x0000000704800000| PB 0x0000000704600000| Untracked 
|  11|0x0000000704800000, 0x0000000704a00000, 0x0000000704a00000|100%| O|  |TAMS 0x0000000704a00000| PB 0x0000000704800000| Untracked 
|  12|0x0000000704a00000, 0x0000000704c00000, 0x0000000704c00000|100%| O|  |TAMS 0x0000000704c00000| PB 0x0000000704a00000| Untracked 
|  13|0x0000000704c00000, 0x0000000704e00000, 0x0000000704e00000|100%| O|  |TAMS 0x0000000704e00000| PB 0x0000000704c00000| Untracked 
|  14|0x0000000704e00000, 0x0000000705000000, 0x0000000705000000|100%| O|  |TAMS 0x0000000705000000| PB 0x0000000704e00000| Untracked 
|  15|0x0000000705000000, 0x0000000705200000, 0x0000000705200000|100%| O|  |TAMS 0x0000000705200000| PB 0x0000000705000000| Untracked 
|  16|0x0000000705200000, 0x0000000705400000, 0x0000000705400000|100%| O|  |TAMS 0x0000000705400000| PB 0x0000000705200000| Untracked 
|  17|0x0000000705400000, 0x0000000705600000, 0x0000000705600000|100%| O|  |TAMS 0x0000000705600000| PB 0x0000000705400000| Untracked 
|  18|0x0000000705600000, 0x0000000705800000, 0x0000000705800000|100%| O|  |TAMS 0x0000000705800000| PB 0x0000000705600000| Untracked 
|  19|0x0000000705800000, 0x0000000705a00000, 0x0000000705a00000|100%| O|  |TAMS 0x0000000705a00000| PB 0x0000000705800000| Untracked 
|  20|0x0000000705a00000, 0x0000000705c00000, 0x0000000705c00000|100%| O|  |TAMS 0x0000000705c00000| PB 0x0000000705a00000| Untracked 
|  21|0x0000000705c00000, 0x0000000705e00000, 0x0000000705e00000|100%| O|  |TAMS 0x0000000705e00000| PB 0x0000000705c00000| Untracked 
|  22|0x0000000705e00000, 0x0000000706000000, 0x0000000706000000|100%| O|  |TAMS 0x0000000706000000| PB 0x0000000705e00000| Untracked 
|  23|0x0000000706000000, 0x0000000706200000, 0x0000000706200000|100%| O|  |TAMS 0x0000000706200000| PB 0x0000000706000000| Untracked 
|  24|0x0000000706200000, 0x0000000706400000, 0x0000000706400000|100%| O|  |TAMS 0x0000000706400000| PB 0x0000000706200000| Untracked 
|  25|0x0000000706400000, 0x0000000706600000, 0x0000000706600000|100%| O|  |TAMS 0x0000000706600000| PB 0x0000000706400000| Untracked 
|  26|0x0000000706600000, 0x0000000706800000, 0x0000000706800000|100%| O|  |TAMS 0x0000000706800000| PB 0x0000000706600000| Untracked 
|  27|0x0000000706800000, 0x0000000706a00000, 0x0000000706a00000|100%| O|  |TAMS 0x0000000706a00000| PB 0x0000000706800000| Untracked 
|  28|0x0000000706a00000, 0x0000000706c00000, 0x0000000706c00000|100%| O|  |TAMS 0x0000000706c00000| PB 0x0000000706a00000| Untracked 
|  29|0x0000000706c00000, 0x0000000706e00000, 0x0000000706e00000|100%| O|  |TAMS 0x0000000706e00000| PB 0x0000000706c00000| Untracked 
|  30|0x0000000706e00000, 0x0000000707000000, 0x0000000707000000|100%| O|  |TAMS 0x0000000707000000| PB 0x0000000706e00000| Untracked 
|  31|0x0000000707000000, 0x0000000707200000, 0x0000000707200000|100%| O|  |TAMS 0x0000000707200000| PB 0x0000000707000000| Untracked 
|  32|0x0000000707200000, 0x0000000707400000, 0x0000000707400000|100%| O|  |TAMS 0x0000000707400000| PB 0x0000000707200000| Untracked 
|  33|0x0000000707400000, 0x0000000707600000, 0x0000000707600000|100%| O|  |TAMS 0x0000000707600000| PB 0x0000000707400000| Untracked 
|  34|0x0000000707600000, 0x0000000707800000, 0x0000000707800000|100%| O|  |TAMS 0x0000000707800000| PB 0x0000000707600000| Untracked 
|  35|0x0000000707800000, 0x0000000707a00000, 0x0000000707a00000|100%| O|  |TAMS 0x0000000707a00000| PB 0x0000000707800000| Untracked 
|  36|0x0000000707a00000, 0x0000000707c00000, 0x0000000707c00000|100%| O|  |TAMS 0x0000000707c00000| PB 0x0000000707a00000| Untracked 
|  37|0x0000000707c00000, 0x0000000707e00000, 0x0000000707e00000|100%| O|  |TAMS 0x0000000707e00000| PB 0x0000000707c00000| Untracked 
|  38|0x0000000707e00000, 0x0000000708000000, 0x0000000708000000|100%| O|  |TAMS 0x0000000708000000| PB 0x0000000707e00000| Untracked 
|  39|0x0000000708000000, 0x0000000708200000, 0x0000000708200000|100%| O|  |TAMS 0x00000007081b3260| PB 0x0000000708000000| Untracked 
|  40|0x0000000708200000, 0x0000000708400000, 0x0000000708400000|100%|HS|  |TAMS 0x0000000708400000| PB 0x0000000708200000| Complete 
|  41|0x0000000708400000, 0x0000000708600000, 0x0000000708600000|100%| O|  |TAMS 0x0000000708400000| PB 0x0000000708400000| Untracked 
|  42|0x0000000708600000, 0x0000000708800000, 0x0000000708800000|100%| O|  |TAMS 0x0000000708600000| PB 0x0000000708600000| Untracked 
|  43|0x0000000708800000, 0x0000000708a00000, 0x0000000708a00000|100%| O|  |TAMS 0x0000000708800000| PB 0x0000000708800000| Untracked 
|  44|0x0000000708a00000, 0x0000000708b5e930, 0x0000000708c00000| 68%| O|  |TAMS 0x0000000708a00000| PB 0x0000000708a00000| Untracked 
|  45|0x0000000708c00000, 0x0000000708c00000, 0x0000000708e00000|  0%| F|  |TAMS 0x0000000708c00000| PB 0x0000000708c00000| Untracked 
|  46|0x0000000708e00000, 0x0000000708e00000, 0x0000000709000000|  0%| F|  |TAMS 0x0000000708e00000| PB 0x0000000708e00000| Untracked 
|  47|0x0000000709000000, 0x0000000709000000, 0x0000000709200000|  0%| F|  |TAMS 0x0000000709000000| PB 0x0000000709000000| Untracked 
|  48|0x0000000709200000, 0x0000000709200000, 0x0000000709400000|  0%| F|  |TAMS 0x0000000709200000| PB 0x0000000709200000| Untracked 
|  49|0x0000000709400000, 0x0000000709400000, 0x0000000709600000|  0%| F|  |TAMS 0x0000000709400000| PB 0x0000000709400000| Untracked 
|  50|0x0000000709600000, 0x0000000709600000, 0x0000000709800000|  0%| F|  |TAMS 0x0000000709600000| PB 0x0000000709600000| Untracked 
|  51|0x0000000709800000, 0x0000000709800000, 0x0000000709a00000|  0%| F|  |TAMS 0x0000000709800000| PB 0x0000000709800000| Untracked 
|  52|0x0000000709a00000, 0x0000000709a00000, 0x0000000709c00000|  0%| F|  |TAMS 0x0000000709a00000| PB 0x0000000709a00000| Untracked 
|  53|0x0000000709c00000, 0x0000000709c00000, 0x0000000709e00000|  0%| F|  |TAMS 0x0000000709c00000| PB 0x0000000709c00000| Untracked 
|  54|0x0000000709e00000, 0x0000000709ff66e8, 0x000000070a000000| 98%| S|CS|TAMS 0x0000000709e00000| PB 0x0000000709e00000| Complete 
|  55|0x000000070a000000, 0x000000070a200000, 0x000000070a200000|100%| S|CS|TAMS 0x000000070a000000| PB 0x000000070a000000| Complete 
|  56|0x000000070a200000, 0x000000070a400000, 0x000000070a400000|100%| S|CS|TAMS 0x000000070a200000| PB 0x000000070a200000| Complete 
|  57|0x000000070a400000, 0x000000070a400000, 0x000000070a600000|  0%| F|  |TAMS 0x000000070a400000| PB 0x000000070a400000| Untracked 
|  58|0x000000070a600000, 0x000000070a600000, 0x000000070a800000|  0%| F|  |TAMS 0x000000070a600000| PB 0x000000070a600000| Untracked 
|  59|0x000000070a800000, 0x000000070a800000, 0x000000070aa00000|  0%| F|  |TAMS 0x000000070a800000| PB 0x000000070a800000| Untracked 
|  60|0x000000070aa00000, 0x000000070aa00000, 0x000000070ac00000|  0%| F|  |TAMS 0x000000070aa00000| PB 0x000000070aa00000| Untracked 
|  61|0x000000070ac00000, 0x000000070ac00000, 0x000000070ae00000|  0%| F|  |TAMS 0x000000070ac00000| PB 0x000000070ac00000| Untracked 
|  62|0x000000070ae00000, 0x000000070ae00000, 0x000000070b000000|  0%| F|  |TAMS 0x000000070ae00000| PB 0x000000070ae00000| Untracked 
|  63|0x000000070b000000, 0x000000070b000000, 0x000000070b200000|  0%| F|  |TAMS 0x000000070b000000| PB 0x000000070b000000| Untracked 
|  64|0x000000070b200000, 0x000000070b200000, 0x000000070b400000|  0%| F|  |TAMS 0x000000070b200000| PB 0x000000070b200000| Untracked 
|  65|0x000000070b400000, 0x000000070b400000, 0x000000070b600000|  0%| F|  |TAMS 0x000000070b400000| PB 0x000000070b400000| Untracked 
|  66|0x000000070b600000, 0x000000070b600000, 0x000000070b800000|  0%| F|  |TAMS 0x000000070b600000| PB 0x000000070b600000| Untracked 
|  67|0x000000070b800000, 0x000000070b800000, 0x000000070ba00000|  0%| F|  |TAMS 0x000000070b800000| PB 0x000000070b800000| Untracked 
|  68|0x000000070ba00000, 0x000000070ba00000, 0x000000070bc00000|  0%| F|  |TAMS 0x000000070ba00000| PB 0x000000070ba00000| Untracked 
|  69|0x000000070bc00000, 0x000000070bc00000, 0x000000070be00000|  0%| F|  |TAMS 0x000000070bc00000| PB 0x000000070bc00000| Untracked 
|  70|0x000000070be00000, 0x000000070be00000, 0x000000070c000000|  0%| F|  |TAMS 0x000000070be00000| PB 0x000000070be00000| Untracked 
|2022|0x00000007ffe00000, 0x00000007ffe00000, 0x0000000800000000|  0%| F|  |TAMS 0x00000007ffe00000| PB 0x00000007ffe00000| Untracked 

Card table byte_map: [0x000001b076740000,0x000001b076f30000] _byte_map_base: 0x000001b072f27000

Marking Bits: (CMBitMap*) 0x000001b05e7c7bb0
 Bits: [0x000001b076f30000, 0x000001b07ae68000)

Polling page: 0x000001b05c690000

Metaspace:

Usage:
  Non-class:      9.38 MB used.
      Class:      1.06 MB used.
       Both:     10.45 MB used.

Virtual space:
  Non-class space:       64.00 MB reserved,       9.50 MB ( 15%) committed,  1 nodes.
      Class space:        1.00 GB reserved,       1.19 MB ( <1%) committed,  1 nodes.
             Both:        1.06 GB reserved,      10.69 MB ( <1%) committed. 

Chunk freelists:
   Non-Class:  4.95 MB
       Class:  14.86 MB
        Both:  19.81 MB

MaxMetaspaceSize: unlimited
CompressedClassSpaceSize: 1.00 GB
Initial GC threshold: 21.00 MB
Current GC threshold: 21.00 MB
CDS: on
 - commit_granule_bytes: 65536.
 - commit_granule_words: 8192.
 - virtual_space_node_default_size: 8388608.
 - enlarge_chunks_in_place: 1.
 - use_allocation_guard: 0.


Internal statistics:

num_allocs_failed_limit: 0.
num_arena_births: 72.
num_arena_deaths: 0.
num_vsnodes_births: 2.
num_vsnodes_deaths: 0.
num_space_committed: 171.
num_space_uncommitted: 0.
num_chunks_returned_to_freelist: 0.
num_chunks_taken_from_freelist: 404.
num_chunk_merges: 0.
num_chunk_splits: 291.
num_chunks_enlarged: 238.
num_inconsistent_stats: 0.

CodeHeap 'non-profiled nmethods': size=120000Kb used=2428Kb max_used=2428Kb free=117571Kb
 bounds [0x000001b06e6f0000, 0x000001b06e960000, 0x000001b075c20000]
CodeHeap 'profiled nmethods': size=120000Kb used=6397Kb max_used=6397Kb free=113602Kb
 bounds [0x000001b066c20000, 0x000001b067260000, 0x000001b06e150000]
CodeHeap 'non-nmethods': size=5760Kb used=1510Kb max_used=1564Kb free=4249Kb
 bounds [0x000001b06e150000, 0x000001b06e3c0000, 0x000001b06e6f0000]
 total_blobs=3456 nmethods=2984 adapters=376
 compilation: enabled
              stopped_count=0, restarted_count=0
 full_count=0

Compilation events (20 events):
Event: 4.663 Thread 0x000001b07d8425e0 3380       4       com.sun.tools.javac.file.Locations::getHandler (35 bytes)
Event: 4.667 Thread 0x000001b07d8425e0 nmethod 3380 0x000001b06e94ab90 code [0x000001b06e94ad60, 0x000001b06e94b100]
Event: 4.670 Thread 0x000001b07d841f10 nmethod 3373 0x000001b06e94b490 code [0x000001b06e94b8a0, 0x000001b06e94d640]
Event: 4.677 Thread 0x000001b07d843a50 3381       3       com.sun.tools.javac.jvm.ClassReader$$Lambda/0x000001b00111e8d8::apply (9 bytes)
Event: 4.677 Thread 0x000001b07d843a50 nmethod 3381 0x000001b06725db90 code [0x000001b06725dd60, 0x000001b06725e030]
Event: 4.677 Thread 0x000001b07d843a50 3382       3       com.sun.tools.javac.jvm.ClassReader$$Lambda/0x000001b00111e6c0::apply (9 bytes)
Event: 4.677 Thread 0x000001b07d843a50 nmethod 3382 0x000001b06725e190 code [0x000001b06725e360, 0x000001b06725e628]
Event: 4.677 Thread 0x000001b07d843a50 3383       3       com.sun.tools.javac.jvm.ClassReader::enterClass (14 bytes)
Event: 4.677 Thread 0x000001b07d843a50 nmethod 3383 0x000001b06725e790 code [0x000001b06725e940, 0x000001b06725eab8]
Event: 4.681 Thread 0x000001b07d843a50 3384       3       com.sun.tools.javac.code.Scope$ScopeImpl$1::next (5 bytes)
Event: 4.681 Thread 0x000001b07d841f10 3386       4       com.sun.tools.javac.comp.Resolve::findImmediateMemberType (86 bytes)
Event: 4.681 Thread 0x000001b07d843a50 nmethod 3384 0x000001b06725eb90 code [0x000001b06725ed80, 0x000001b06725f098]
Event: 4.681 Thread 0x000001b07d83f000 3387       4       java.lang.Long::bitCount (61 bytes)
Event: 4.681 Thread 0x000001b07d843a50 3385       3       com.sun.tools.javac.code.Scope$ScopeImpl$1::next (20 bytes)
Event: 4.681 Thread 0x000001b07d8425e0 3388       4       com.sun.tools.javac.code.Type::getOriginalType (2 bytes)
Event: 4.681 Thread 0x000001b07d843a50 nmethod 3385 0x000001b06725f210 code [0x000001b06725f3e0, 0x000001b06725f688]
Event: 4.681 Thread 0x000001b07d8425e0 nmethod 3388 0x000001b06e94e810 code [0x000001b06e94e9a0, 0x000001b06e94ea28]
Event: 4.681 Thread 0x000001b07d83f000 nmethod 3387 0x000001b06e94eb10 code [0x000001b06e94ec80, 0x000001b06e94ed60]
Event: 4.681 Thread 0x000001b07d83f000 3389       4       java.util.stream.Sink$ChainedReference::end (10 bytes)
Event: 4.682 Thread 0x000001b07d83f000 nmethod 3389 0x000001b06e94ee10 code [0x000001b06e94efa0, 0x000001b06e94f058]

GC Heap History (20 events):
Event: 2.071 GC heap after
{Heap after GC invocations=20 (full 0):
 garbage-first heap   total 51200K, used 22910K [0x0000000703200000, 0x0000000800000000)
  region size 2048K, 2 young (4096K), 2 survivors (4096K)
 Metaspace       used 8651K, committed 8896K, reserved 1114112K
  class space    used 915K, committed 1024K, reserved 1048576K
}
Event: 2.175 GC heap before
{Heap before GC invocations=20 (full 0):
 garbage-first heap   total 51200K, used 37246K [0x0000000703200000, 0x0000000800000000)
  region size 2048K, 9 young (18432K), 2 survivors (4096K)
 Metaspace       used 8657K, committed 8896K, reserved 1114112K
  class space    used 915K, committed 1024K, reserved 1048576K
}
Event: 2.186 GC heap after
{Heap after GC invocations=21 (full 0):
 garbage-first heap   total 51200K, used 26731K [0x0000000703200000, 0x0000000800000000)
  region size 2048K, 2 young (4096K), 2 survivors (4096K)
 Metaspace       used 8657K, committed 8896K, reserved 1114112K
  class space    used 915K, committed 1024K, reserved 1048576K
}
Event: 2.262 GC heap before
{Heap before GC invocations=21 (full 0):
 garbage-first heap   total 51200K, used 39019K [0x0000000703200000, 0x0000000800000000)
  region size 2048K, 8 young (16384K), 2 survivors (4096K)
 Metaspace       used 8688K, committed 8896K, reserved 1114112K
  class space    used 915K, committed 1024K, reserved 1048576K
}
Event: 2.270 GC heap after
{Heap after GC invocations=22 (full 0):
 garbage-first heap   total 51200K, used 30063K [0x0000000703200000, 0x0000000800000000)
  region size 2048K, 1 young (2048K), 1 survivors (2048K)
 Metaspace       used 8688K, committed 8896K, reserved 1114112K
  class space    used 915K, committed 1024K, reserved 1048576K
}
Event: 2.371 GC heap before
{Heap before GC invocations=23 (full 0):
 garbage-first heap   total 55296K, used 40303K [0x0000000703200000, 0x0000000800000000)
  region size 2048K, 6 young (12288K), 1 survivors (2048K)
 Metaspace       used 8698K, committed 8896K, reserved 1114112K
  class space    used 916K, committed 1024K, reserved 1048576K
}
Event: 2.378 GC heap after
{Heap after GC invocations=24 (full 0):
 garbage-first heap   total 55296K, used 33289K [0x0000000703200000, 0x0000000800000000)
  region size 2048K, 1 young (2048K), 1 survivors (2048K)
 Metaspace       used 8698K, committed 8896K, reserved 1114112K
  class space    used 916K, committed 1024K, reserved 1048576K
}
Event: 2.430 GC heap before
{Heap before GC invocations=24 (full 0):
 garbage-first heap   total 55296K, used 43529K [0x0000000703200000, 0x0000000800000000)
  region size 2048K, 6 young (12288K), 1 survivors (2048K)
 Metaspace       used 8701K, committed 8896K, reserved 1114112K
  class space    used 916K, committed 1024K, reserved 1048576K
}
Event: 2.437 GC heap after
{Heap after GC invocations=25 (full 0):
 garbage-first heap   total 55296K, used 35981K [0x0000000703200000, 0x0000000800000000)
  region size 2048K, 1 young (2048K), 1 survivors (2048K)
 Metaspace       used 8701K, committed 8896K, reserved 1114112K
  class space    used 916K, committed 1024K, reserved 1048576K
}
Event: 2.495 GC heap before
{Heap before GC invocations=26 (full 0):
 garbage-first heap   total 71680K, used 46221K [0x0000000703200000, 0x0000000800000000)
  region size 2048K, 6 young (12288K), 1 survivors (2048K)
 Metaspace       used 8701K, committed 8896K, reserved 1114112K
  class space    used 916K, committed 1024K, reserved 1048576K
}
Event: 2.502 GC heap after
{Heap after GC invocations=27 (full 0):
 garbage-first heap   total 71680K, used 38728K [0x0000000703200000, 0x0000000800000000)
  region size 2048K, 1 young (2048K), 1 survivors (2048K)
 Metaspace       used 8701K, committed 8896K, reserved 1114112K
  class space    used 916K, committed 1024K, reserved 1048576K
}
Event: 2.649 GC heap before
{Heap before GC invocations=27 (full 0):
 garbage-first heap   total 71680K, used 55112K [0x0000000703200000, 0x0000000800000000)
  region size 2048K, 10 young (20480K), 1 survivors (2048K)
 Metaspace       used 8760K, committed 8960K, reserved 1114112K
  class space    used 916K, committed 1024K, reserved 1048576K
}
Event: 2.659 GC heap after
{Heap after GC invocations=28 (full 0):
 garbage-first heap   total 147456K, used 43449K [0x0000000703200000, 0x0000000800000000)
  region size 2048K, 2 young (4096K), 2 survivors (4096K)
 Metaspace       used 8760K, committed 8960K, reserved 1114112K
  class space    used 916K, committed 1024K, reserved 1048576K
}
Event: 3.101 GC heap before
{Heap before GC invocations=28 (full 0):
 garbage-first heap   total 147456K, used 104889K [0x0000000703200000, 0x0000000800000000)
  region size 2048K, 33 young (67584K), 2 survivors (4096K)
 Metaspace       used 8778K, committed 8960K, reserved 1114112K
  class space    used 917K, committed 1024K, reserved 1048576K
}
Event: 3.124 GC heap after
{Heap after GC invocations=29 (full 0):
 garbage-first heap   total 147456K, used 60119K [0x0000000703200000, 0x0000000800000000)
  region size 2048K, 5 young (10240K), 5 survivors (10240K)
 Metaspace       used 8778K, committed 8960K, reserved 1114112K
  class space    used 917K, committed 1024K, reserved 1048576K
}
Event: 3.430 GC heap before
{Heap before GC invocations=29 (full 0):
 garbage-first heap   total 147456K, used 103127K [0x0000000703200000, 0x0000000800000000)
  region size 2048K, 26 young (53248K), 5 survivors (10240K)
 Metaspace       used 8794K, committed 8960K, reserved 1114112K
  class space    used 919K, committed 1024K, reserved 1048576K
}
Event: 3.452 GC heap after
{Heap after GC invocations=30 (full 0):
 garbage-first heap   total 147456K, used 71680K [0x0000000703200000, 0x0000000800000000)
  region size 2048K, 4 young (8192K), 4 survivors (8192K)
 Metaspace       used 8794K, committed 8960K, reserved 1114112K
  class space    used 919K, committed 1024K, reserved 1048576K
}
Event: 4.072 GC heap before
{Heap before GC invocations=30 (full 0):
 garbage-first heap   total 147456K, used 110592K [0x0000000703200000, 0x0000000800000000)
  region size 2048K, 24 young (49152K), 4 survivors (8192K)
 Metaspace       used 10356K, committed 10560K, reserved 1114112K
  class space    used 1083K, committed 1216K, reserved 1048576K
}
Event: 4.096 GC heap after
{Heap after GC invocations=31 (full 0):
 garbage-first heap   total 147456K, used 87756K [0x0000000703200000, 0x0000000800000000)
  region size 2048K, 3 young (6144K), 3 survivors (6144K)
 Metaspace       used 10356K, committed 10560K, reserved 1114112K
  class space    used 1083K, committed 1216K, reserved 1048576K
}
Event: 4.682 GC heap before
{Heap before GC invocations=31 (full 0):
 garbage-first heap   total 147456K, used 120524K [0x0000000703200000, 0x0000000800000000)
  region size 2048K, 18 young (36864K), 3 survivors (6144K)
 Metaspace       used 10697K, committed 10944K, reserved 1114112K
  class space    used 1089K, committed 1216K, reserved 1048576K
}

Dll operation events (6 events):
Event: 0.006 Loaded shared library C:\Program Files\Java\jdk-21.0.12.1\bin\java.dll
Event: 0.039 Loaded shared library C:\Program Files\Java\jdk-21.0.12.1\bin\jsvml.dll
Event: 0.088 Loaded shared library C:\Program Files\Java\jdk-21.0.12.1\bin\jimage.dll
Event: 0.182 Loaded shared library C:\Program Files\Java\jdk-21.0.12.1\bin\net.dll
Event: 0.184 Loaded shared library C:\Program Files\Java\jdk-21.0.12.1\bin\nio.dll
Event: 0.302 Loaded shared library C:\Program Files\Java\jdk-21.0.12.1\bin\zip.dll

Deoptimization events (20 events):
Event: 4.506 Thread 0x000001b05c420170 Uncommon trap: trap_request=0xffffffde fr.pc=0x000001b06e8c0f20 relative=0x0000000000000520
Event: 4.506 Thread 0x000001b05c420170 Uncommon trap: reason=class_check action=maybe_recompile pc=0x000001b06e8c0f20 method=com.sun.tools.javac.code.Scope$ScopeImpl.lookup(Lcom/sun/tools/javac/util/Name;Ljava/util/function/Predicate;)Lcom/sun/tools/javac/code/Scope$Entry; @ 53 c2
Event: 4.506 Thread 0x000001b05c420170 DEOPT PACKING pc=0x000001b06e8c0f20 sp=0x00000093f7dfe7f0
Event: 4.506 Thread 0x000001b05c420170 DEOPT UNPACKING pc=0x000001b06e1a7da2 sp=0x00000093f7dfe650 mode 2
Event: 4.591 Thread 0x000001b05c420170 Uncommon trap: trap_request=0xffffff45 fr.pc=0x000001b06e8c0ee0 relative=0x00000000000004e0
Event: 4.591 Thread 0x000001b05c420170 Uncommon trap: reason=unstable_if action=reinterpret pc=0x000001b06e8c0ee0 method=com.sun.tools.javac.code.Scope$ScopeImpl.lookup(Lcom/sun/tools/javac/util/Name;Ljava/util/function/Predicate;)Lcom/sun/tools/javac/code/Scope$Entry; @ 19 c2
Event: 4.591 Thread 0x000001b05c420170 DEOPT PACKING pc=0x000001b06e8c0ee0 sp=0x00000093f7dfd6a0
Event: 4.591 Thread 0x000001b05c420170 DEOPT UNPACKING pc=0x000001b06e1a7da2 sp=0x00000093f7dfd500 mode 2
Event: 4.592 Thread 0x000001b05c420170 Uncommon trap: trap_request=0xffffff45 fr.pc=0x000001b06e8c1bd4 relative=0x00000000000004d4
Event: 4.592 Thread 0x000001b05c420170 Uncommon trap: reason=unstable_if action=reinterpret pc=0x000001b06e8c1bd4 method=com.sun.tools.javac.code.Scope$ScopeImpl.lookup(Lcom/sun/tools/javac/util/Name;Ljava/util/function/Predicate;)Lcom/sun/tools/javac/code/Scope$Entry; @ 19 c2
Event: 4.592 Thread 0x000001b05c420170 DEOPT PACKING pc=0x000001b06e8c1bd4 sp=0x00000093f7dfd850
Event: 4.592 Thread 0x000001b05c420170 DEOPT UNPACKING pc=0x000001b06e1a7da2 sp=0x00000093f7dfd740 mode 2
Event: 4.592 Thread 0x000001b05c420170 Uncommon trap: trap_request=0xffffff45 fr.pc=0x000001b06e8c3788 relative=0x0000000000000808
Event: 4.592 Thread 0x000001b05c420170 Uncommon trap: reason=unstable_if action=reinterpret pc=0x000001b06e8c3788 method=com.sun.tools.javac.code.Scope$ScopeImpl.lookup(Lcom/sun/tools/javac/util/Name;Ljava/util/function/Predicate;)Lcom/sun/tools/javac/code/Scope$Entry; @ 19 c2
Event: 4.592 Thread 0x000001b05c420170 DEOPT PACKING pc=0x000001b06e8c3788 sp=0x00000093f7dfd8c0
Event: 4.592 Thread 0x000001b05c420170 DEOPT UNPACKING pc=0x000001b06e1a7da2 sp=0x00000093f7dfd828 mode 2
Event: 4.592 Thread 0x000001b05c420170 Uncommon trap: trap_request=0xffffff45 fr.pc=0x000001b06e8befe4 relative=0x0000000000000284
Event: 4.592 Thread 0x000001b05c420170 Uncommon trap: reason=unstable_if action=reinterpret pc=0x000001b06e8befe4 method=com.sun.tools.javac.code.Scope$ScopeImpl.lookup(Lcom/sun/tools/javac/util/Name;Ljava/util/function/Predicate;)Lcom/sun/tools/javac/code/Scope$Entry; @ 19 c2
Event: 4.592 Thread 0x000001b05c420170 DEOPT PACKING pc=0x000001b06e8befe4 sp=0x00000093f7dfd870
Event: 4.592 Thread 0x000001b05c420170 DEOPT UNPACKING pc=0x000001b06e1a7da2 sp=0x00000093f7dfd820 mode 2

Classes loaded (20 events):
Event: 3.692 Loading class sun/nio/fs/BasicFileAttributesHolder
Event: 3.692 Loading class sun/nio/fs/BasicFileAttributesHolder done
Event: 3.760 Loading class java/util/ComparableTimSort
Event: 3.760 Loading class java/util/ComparableTimSort done
Event: 3.761 Loading class java/lang/invoke/MethodHandle$1
Event: 3.761 Loading class java/lang/invoke/MethodHandle$1 done
Event: 3.809 Loading class java/nio/file/FileTreeWalker$1
Event: 3.809 Loading class java/nio/file/FileTreeWalker$1 done
Event: 3.839 Loading class java/nio/file/Files$2
Event: 3.839 Loading class java/nio/file/Files$2 done
Event: 3.840 Loading class java/util/ImmutableCollections$Access
Event: 3.840 Loading class java/util/ImmutableCollections$Access done
Event: 3.840 Loading class java/util/ImmutableCollections$Access$1
Event: 3.840 Loading class jdk/internal/access/JavaUtilCollectionAccess
Event: 3.840 Loading class jdk/internal/access/JavaUtilCollectionAccess done
Event: 3.840 Loading class java/util/ImmutableCollections$Access$1 done
Event: 3.841 Loading class java/util/stream/Nodes$SpinedNodeBuilder
Event: 3.842 Loading class java/util/stream/Nodes$SpinedNodeBuilder done
Event: 3.943 Loading class java/util/LinkedList$Node
Event: 3.944 Loading class java/util/LinkedList$Node done

Classes unloaded (0 events):
No events

Classes redefined (0 events):
No events

Internal exceptions (20 events):
Event: 0.170 Thread 0x000001b05c420170 Exception <a 'java/lang/NoSuchMethodError'{0x00000007039ecbc0}: 'void java.lang.invoke.DirectMethodHandle$Holder.invokeSpecial(java.lang.Object, java.lang.Object, java.lang.Object)'> (0x00000007039ecbc0) 
thrown [s\open\src\hotspot\share\interpreter\linkResolver.cpp, line 773]
Event: 0.286 Thread 0x000001b05c420170 Exception <a 'java/lang/NoSuchMethodError'{0x0000000703958ac0}: 'java.lang.Object java.lang.invoke.DirectMethodHandle$Holder.invokeVirtual(java.lang.Object, java.lang.Object, java.lang.Object)'> (0x0000000703958ac0) 
thrown [s\open\src\hotspot\share\interpreter\linkResolver.cpp, line 773]
Event: 0.289 Thread 0x000001b05c420170 Exception <a 'java/lang/NoSuchMethodError'{0x0000000703964b40}: 'int java.lang.invoke.DirectMethodHandle$Holder.invokeInterface(java.lang.Object, java.lang.Object)'> (0x0000000703964b40) 
thrown [s\open\src\hotspot\share\interpreter\linkResolver.cpp, line 773]
Event: 0.297 Thread 0x000001b05c420170 Implicit null exception at 0x000001b06e71d680 to 0x000001b06e71d714
Event: 0.317 Thread 0x000001b05c420170 Exception <a 'java/lang/NoSuchMethodError'{0x0000000703823f80}: 'int java.lang.invoke.DirectMethodHandle$Holder.invokeVirtual(java.lang.Object, java.lang.Object, java.lang.Object)'> (0x0000000703823f80) 
thrown [s\open\src\hotspot\share\interpreter\linkResolver.cpp, line 773]
Event: 0.318 Thread 0x000001b05c420170 Exception <a 'java/lang/NoSuchMethodError'{0x0000000703829fd8}: 'void java.lang.invoke.DirectMethodHandle$Holder.invokeInterface(java.lang.Object, java.lang.Object, java.lang.Object)'> (0x0000000703829fd8) 
thrown [s\open\src\hotspot\share\interpreter\linkResolver.cpp, line 773]
Event: 0.426 Thread 0x000001b05c420170 Exception <a 'java/lang/NoSuchMethodError'{0x0000000703939a00}: 'int java.lang.invoke.DirectMethodHandle$Holder.invokeStaticInit(java.lang.Object, java.lang.Object)'> (0x0000000703939a00) 
thrown [s\open\src\hotspot\share\interpreter\linkResolver.cpp, line 773]
Event: 0.516 Thread 0x000001b05c420170 Exception <a 'java/lang/NoSuchMethodError'{0x00000007039ee5c0}: 'int java.lang.invoke.DirectMethodHandle$Holder.invokeVirtual(java.lang.Object, java.lang.Object)'> (0x00000007039ee5c0) 
thrown [s\open\src\hotspot\share\interpreter\linkResolver.cpp, line 773]
Event: 0.528 Thread 0x000001b05c420170 Exception <a 'java/lang/NoSuchMethodError'{0x00000007038106f8}: 'java.lang.Object java.lang.invoke.DirectMethodHandle$Holder.newInvokeSpecial(java.lang.Object, java.lang.Object, java.lang.Object, java.lang.Object, java.lang.Object)'> (0x00000007038106f8) 
thrown [s\open\src\hotspot\share\interpreter\linkResolver.cpp, line 773]
Event: 0.532 Thread 0x000001b05c420170 Exception <a 'java/lang/NoSuchMethodError'{0x000000070381fef0}: 'java.lang.Object java.lang.invoke.DirectMethodHandle$Holder.newInvokeSpecial(java.lang.Object, java.lang.Object, java.lang.Object, java.lang.Object, java.lang.Object, java.lang.Object)'> (0x000000070381fef0) 
thrown [s\open\src\hotspot\share\interpreter\linkResolver.cpp, line 773]
Event: 0.563 Thread 0x000001b05c420170 Exception <a 'sun/nio/fs/WindowsException'{0x00000007038676a8}> (0x00000007038676a8) 
thrown [s\open\src\hotspot\share\prims\jni.cpp, line 520]
Event: 3.510 Thread 0x000001b05c420170 Exception <a 'sun/nio/fs/WindowsException'{0x000000070b7354b0}> (0x000000070b7354b0) 
thrown [s\open\src\hotspot\share\prims\jni.cpp, line 520]
Event: 3.558 Thread 0x000001b05c420170 Implicit null exception at 0x000001b06e788e79 to 0x000001b06e789483
Event: 3.560 Thread 0x000001b05c420170 Exception <a 'java/lang/NoSuchMethodError'{0x000000070b7f65a0}: 'java.lang.Object java.lang.invoke.DirectMethodHandle$Holder.invokeSpecial(java.lang.Object, java.lang.Object, java.lang.Object, int, int)'> (0x000000070b7f65a0) 
thrown [s\open\src\hotspot\share\interpreter\linkResolver.cpp, line 773]
Event: 3.561 Thread 0x000001b05c420170 Exception <a 'java/lang/NoSuchMethodError'{0x000000070b7fc7a0}: 'java.lang.Object java.lang.invoke.DirectMethodHandle$Holder.invokeVirtual(java.lang.Object, java.lang.Object, int)'> (0x000000070b7fc7a0) 
thrown [s\open\src\hotspot\share\interpreter\linkResolver.cpp, line 773]
Event: 3.684 Thread 0x000001b05c420170 Exception <a 'java/lang/NoSuchMethodError'{0x000000070b205fb0}: 'void java.lang.invoke.DirectMethodHandle$Holder.invokeSpecial(java.lang.Object, java.lang.Object, java.lang.Object, java.lang.Object, java.lang.Object)'> (0x000000070b205fb0) 
thrown [s\open\src\hotspot\share\interpreter\linkResolver.cpp, line 773]
Event: 3.759 Thread 0x000001b05c420170 Exception <a 'java/lang/NoSuchMethodError'{0x000000070b13ab10}: 'void java.lang.invoke.DirectMethodHandle$Holder.invokeStatic(java.lang.Object, java.lang.Object)'> (0x000000070b13ab10) 
thrown [s\open\src\hotspot\share\interpreter\linkResolver.cpp, line 773]
Event: 3.881 Thread 0x000001b05c420170 Exception <a 'java/lang/NoSuchMethodError'{0x000000070aba0648}: 'int java.lang.invoke.DirectMethodHandle$Holder.invokeSpecial(java.lang.Object, java.lang.Object, java.lang.Object)'> (0x000000070aba0648) 
thrown [s\open\src\hotspot\share\interpreter\linkResolver.cpp, line 773]
Event: 3.918 Thread 0x000001b05c420170 Exception <a 'java/lang/NoSuchMethodError'{0x000000070a5ab680}: 'java.lang.Object java.lang.invoke.DirectMethodHandle$Holder.invokeVirtual(java.lang.Object, java.lang.Object, java.lang.Object, int, int)'> (0x000000070a5ab680) 
thrown [s\open\src\hotspot\share\interpreter\linkResolver.cpp, line 773]
Event: 3.953 Thread 0x000001b05c420170 Exception <a 'java/lang/NoSuchMethodError'{0x000000070a209b18}: 'java.lang.Object java.lang.invoke.DirectMethodHandle$Holder.invokeInterface(java.lang.Object, java.lang.Object)'> (0x000000070a209b18) 
thrown [s\open\src\hotspot\share\interpreter\linkResolver.cpp, line 773]

ZGC Phase Switch (0 events):
No events

VM Operations (20 events):
Event: 3.632 Executing VM operation: HandshakeAllThreads (Deoptimize) done
Event: 3.632 Executing VM operation: HandshakeAllThreads (Deoptimize)
Event: 3.632 Executing VM operation: HandshakeAllThreads (Deoptimize) done
Event: 3.641 Executing VM operation: HandshakeAllThreads (Deoptimize)
Event: 3.641 Executing VM operation: HandshakeAllThreads (Deoptimize) done
Event: 3.782 Executing VM operation: ICBufferFull
Event: 3.782 Executing VM operation: ICBufferFull done
Event: 3.921 Executing VM operation: HandshakeAllThreads (Deoptimize)
Event: 3.921 Executing VM operation: HandshakeAllThreads (Deoptimize) done
Event: 4.016 Executing VM operation: ICBufferFull
Event: 4.016 Executing VM operation: ICBufferFull done
Event: 4.072 Executing VM operation: G1CollectForAllocation (G1 Evacuation Pause)
Event: 4.097 Executing VM operation: G1CollectForAllocation (G1 Evacuation Pause) done
Event: 4.308 Executing VM operation: ICBufferFull
Event: 4.308 Executing VM operation: ICBufferFull done
Event: 4.509 Executing VM operation: HandshakeAllThreads (Deoptimize)
Event: 4.509 Executing VM operation: HandshakeAllThreads (Deoptimize) done
Event: 4.594 Executing VM operation: ICBufferFull
Event: 4.594 Executing VM operation: ICBufferFull done
Event: 4.682 Executing VM operation: G1CollectForAllocation (G1 Evacuation Pause)

Events (20 events):
Event: 2.467 Thread 0x000001b05e824380 flushing nmethod 0x000001b066c63e90
Event: 2.467 Thread 0x000001b05e824380 flushing nmethod 0x000001b066c76690
Event: 2.467 Thread 0x000001b05e824380 flushing nmethod 0x000001b066c76b90
Event: 2.467 Thread 0x000001b05e824380 flushing nmethod 0x000001b066c89010
Event: 2.467 Thread 0x000001b05e824380 flushing nmethod 0x000001b066ca1710
Event: 2.467 Thread 0x000001b05e824380 flushing nmethod 0x000001b066ce1b90
Event: 2.467 Thread 0x000001b05e824380 flushing nmethod 0x000001b066d9cc90
Event: 2.467 Thread 0x000001b05e824380 flushing nmethod 0x000001b066d9f590
Event: 2.467 Thread 0x000001b05e824380 flushing nmethod 0x000001b066eba110
Event: 2.467 Thread 0x000001b05e824380 flushing nmethod 0x000001b066ecb590
Event: 2.467 Thread 0x000001b05e824380 flushing nmethod 0x000001b066f0a890
Event: 2.467 Thread 0x000001b05e824380 flushing nmethod 0x000001b066f17e90
Event: 2.467 Thread 0x000001b05e824380 flushing nmethod 0x000001b066f18510
Event: 2.467 Thread 0x000001b05e824380 flushing nmethod 0x000001b066f1af90
Event: 2.467 Thread 0x000001b05e824380 flushing nmethod 0x000001b066f1b690
Event: 2.467 Thread 0x000001b05e824380 flushing nmethod 0x000001b066f39e90
Event: 2.467 Thread 0x000001b05e824380 flushing nmethod 0x000001b06703cb90
Event: 2.467 Thread 0x000001b05e824380 flushing nmethod 0x000001b067049490
Event: 3.505 Thread 0x000001b07d841170 Thread exited: 0x000001b07d841170
Event: 3.976 Thread 0x000001b07d8425e0 Thread added: 0x000001b07d8425e0


Dynamic libraries:
0x00007ff6ecc80000 - 0x00007ff6ecc88000 	C:\Program Files\Java\jdk-21.0.12.1\bin\javac.exe
0x00007ffd66d50000 - 0x00007ffd66f48000 	C:\Windows\SYSTEM32\ntdll.dll
0x00007ffd650e0000 - 0x00007ffd651a2000 	C:\Windows\System32\KERNEL32.DLL
0x00007ffd647c0000 - 0x00007ffd64ab6000 	C:\Windows\System32\KERNELBASE.dll
0x00007ffd64470000 - 0x00007ffd64570000 	C:\Windows\System32\ucrtbase.dll
0x00007ffd3a630000 - 0x00007ffd3a64e000 	C:\Program Files\Java\jdk-21.0.12.1\bin\VCRUNTIME140.dll
0x00007ffd3b0b0000 - 0x00007ffd3b0c9000 	C:\Program Files\Java\jdk-21.0.12.1\bin\jli.dll
0x00007ffd65610000 - 0x00007ffd656c1000 	C:\Windows\System32\ADVAPI32.dll
0x00007ffd667a0000 - 0x00007ffd6683e000 	C:\Windows\System32\msvcrt.dll
0x00007ffd64f50000 - 0x00007ffd64fef000 	C:\Windows\System32\sechost.dll
0x00007ffd65930000 - 0x00007ffd65a50000 	C:\Windows\System32\RPCRT4.dll
0x00007ffd64620000 - 0x00007ffd64647000 	C:\Windows\System32\bcrypt.dll
0x00007ffd65440000 - 0x00007ffd655e1000 	C:\Windows\System32\USER32.dll
0x00007ffd645f0000 - 0x00007ffd64612000 	C:\Windows\System32\win32u.dll
0x00007ffd65b00000 - 0x00007ffd65b2b000 	C:\Windows\System32\GDI32.dll
0x00007ffd64650000 - 0x00007ffd64769000 	C:\Windows\System32\gdi32full.dll
0x00007ffd64c20000 - 0x00007ffd64cbd000 	C:\Windows\System32\msvcp_win.dll
0x00007ffd58820000 - 0x00007ffd58abb000 	C:\Windows\WinSxS\amd64_microsoft.windows.common-controls_6595b64144ccf1df_6.0.19041.6456_none_60b8a6cb71f64256\COMCTL32.dll
0x00007ffd57610000 - 0x00007ffd5761a000 	C:\Windows\SYSTEM32\VERSION.dll
0x00007ffd65ad0000 - 0x00007ffd65aff000 	C:\Windows\System32\IMM32.DLL
0x00007ffd555f0000 - 0x00007ffd555fc000 	C:\Program Files\Java\jdk-21.0.12.1\bin\vcruntime140_1.dll
0x00007ffd14e50000 - 0x00007ffd14edd000 	C:\Program Files\Java\jdk-21.0.12.1\bin\msvcp140.dll
0x00007ffceee10000 - 0x00007ffcefb38000 	C:\Program Files\Java\jdk-21.0.12.1\bin\server\jvm.dll
0x00007ffd64ee0000 - 0x00007ffd64f4b000 	C:\Windows\System32\WS2_32.dll
0x00007ffd63920000 - 0x00007ffd6396b000 	C:\Windows\SYSTEM32\POWRPROF.dll
0x00007ffd57460000 - 0x00007ffd57487000 	C:\Windows\SYSTEM32\WINMM.dll
0x00007ffd637e0000 - 0x00007ffd637f2000 	C:\Windows\SYSTEM32\UMPDC.dll
0x00007ffd62be0000 - 0x00007ffd62bf2000 	C:\Windows\SYSTEM32\kernel.appcore.dll
0x00007ffd47450000 - 0x00007ffd4745a000 	C:\Program Files\Java\jdk-21.0.12.1\bin\jimage.dll
0x00007ffd628d0000 - 0x00007ffd62ad1000 	C:\Windows\SYSTEM32\DBGHELP.DLL
0x00007ffd57350000 - 0x00007ffd57384000 	C:\Windows\SYSTEM32\dbgcore.DLL
0x00007ffd643e0000 - 0x00007ffd64462000 	C:\Windows\System32\bcryptPrimitives.dll
0x00007ffd14f40000 - 0x00007ffd14f61000 	C:\Program Files\Java\jdk-21.0.12.1\bin\java.dll
0x00007ffd65f60000 - 0x00007ffd666d0000 	C:\Windows\System32\SHELL32.dll
0x00007ffd62060000 - 0x00007ffd62805000 	C:\Windows\SYSTEM32\windows.storage.dll
0x00007ffd65c00000 - 0x00007ffd65f54000 	C:\Windows\System32\combase.dll
0x00007ffd63e10000 - 0x00007ffd63e3b000 	C:\Windows\SYSTEM32\Wldp.dll
0x00007ffd65b30000 - 0x00007ffd65bfd000 	C:\Windows\System32\OLEAUT32.dll
0x00007ffd666f0000 - 0x00007ffd6679d000 	C:\Windows\System32\SHCORE.dll
0x00007ffd64e80000 - 0x00007ffd64edb000 	C:\Windows\System32\shlwapi.dll
0x00007ffd64310000 - 0x00007ffd64334000 	C:\Windows\SYSTEM32\profapi.dll
0x00007ffd144a0000 - 0x00007ffd14577000 	C:\Program Files\Java\jdk-21.0.12.1\bin\jsvml.dll
0x00007ffd3a610000 - 0x00007ffd3a621000 	C:\Program Files\Java\jdk-21.0.12.1\bin\net.dll
0x00007ffd5e8f0000 - 0x00007ffd5e9fa000 	C:\Windows\SYSTEM32\WINHTTP.dll
0x00007ffd63b70000 - 0x00007ffd63bda000 	C:\Windows\system32\mswsock.dll
0x00007ffd14e30000 - 0x00007ffd14e46000 	C:\Program Files\Java\jdk-21.0.12.1\bin\nio.dll
0x00007ffd14e10000 - 0x00007ffd14e28000 	C:\Program Files\Java\jdk-21.0.12.1\bin\zip.dll

dbghelp: loaded successfully - version: 4.0.5 - missing functions: none
symbol engine: initialized successfully - sym options: 0x614 - pdb path: .;C:\Program Files\Java\jdk-21.0.12.1\bin;C:\Windows\SYSTEM32;C:\Windows\WinSxS\amd64_microsoft.windows.common-controls_6595b64144ccf1df_6.0.19041.6456_none_60b8a6cb71f64256;C:\Program Files\Java\jdk-21.0.12.1\bin\server

VM Arguments:
jvm_args: -Dapplication.home=C:\Program Files\Java\jdk-21.0.12.1 --add-modules=ALL-DEFAULT -Xms8m -Djdk.module.main=jdk.compiler 
java_command: jdk.compiler/com.sun.tools.javac.Main -encoding UTF-8 -cp lib\flatlaf-3.4.1.jar;lib\flatlaf-intellij-themes-3.6.1.jar;lib\NgocRongOnline.jar;lib\okhttp-3.0.0.jar;lib\pcap4j-core-1.7.4.jar -d out @sources.txt
java_class_path (initial): <not set>
Launcher Type: SUN_STANDARD

[Global flags]
     intx CICompilerCount                          = 4                                         {product} {ergonomic}
     uint ConcGCThreads                            = 2                                         {product} {ergonomic}
     uint G1ConcRefinementThreads                  = 8                                         {product} {ergonomic}
   size_t G1HeapRegionSize                         = 2097152                                   {product} {ergonomic}
    uintx GCDrainStackTargetSize                   = 64                                        {product} {ergonomic}
   size_t InitialHeapSize                          = 8388608                                   {product} {command line}
   size_t MarkStackSize                            = 4194304                                   {product} {ergonomic}
   size_t MaxHeapSize                              = 4242538496                                {product} {ergonomic}
   size_t MaxNewSize                               = 2543845376                                {product} {ergonomic}
   size_t MinHeapDeltaBytes                        = 2097152                                   {product} {ergonomic}
   size_t MinHeapSize                              = 8388608                                   {product} {command line}
    uintx NonNMethodCodeHeapSize                   = 5839372                                {pd product} {ergonomic}
    uintx NonProfiledCodeHeapSize                  = 122909434                              {pd product} {ergonomic}
    uintx ProfiledCodeHeapSize                     = 122909434                              {pd product} {ergonomic}
    uintx ReservedCodeCacheSize                    = 251658240                              {pd product} {ergonomic}
     bool SegmentedCodeCache                       = true                                      {product} {ergonomic}
   size_t SoftMaxHeapSize                          = 4242538496                             {manageable} {ergonomic}
     bool UseCompressedOops                        = true                           {product lp64_product} {ergonomic}
     bool UseG1GC                                  = true                                      {product} {ergonomic}
     bool UseLargePagesIndividualAllocation        = false                                  {pd product} {ergonomic}

Logging:
Log output configuration:
 #0: stdout all=warning uptime,level,tags foldmultilines=false
 #1: stderr all=off uptime,level,tags foldmultilines=false

Environment Variables:
JAVA_HOME=C:\Program Files\Java\jdk-21
PATH=C:\Program Files\Common Files\Oracle\Java\javapath;C:\Program Files (x86)\Common Files\Oracle\Java\java8path;C:\Program Files (x86)\Common Files\Oracle\Java\javapath;C:\Windows\system32;C:\Windows;C:\Windows\System32\Wbem;C:\Windows\System32\WindowsPowerShell\v1.0\;C:\Windows\System32\OpenSSH\;C:\Program Files\dotnet\;C:\Program Files\Microsoft SQL Server\150\Tools\Binn\;C:\Program Files\Microsoft SQL Server\Client SDK\ODBC\170\Tools\Binn\;C:\Program Files (x86)\Microsoft SQL Server\160\DTS\Binn\;C:\Program Files (x86)\Microsoft SQL Server\160\Tools\Binn\;C:\Program Files\Microsoft SQL Server\160\Tools\Binn\;C:\Program Files\Microsoft SQL Server\160\DTS\Binn\;C:\Program Files\Git\cmd;C:\Program Files\nodejs\;C:\Program Files (x86)\NVIDIA Corporation\PhysX\Common;C:\Users\admin\Downloads\oc;C:\Program Files\Docker\Docker\resources\bin;C:\Program Files\Cloudflare\Cloudflare WARP\;c:\Users\admin\AppData\Local\Programs\cursor\resources\app\bin;C:\apache-maven-3.9.11\bin;C:\Program Files\cursor\resources\app\bin ;C:\Program Files\Java\jdk-21\bin;C:\Windows\system32\config\systemprofile\AppData\Local\Microsoft\WindowsApps;C:\Windows\system32\config\systemprofile\.dotnet\tools;C:\Users\admin\AppData\Local\Programs\Microsoft VS Code\bin;C:\Users\admin\AppData\Roaming\npm;C:\Program Files\nodejs\;C:\Users\admin\AppData\Local\Python\bin;C:\Users\admin\AppData\Local\Programs\Lens\resources\cli\bin;C:\Users\admin\AppData\Local\Unity\bin
USERNAME=admin
OS=Windows_NT
PROCESSOR_IDENTIFIER=Intel64 Family 6 Model 140 Stepping 1, GenuineIntel
TMP=C:\Users\admin\AppData\Local\Temp
TEMP=C:\Users\admin\AppData\Local\Temp




Periodic native trim disabled

---------------  S Y S T E M  ---------------

OS:
 Windows 10 , 64 bit Build 19041 (10.0.19041.5915)
OS uptime: 0 days 12:07 hours

CPU: total 8 (initial active 8) (4 cores per cpu, 2 threads per core) family 6 model 140 stepping 1 microcode 0x86, cx8, cmov, fxsr, ht, mmx, 3dnowpref, sse, sse2, sse3, ssse3, sse4.1, sse4.2, popcnt, lzcnt, tsc, tscinvbit, avx, avx2, aes, erms, clmul, bmi1, bmi2, adx, avx512f, avx512dq, avx512cd, avx512bw, avx512vl, sha, fma, vzeroupper, avx512_vpopcntdq, avx512_vpclmulqdq, avx512_vaes, avx512_vnni, clflush, clflushopt, clwb, avx512_vbmi2, avx512_vbmi, rdtscp, rdpid, fsrm, gfni, avx512_bitalg, f16c, pku, cet_ibt, cet_ss, avx512_ifma
Processor Information for all 8 processors :
  Max Mhz: 3110, Current Mhz: 3110, Mhz Limit: 3110

Memory: 4k page, system-wide physical 16179M (2174M free)
TotalPageFile size 20105M (AvailPageFile size 9M)
current process WorkingSet (physical memory assigned to process): 249M, peak: 252M
current process commit charge ("private bytes"): 279M, peak: 365M

vm_info: Java HotSpot(TM) 64-Bit Server VM (21.0.12.1+1-LTS-4) for windows-amd64 JRE (21.0.12.1+1-LTS-4), built on 2026-07-15T18:25:55Z by "mach5run" with MS VC++ 17.13 (VS2022)

END.
